01-24 16:48:05.843   770   770 E android.hardware.power@1.1-service.wahoo: Governor not supported by powerHAL, skipping
01-24 16:48:06.367 21250 21250 I chatty  : uid=10136 com.futuremark.pcmark.android.benchmark:workload expire 26 lines
01-24 16:48:06.662 21250 21267 I chatty  : uid=10136 com.futuremark.pcmark.android.benchmark:workload expire 192 lines
01-24 16:48:06.876   770   770 E android.hardware.power@1.1-service.wahoo: Governor not supported by powerHAL, skipping
01-24 16:48:06.908   770   770 E android.hardware.power@1.1-service.wahoo: Governor not supported by powerHAL, skipping
01-24 16:48:06.966   770   770 E android.hardware.power@1.1-service.wahoo: Governor not supported by powerHAL, skipping
01-24 16:48:06.990   770   770 E android.hardware.power@1.1-service.wahoo: Governor not supported by powerHAL, skipping
01-24 16:48:07.522   770   770 I chatty  : uid=1000(system) power@1.1-servi identical 10 lines
01-24 16:48:07.533   770   770 E android.hardware.power@1.1-service.wahoo: Governor not supported by powerHAL, skipping
01-24 16:48:07.807 21250 21284 I chatty  : uid=10136 com.futuremark.pcmark.android.benchmark:workload expire 1 line
01-24 16:48:07.809   770   770 E android.hardware.power@1.1-service.wahoo: Governor not supported by powerHAL, skipping
01-24 16:48:07.834   770   770 E android.hardware.power@1.1-service.wahoo: Governor not supported by powerHAL, skipping
01-24 16:48:11.885   770   770 E android.hardware.power@1.1-service.wahoo: Governor not supported by powerHAL, skipping
01-24 16:48:11.903   770   770 E android.hardware.power@1.1-service.wahoo: Governor not supported by powerHAL, skipping
01-24 16:48:12.809 21250 21286 I chatty  : uid=10136 com.futuremark.pcmark.android.benchmark:workload expire 1 line
01-24 16:48:12.810   770   770 E android.hardware.power@1.1-service.wahoo: Governor not supported by powerHAL, skipping
01-24 16:48:12.822   770   770 E android.hardware.power@1.1-service.wahoo: Governor not supported by powerHAL, skipping
01-24 16:48:13.881   770   770 E android.hardware.power@1.1-service.wahoo: Governor not supported by powerHAL, skipping
01-24 16:48:13.899   770   770 E android.hardware.power@1.1-service.wahoo: Governor not supported by powerHAL, skipping
01-24 16:48:14.256  1539  1539 E QtiImsExtUtils: getConfigForPhoneId phoneId is invalid
01-24 16:48:14.256  1539  1539 E QtiImsExtUtils: isCarrierConfigEnabled bundle is null
01-24 16:48:14.256   770   770 E android.hardware.power@1.1-service.wahoo: Governor not supported by powerHAL, skipping
01-24 16:48:14.323   770   770 E android.hardware.power@1.1-service.wahoo: Governor not supported by powerHAL, skipping
01-24 16:48:17.810 21250 21269 I chatty  : uid=10136 com.futuremark.pcmark.android.benchmark:workload expire 1 line
01-24 16:48:17.811   770   770 E android.hardware.power@1.1-service.wahoo: Governor not supported by powerHAL, skipping
01-24 16:48:17.827   770   770 E android.hardware.power@1.1-service.wahoo: Governor not supported by powerHAL, skipping
01-24 16:48:18.648  1539  1539 E QtiImsExtUtils: getConfigForPhoneId phoneId is invalid
01-24 16:48:18.648  1539  1539 E QtiImsExtUtils: isCarrierConfigEnabled bundle is null
01-24 16:48:18.711 21250 21267 I chatty  : uid=10136 com.futuremark.pcmark.android.benchmark:workload expire 112 lines
01-24 16:48:21.880   770   770 E android.hardware.power@1.1-service.wahoo: Governor not supported by powerHAL, skipping
01-24 16:48:21.898   770   770 E android.hardware.power@1.1-service.wahoo: Governor not supported by powerHAL, skipping
01-24 16:48:22.811 21250 21270 I chatty  : uid=10136 com.futuremark.pcmark.android.benchmark:workload expire 1 line
01-24 16:48:22.811 21250 21250 I chatty  : uid=10136 com.futuremark.pcmark.android.benchmark:workload expire 14 lines
01-24 16:48:24.811 21250 21278 I chatty  : uid=10136 com.futuremark.pcmark.android.benchmark:workload expire 2 lines
01-24 16:48:24.813   770   770 E android.hardware.power@1.1-service.wahoo: Governor not supported by powerHAL, skipping
01-24 16:48:24.833   770   770 E android.hardware.power@1.1-service.wahoo: Governor not supported by powerHAL, skipping
01-24 16:48:24.874   770   770 E android.hardware.power@1.1-service.wahoo: Governor not supported by powerHAL, skipping
01-24 16:48:25.062   770   770 E android.hardware.power@1.1-service.wahoo: Governor not supported by powerHAL, skipping
01-24 16:48:25.404   770   770 E android.hardware.power@1.1-service.wahoo: Governor not supported by powerHAL, skipping
01-24 16:48:25.436   770   770 E android.hardware.power@1.1-service.wahoo: Governor not supported by powerHAL, skipping
01-24 16:48:25.453   770   770 E android.hardware.power@1.1-service.wahoo: Governor not supported by powerHAL, skipping
01-24 16:48:25.509   770   770 E android.hardware.power@1.1-service.wahoo: Governor not supported by powerHAL, skipping
01-24 16:48:25.518   770   770 E android.hardware.power@1.1-service.wahoo: Governor not supported by powerHAL, skipping
01-24 16:48:25.526   770   770 I chatty  : uid=1000(system) power@1.1-servi identical 9 lines
01-24 16:48:25.536   770   770 E android.hardware.power@1.1-service.wahoo: Governor not supported by powerHAL, skipping
01-24 16:48:25.550 21250 21250 I chatty  : uid=10136 com.futuremark.pcmark.android.benchmark:workload expire 39 lines
01-24 16:48:25.743 21250 21267 I chatty  : uid=10136 com.futuremark.pcmark.android.benchmark:workload expire 192 lines
01-24 16:48:27.368 21250 21282 I chatty  : uid=10136 com.futuremark.pcmark.android.benchmark:workload expire 2 lines
01-24 16:48:27.400   770   770 E android.hardware.power@1.1-service.wahoo: Governor not supported by powerHAL, skipping
01-24 16:48:27.421   770   770 E android.hardware.power@1.1-service.wahoo: Governor not supported by powerHAL, skipping
01-24 16:48:27.437   770   770 E android.hardware.power@1.1-service.wahoo: Governor not supported by powerHAL, skipping
01-24 16:48:27.448   770   770 E android.hardware.power@1.1-service.wahoo: Governor not supported by powerHAL, skipping
01-24 16:48:27.510   770   770 E android.hardware.power@1.1-service.wahoo: Governor not supported by powerHAL, skipping
01-24 16:48:27.519   770   770 E android.hardware.power@1.1-service.wahoo: Governor not supported by powerHAL, skipping
01-24 16:48:27.532   770   770 E android.hardware.power@1.1-service.wahoo: Governor not supported by powerHAL, skipping
01-24 16:48:29.369 21250 21284 I chatty  : uid=10136 com.futuremark.pcmark.android.benchmark:workload expire 2 lines
01-24 16:48:29.394   770   770 E android.hardware.power@1.1-service.wahoo: Governor not supported by powerHAL, skipping
01-24 16:48:29.416   770   770 E android.hardware.power@1.1-service.wahoo: Governor not supported by powerHAL, skipping
01-24 16:48:29.438   770   770 E android.hardware.power@1.1-service.wahoo: Governor not supported by powerHAL, skipping
01-24 16:48:29.463   770   770 E android.hardware.power@1.1-service.wahoo: Governor not supported by powerHAL, skipping
01-24 16:48:29.511   770   770 E android.hardware.power@1.1-service.wahoo: Governor not supported by powerHAL, skipping
01-24 16:48:29.516   770   770 E android.hardware.power@1.1-service.wahoo: Governor not supported by powerHAL, skipping
01-24 16:48:29.520   770   770 E android.hardware.power@1.1-service.wahoo: Governor not supported by powerHAL, skipping
01-24 16:48:29.544   770   770 E android.hardware.power@1.1-service.wahoo: Governor not supported by powerHAL, skipping
01-24 16:48:31.371 21250 21286 I chatty  : uid=10136 com.futuremark.pcmark.android.benchmark:workload expire 2 lines
01-24 16:48:31.406   770   770 E android.hardware.power@1.1-service.wahoo: Governor not supported by powerHAL, skipping
01-24 16:48:31.428   770   770 E android.hardware.power@1.1-service.wahoo: Governor not supported by powerHAL, skipping
01-24 16:48:31.440   770   770 E android.hardware.power@1.1-service.wahoo: Governor not supported by powerHAL, skipping
01-24 16:48:31.455   770   770 E android.hardware.power@1.1-service.wahoo: Governor not supported by powerHAL, skipping
01-24 16:48:31.513   770   770 E android.hardware.power@1.1-service.wahoo: Governor not supported by powerHAL, skipping
01-24 16:48:31.522   770   770 E android.hardware.power@1.1-service.wahoo: Governor not supported by powerHAL, skipping
01-24 16:48:31.539   770   770 E android.hardware.power@1.1-service.wahoo: Governor not supported by powerHAL, skipping
01-24 16:48:33.372 21250 21270 I chatty  : uid=10136 com.futuremark.pcmark.android.benchmark:workload expire 1 line
01-24 16:48:33.402   770   770 E android.hardware.power@1.1-service.wahoo: Governor not supported by powerHAL, skipping
01-24 16:48:33.423   770   770 E android.hardware.power@1.1-service.wahoo: Governor not supported by powerHAL, skipping
01-24 16:48:33.441   770   770 E android.hardware.power@1.1-service.wahoo: Governor not supported by powerHAL, skipping
01-24 16:48:33.450   770   770 E android.hardware.power@1.1-service.wahoo: Governor not supported by powerHAL, skipping
01-24 16:48:33.513   770   770 E android.hardware.power@1.1-service.wahoo: Governor not supported by powerHAL, skipping
01-24 16:48:33.523   770   770 E android.hardware.power@1.1-service.wahoo: Governor not supported by powerHAL, skipping
01-24 16:48:33.534   770   770 E android.hardware.power@1.1-service.wahoo: Governor not supported by powerHAL, skipping
01-24 16:48:35.414   770   770 E android.hardware.power@1.1-service.wahoo: Governor not supported by powerHAL, skipping
01-24 16:48:35.435   770   770 E android.hardware.power@1.1-service.wahoo: Governor not supported by powerHAL, skipping
01-24 16:48:35.441   770   770 E android.hardware.power@1.1-service.wahoo: Governor not supported by powerHAL, skipping
01-24 16:48:35.463   770   770 E android.hardware.power@1.1-service.wahoo: Governor not supported by powerHAL, skipping
01-24 16:48:35.514   770   770 E android.hardware.power@1.1-service.wahoo: Governor not supported by powerHAL, skipping
01-24 16:48:35.519   770   770 E android.hardware.power@1.1-service.wahoo: Governor not supported by powerHAL, skipping
01-24 16:48:35.524   770   770 E android.hardware.power@1.1-service.wahoo: Governor not supported by powerHAL, skipping
01-24 16:48:35.546   770   770 E android.hardware.power@1.1-service.wahoo: Governor not supported by powerHAL, skipping
01-24 16:48:37.428   770   770 E android.hardware.power@1.1-service.wahoo: Governor not supported by powerHAL, skipping
01-24 16:48:37.428 21250 21250 I chatty  : uid=10136 com.futuremark.pcmark.android.benchmark:workload expire 55 lines
01-24 16:48:37.429   770   770 E android.hardware.power@1.1-service.wahoo: Governor not supported by powerHAL, skipping
01-24 16:48:37.796 21250 21267 I chatty  : uid=10136 com.futuremark.pcmark.android.benchmark:workload expire 176 lines
01-24 16:48:38.444   770   770 E android.hardware.power@1.1-service.wahoo: Governor not supported by powerHAL, skipping
01-24 16:48:38.455   770   770 E android.hardware.power@1.1-service.wahoo: Governor not supported by powerHAL, skipping
01-24 16:48:38.535   770   770 E android.hardware.power@1.1-service.wahoo: Governor not supported by powerHAL, skipping
01-24 16:48:38.552   770   770 E android.hardware.power@1.1-service.wahoo: Governor not supported by powerHAL, skipping
01-24 16:48:38.605   770   770 E android.hardware.power@1.1-service.wahoo: Governor not supported by powerHAL, skipping
01-24 16:48:38.622   770   770 E android.hardware.power@1.1-service.wahoo: Governor not supported by powerHAL, skipping
01-24 16:48:38.800  1539  1539 E QtiImsExtUtils: getConfigForPhoneId phoneId is invalid
01-24 16:48:38.800  1539  1539 E QtiImsExtUtils: isCarrierConfigEnabled bundle is null
01-24 16:48:38.800   770   770 E android.hardware.power@1.1-service.wahoo: Governor not supported by powerHAL, skipping
01-24 16:48:38.818   770   770 E android.hardware.power@1.1-service.wahoo: Governor not supported by powerHAL, skipping
01-24 16:48:39.108   770   770 E android.hardware.power@1.1-service.wahoo: Governor not supported by powerHAL, skipping
01-24 16:48:39.378   770   770 E android.hardware.power@1.1-service.wahoo: Governor not supported by powerHAL, skipping
01-24 16:48:39.391   770   770 E android.hardware.power@1.1-service.wahoo: Governor not supported by powerHAL, skipping
01-24 16:48:39.426   770   770 E android.hardware.power@1.1-service.wahoo: Governor not supported by powerHAL, skipping
01-24 16:48:39.430   770   770 E android.hardware.power@1.1-service.wahoo: Governor not supported by powerHAL, skipping
01-24 16:48:39.655 21250 21250 I chatty  : uid=10136 com.futuremark.pcmark.android.benchmark:workload expire 38 lines
01-24 16:48:40.447   770   770 E android.hardware.power@1.1-service.wahoo: Governor not supported by powerHAL, skipping
01-24 16:48:40.466   770   770 E android.hardware.power@1.1-service.wahoo: Governor not supported by powerHAL, skipping
01-24 16:48:40.536   770   770 E android.hardware.power@1.1-service.wahoo: Governor not supported by powerHAL, skipping
01-24 16:48:40.546   770   770 E android.hardware.power@1.1-service.wahoo: Governor not supported by powerHAL, skipping
01-24 16:48:40.597   770   770 E android.hardware.power@1.1-service.wahoo: Governor not supported by powerHAL, skipping
01-24 16:48:40.617   770   770 E android.hardware.power@1.1-service.wahoo: Governor not supported by powerHAL, skipping
01-24 16:48:41.054   770   770 E android.hardware.power@1.1-service.wahoo: Governor not supported by powerHAL, skipping
01-24 16:48:41.094   770   770 I chatty  : uid=1000(system) power@1.1-servi identical 4 lines
01-24 16:48:41.104   770   770 E android.hardware.power@1.1-service.wahoo: Governor not supported by powerHAL, skipping
01-24 16:48:41.378 21250 21270 I chatty  : uid=10136 com.futuremark.pcmark.android.benchmark:workload expire 1 line
01-24 16:48:41.379   770   770 E android.hardware.power@1.1-service.wahoo: Governor not supported by powerHAL, skipping
01-24 16:48:41.401   770   770 E android.hardware.power@1.1-service.wahoo: Governor not supported by powerHAL, skipping
01-24 16:48:44.129  1132  1280 I WifiService: getConnectionInfo uid=10015
01-24 16:48:44.130  1132  1280 D WifiPermissionsUtil: Denied: no location permission
01-24 16:48:44.130  1132  1280 D WifiPermissionsUtil: Denied: The current config is not for an open network.
01-24 16:48:44.149  1132  1280 W SchedPolicy: add_tid_to_cgroup failed to write '2509' (No space left on device); fd=4
01-24 16:48:44.172  1132  2253 I WifiService: getConnectionInfo uid=10015
01-24 16:48:44.175  1132  1280 I ActivityManager: Start proc 21300:com.google.android.gms.learning/u0a15 for service com.google.android.gms/.learning.training.background.TrainingGcmTaskService
01-24 16:48:44.176  1132  2253 D WifiPermissionsUtil: Denied: no location permission
01-24 16:48:44.176  1132  2253 D WifiPermissionsUtil: Denied: The current config is not for an open network.
01-24 16:48:44.184 21300 21300 I zygote64: The ClassLoaderContext is a special shared library.
01-24 16:48:44.185 21300 21300 I zygote64: The ClassLoaderContext is a special shared library.
01-24 16:48:44.196 21300 21300 I LoadedApk: No resource references to update in package FFFFFFFFFFFFFFFFFFFFFF
01-24 16:48:44.209 21300 21300 W linker  : "/data/app/com.google.android.gms-lFT57Tq2QxBafT9bsa6fAQ==/lib/arm64/libconscrypt_gmscore_jni.so" unused DT entry: type 0xf arg 0x8a
01-24 16:48:44.209 21300 21300 V NativeCrypto: Registering com/google/android/gms/org/conscrypt/NativeCrypto's 276 native methods...
01-24 16:48:44.212  1132  2253 W SchedPolicy: add_tid_to_cgroup failed to write '2509' (No space left on device); fd=4
01-24 16:48:44.216  2509 21315 I EventLogChimeraService: Aggregate from 1516810844196 (log), 1516810844196 (data)
01-24 16:48:44.218 21300 21300 D NetworkSecurityConfig: No Network Security Config specified, using platform default
01-24 16:48:44.219 21300 21300 I ProviderInstaller: Installed default security provider GmsCore_OpenSSL
01-24 16:48:44.227  1539  1539 E QtiImsExtUtils: getConfigForPhoneId phoneId is invalid
01-24 16:48:44.227  1539  1539 E QtiImsExtUtils: isCarrierConfigEnabled bundle is null
01-24 16:48:44.279 21300 21300 I DynamiteModule: Considering local module com.google.android.gms.brella_dynamite:0 and remote module com.google.android.gms.brella_dynamite:121
01-24 16:48:44.279 21300 21300 I DynamiteModule: Selected remote version of com.google.android.gms.brella_dynamite, version >= 121
01-24 16:48:44.283 21300 21300 W zygote64: Unsupported class loader
01-24 16:48:44.284 21300 21300 W zygote64: Skipping duplicate class check due to unsupported classloader
01-24 16:48:44.314  1132  2253 W SchedPolicy: add_tid_to_cgroup failed to write '19840' (No space left on device); fd=4
01-24 16:48:44.315  1132  2255 W SchedPolicy: add_tid_to_cgroup failed to write '21300' (No space left on device); fd=4
01-24 16:48:44.509 21300 21300 I gcm-task#1: type=1400 audit(0.0:2031): avc: denied { call } for scontext=u:r:priv_app:s0:c512,c768 tcontext=u:r:hal_memtrack_default:s0 tclass=binder permissive=1
01-24 16:48:44.628 21300 21324 W native  : tensor_slice_reader_cache.cc:71 Caching disabled because the open function is a lambda or RTTI is not enabled in this build.
01-24 16:48:44.645 21300 21324 I chatty  : uid=10015 com.google.android.gms.learning identical 7 lines
01-24 16:48:44.647 21300 21324 W native  : tensor_slice_reader_cache.cc:71 Caching disabled because the open function is a lambda or RTTI is not enabled in this build.
01-24 16:48:45.442   770   770 E android.hardware.power@1.1-service.wahoo: Governor not supported by powerHAL, skipping
01-24 16:48:45.462   770   770 E android.hardware.power@1.1-service.wahoo: Governor not supported by powerHAL, skipping
01-24 16:48:46.379 21250 21282 I chatty  : uid=10136 com.futuremark.pcmark.android.benchmark:workload expire 1 line
01-24 16:48:46.381   770   770 E android.hardware.power@1.1-service.wahoo: Governor not supported by powerHAL, skipping
01-24 16:48:46.398   770   770 E android.hardware.power@1.1-service.wahoo: Governor not supported by powerHAL, skipping
01-24 16:48:46.423  2113  2125 E NetworkScheduler.ATC: Received callback from client for task that is already complete. ComponentInfo{com.google.android.gms/com.google.android.gms.learning.training.background.TrainingGcmTaskService} com.google.android.gms.learning.BACKGROUND_TRAINING_TASK
01-24 16:48:47.438   770   770 E android.hardware.power@1.1-service.wahoo: Governor not supported by powerHAL, skipping
01-24 16:48:47.458   770   770 E android.hardware.power@1.1-service.wahoo: Governor not supported by powerHAL, skipping
01-24 16:48:48.528  1539  1539 E QtiImsExtUtils: getConfigForPhoneId phoneId is invalid
01-24 16:48:48.528  1539  1539 E QtiImsExtUtils: isCarrierConfigEnabled bundle is null
01-24 16:48:48.529   770   770 E android.hardware.power@1.1-service.wahoo: Governor not supported by powerHAL, skipping
01-24 16:48:48.598   770   770 E android.hardware.power@1.1-service.wahoo: Governor not supported by powerHAL, skipping
01-24 16:48:48.842 21250 21267 I chatty  : uid=10136 com.futuremark.pcmark.android.benchmark:workload expire 160 lines
01-24 16:48:51.381 21250 21281 I chatty  : uid=10136 com.futuremark.pcmark.android.benchmark:workload expire 1 line
01-24 16:48:51.382   770   770 E android.hardware.power@1.1-service.wahoo: Governor not supported by powerHAL, skipping
01-24 16:48:51.395   770   770 E android.hardware.power@1.1-service.wahoo: Governor not supported by powerHAL, skipping
01-24 16:48:55.437   770   770 E android.hardware.power@1.1-service.wahoo: Governor not supported by powerHAL, skipping
01-24 16:48:55.456   770   770 E android.hardware.power@1.1-service.wahoo: Governor not supported by powerHAL, skipping
01-24 16:48:56.382 21250 21284 I chatty  : uid=10136 com.futuremark.pcmark.android.benchmark:workload expire 1 line
01-24 16:48:56.382 21250 21250 I chatty  : uid=10136 com.futuremark.pcmark.android.benchmark:workload expire 2 lines
01-24 16:48:58.383 21250 21283 I chatty  : uid=10136 com.futuremark.pcmark.android.benchmark:workload expire 2 lines
01-24 16:48:58.384   770   770 E android.hardware.power@1.1-service.wahoo: Governor not supported by powerHAL, skipping
01-24 16:48:58.384 21250 21250 I chatty  : uid=10136 com.futuremark.pcmark.android.benchmark:workload expire 10 lines
01-24 16:48:58.403   770   770 E android.hardware.power@1.1-service.wahoo: Governor not supported by powerHAL, skipping
01-24 16:48:58.442   770   770 E android.hardware.power@1.1-service.wahoo: Governor not supported by powerHAL, skipping
01-24 16:48:58.473   770   770 E android.hardware.power@1.1-service.wahoo: Governor not supported by powerHAL, skipping
01-24 16:48:58.529  1539  1539 E QtiImsExtUtils: getConfigForPhoneId phoneId is invalid
01-24 16:48:58.530  1539  1539 E QtiImsExtUtils: isCarrierConfigEnabled bundle is null
01-24 16:48:58.531   770   770 E android.hardware.power@1.1-service.wahoo: Governor not supported by powerHAL, skipping
01-24 16:48:58.616   770   770 I chatty  : uid=1000(system) power@1.1-servi identical 24 lines
01-24 16:48:58.617   770   770 E android.hardware.power@1.1-service.wahoo: Governor not supported by powerHAL, skipping
01-24 16:48:58.884 21250 21267 I chatty  : uid=10136 com.futuremark.pcmark.android.benchmark:workload expire 272 lines
01-24 16:48:58.941   770   770 E android.hardware.power@1.1-service.wahoo: Governor not supported by powerHAL, skipping
01-24 16:48:59.076   770   770 E android.hardware.power@1.1-service.wahoo: Governor not supported by powerHAL, skipping
01-24 16:49:00.905 21250 21286 I chatty  : uid=10136 com.futuremark.pcmark.android.benchmark:workload expire 2 lines
01-24 16:49:00.936   770   770 E android.hardware.power@1.1-service.wahoo: Governor not supported by powerHAL, skipping
01-24 16:49:01.071   770   770 E android.hardware.power@1.1-service.wahoo: Governor not supported by powerHAL, skipping
01-24 16:49:01.860  1539  1539 E QtiImsExtUtils: getConfigForPhoneId phoneId is invalid
01-24 16:49:01.860  1539  1539 E QtiImsExtUtils: isCarrierConfigEnabled bundle is null
01-24 16:49:02.906 21250 21270 I chatty  : uid=10136 com.futuremark.pcmark.android.benchmark:workload expire 1 line
01-24 16:49:02.932   770   770 E android.hardware.power@1.1-service.wahoo: Governor not supported by powerHAL, skipping
01-24 16:49:02.977   770   770 E android.hardware.power@1.1-service.wahoo: Governor not supported by powerHAL, skipping
01-24 16:49:06.907 21250 21282 I chatty  : uid=10136 com.futuremark.pcmark.android.benchmark:workload expire 1 line
01-24 16:49:06.938   770   770 E android.hardware.power@1.1-service.wahoo: Governor not supported by powerHAL, skipping
01-24 16:49:06.966   770   770 E android.hardware.power@1.1-service.wahoo: Governor not supported by powerHAL, skipping
01-24 16:49:10.908 21250 21284 I chatty  : uid=10136 com.futuremark.pcmark.android.benchmark:workload expire 1 line
01-24 16:49:14.976   770   770 E android.hardware.power@1.1-service.wahoo: Governor not supported by powerHAL, skipping
01-24 16:49:14.994   770   770 E android.hardware.power@1.1-service.wahoo: Governor not supported by powerHAL, skipping
01-24 16:49:15.913 21250 21250 I chatty  : uid=10136 com.futuremark.pcmark.android.benchmark:workload expire 9 lines
01-24 16:49:15.943 21250 21267 I chatty  : uid=10136 com.futuremark.pcmark.android.benchmark:workload expire 51 lines
01-24 16:49:17.913 21250 21269 I chatty  : uid=10136 com.futuremark.pcmark.android.benchmark:workload expire 2 lines
01-24 16:49:17.914   770   770 E android.hardware.power@1.1-service.wahoo: Governor not supported by powerHAL, skipping
01-24 16:49:17.936   770   770 E android.hardware.power@1.1-service.wahoo: Governor not supported by powerHAL, skipping
01-24 16:49:18.477 21250 21255 I chatty  : uid=10136 com.futuremark.pcmark.android.benchmark:workload expire 2 lines
01-24 16:49:18.492   770   770 E android.hardware.power@1.1-service.wahoo: Governor not supported by powerHAL, skipping
01-24 16:49:18.497   770   770 E android.hardware.power@1.1-service.wahoo: Governor not supported by powerHAL, skipping
01-24 16:49:18.957 21250 21267 I chatty  : uid=10136 com.futuremark.pcmark.android.benchmark:workload expire 253 lines
01-24 16:49:19.066 21250 21250 I chatty  : uid=10136 com.futuremark.pcmark.android.benchmark:workload expire 54 lines
01-24 16:49:19.261   838   838 W wificond: Failed to get NL80211_ATTR_STATUS_CODE
01-24 16:49:19.262   779  2601 I WifiHAL : event received NL80211_CMD_VENDOR, vendor_id = 0x1374, subcmd = 0x33
01-24 16:49:19.264  2606  2606 I wpa_supplicant: wlan0: Associated with 70:3a:0e:64:57:d0
01-24 16:49:19.264  2606  2606 I wpa_supplicant: wlan0: CTRL-EVENT-CONNECTED - Connection to 70:3a:0e:64:57:d0 completed [id=0 id_str=%7B%22configKey%22%3A%22%5C%22AccessNG%5C%22WPA_EAP%22%2C%22creatorUid%22%3A%221000%22%7D]
01-24 16:49:19.264  2606  2606 I wpa_supplicant: wlan0: CTRL-EVENT-SUBNET-STATUS-UPDATE status=0
01-24 16:49:19.262  1660  1660 W lowi-server: type=1400 audit(0.0:2032): avc: granted { net_admin } for capability=12 scontext=u:r:location:s0 tcontext=u:r:location:s0 tclass=capability
01-24 16:49:19.269  2113  2113 I GeofencerStateMachine: sendWifiConnectivityChanged: connectivity=true
01-24 16:49:19.269  1504  1601 I QCNEJ/CndHalConnector: -> SND notifyWifiStatusChanged(RatInfo{type=1, subType=101, state=CONNECTED, v4=IfaceAddrPair{iface=wlan0, addr=10.1.31.112}, v6=IfaceAddrPair{iface=, addr=}, timestamp=2018-01-24 16:49:19.269, isAndroidValidated=true, netHandle=429513165534, slotIdx=0} WifiInfo{freq=FIVE_GHz, state=3, ssid=AccessNG, bssid=70:3a:0e:64:57:d0, dns=[10.1.2.24, 10.1.2.23, 0.0.0.0, 0.0.0.0, ]})
01-24 16:49:19.270  1504  1601 I QCNEJ/CndHalConnector: -> SND notifyRatConnectionStatusChanged(rat = 1, CONNECTED, v4 = 10.1.31.112, v6 = )
01-24 16:49:19.291  1132  1280 D WifiPermissionsUtil: Denied: no location permission
01-24 16:49:19.291  1132  1280 D WifiPermissionsUtil: Denied: no location permission
01-24 16:49:19.293 20069 21401 D NetworkSecurityConfig: No Network Security Config specified, using platform default
01-24 16:49:19.387   852   852 I cnss-daemon: wlan_service_core_minfreq: RESET
01-24 16:49:19.388   852   852 E cnss-daemon: wlan_service_core_minfreq: reset: handle not valid
01-24 16:49:24.638  1132  1280 D WificondControl: Scan result ready event
01-24 16:49:24.641  1132  1266 D WificondScannerImpl: Filtering out 10 scan results.
01-24 16:49:34.257   770   770 E android.hardware.power@1.1-service.wahoo: Governor not supported by powerHAL, skipping
01-24 16:49:34.277   770   770 E android.hardware.power@1.1-service.wahoo: Governor not supported by powerHAL, skipping
01-24 16:49:34.367 21250 21250 I chatty  : uid=10136 com.futuremark.pcmark.android.benchmark:workload expire 6 lines
01-24 16:49:35.008 21250 21267 I chatty  : uid=10136 com.futuremark.pcmark.android.benchmark:workload expire 224 lines
01-24 16:49:36.167 21250 21250 I chatty  : uid=10136 com.futuremark.pcmark.android.benchmark:workload expire 41 lines
01-24 16:49:42.484 21250 21268 I chatty  : uid=10136 com.futuremark.pcmark.android.benchmark:workload expire 1 line
01-24 16:49:48.477   770   770 E android.hardware.power@1.1-service.wahoo: Governor not supported by powerHAL, skipping
01-24 16:49:48.507   770   770 E android.hardware.power@1.1-service.wahoo: Governor not supported by powerHAL, skipping
01-24 16:49:48.537 21250 21270 I chatty  : uid=10136 com.futuremark.pcmark.android.benchmark:workload expire 2 lines
01-24 16:49:48.537 21250 21250 I chatty  : uid=10136 com.futuremark.pcmark.android.benchmark:workload expire 12 lines
01-24 16:49:49.059 21250 21267 I chatty  : uid=10136 com.futuremark.pcmark.android.benchmark:workload expire 48 lines
01-24 16:49:50.538 21250 21282 I chatty  : uid=10136 com.futuremark.pcmark.android.benchmark:workload expire 2 lines
01-24 16:49:50.540   770   770 E android.hardware.power@1.1-service.wahoo: Governor not supported by powerHAL, skipping
01-24 16:49:50.556   770   770 E android.hardware.power@1.1-service.wahoo: Governor not supported by powerHAL, skipping
01-24 16:49:50.574 21250 21255 I chatty  : uid=10136 com.futuremark.pcmark.android.benchmark:workload expire 3 lines
01-24 16:49:50.596   770   770 E android.hardware.power@1.1-service.wahoo: Governor not supported by powerHAL, skipping
01-24 16:49:50.604   770   770 E android.hardware.power@1.1-service.wahoo: Governor not supported by powerHAL, skipping
01-24 16:49:51.531   770   770 E android.hardware.power@1.1-service.wahoo: Governor not supported by powerHAL, skipping
01-24 16:49:51.564 21250 21281 I chatty  : uid=10136 com.futuremark.pcmark.android.benchmark:workload expire 1 line
01-24 16:49:51.564 21250 21284 I chatty  : uid=10136 com.futuremark.pcmark.android.benchmark:workload expire 1 line
01-24 16:49:51.564 21250 21250 I chatty  : uid=10136 com.futuremark.pcmark.android.benchmark:workload expire 10 lines
01-24 16:49:51.565   770   770 E android.hardware.power@1.1-service.wahoo: Governor not supported by powerHAL, skipping
01-24 16:49:51.717   770   770 I chatty  : uid=1000(system) power@1.1-servi identical 45 lines
01-24 16:49:51.727   770   770 E android.hardware.power@1.1-service.wahoo: Governor not supported by powerHAL, skipping
01-24 16:49:52.070 21250 21267 I chatty  : uid=10136 com.futuremark.pcmark.android.benchmark:workload expire 176 lines
01-24 16:49:53.156   770   770 E android.hardware.power@1.1-service.wahoo: Governor not supported by powerHAL, skipping
01-24 16:49:53.711   770   770 E android.hardware.power@1.1-service.wahoo: Governor not supported by powerHAL, skipping
01-24 16:49:54.566   770   770 E android.hardware.power@1.1-service.wahoo: Governor not supported by powerHAL, skipping
01-24 16:49:54.726   770   770 E android.hardware.power@1.1-service.wahoo: Governor not supported by powerHAL, skipping
01-24 16:49:56.485 21250 21269 I chatty  : uid=10136 com.futuremark.pcmark.android.benchmark:workload expire 1 line
01-24 16:49:56.485 21250 21270 I chatty  : uid=10136 com.futuremark.pcmark.android.benchmark:workload expire 1 line
01-24 16:49:56.709   770   770 E android.hardware.power@1.1-service.wahoo: Governor not supported by powerHAL, skipping
01-24 16:49:56.730   770   770 E android.hardware.power@1.1-service.wahoo: Governor not supported by powerHAL, skipping
01-24 16:49:57.566   770   770 E android.hardware.power@1.1-service.wahoo: Governor not supported by powerHAL, skipping
01-24 16:49:57.728   770   770 E android.hardware.power@1.1-service.wahoo: Governor not supported by powerHAL, skipping
01-24 16:49:59.143   770   770 E android.hardware.power@1.1-service.wahoo: Governor not supported by powerHAL, skipping
01-24 16:50:00.084   770   770 E android.hardware.power@1.1-service.wahoo: Governor not supported by powerHAL, skipping
01-24 16:50:00.565   770   770 E android.hardware.power@1.1-service.wahoo: Governor not supported by powerHAL, skipping
01-24 16:50:00.731   770   770 E android.hardware.power@1.1-service.wahoo: Governor not supported by powerHAL, skipping
01-24 16:50:01.859  1539  1539 E QtiImsExtUtils: getConfigForPhoneId phoneId is invalid
01-24 16:50:01.859  1539  1539 E QtiImsExtUtils: isCarrierConfigEnabled bundle is null
01-24 16:50:02.713   770   770 E android.hardware.power@1.1-service.wahoo: Governor not supported by powerHAL, skipping
01-24 16:50:02.733   770   770 E android.hardware.power@1.1-service.wahoo: Governor not supported by powerHAL, skipping
01-24 16:50:03.116 21250 21267 I chatty  : uid=10136 com.futuremark.pcmark.android.benchmark:workload expire 140 lines
01-24 16:50:03.565   770   770 E android.hardware.power@1.1-service.wahoo: Governor not supported by powerHAL, skipping
01-24 16:50:03.721   770   770 I chatty  : uid=1000(system) power@1.1-servi identical 29 lines
01-24 16:50:03.731   770   770 E android.hardware.power@1.1-service.wahoo: Governor not supported by powerHAL, skipping
01-24 16:50:05.113   770   770 E android.hardware.power@1.1-service.wahoo: Governor not supported by powerHAL, skipping
01-24 16:50:05.132   770   770 E android.hardware.power@1.1-service.wahoo: Governor not supported by powerHAL, skipping
01-24 16:50:05.702   770   770 E android.hardware.power@1.1-service.wahoo: Governor not supported by powerHAL, skipping
01-24 16:50:05.901  1539  1539 E QtiImsExtUtils: getConfigForPhoneId phoneId is invalid
01-24 16:50:05.901  1539  1539 E QtiImsExtUtils: isCarrierConfigEnabled bundle is null
01-24 16:50:05.902   770   770 E android.hardware.power@1.1-service.wahoo: Governor not supported by powerHAL, skipping
01-24 16:50:05.970   770   770 E android.hardware.power@1.1-service.wahoo: Governor not supported by powerHAL, skipping
01-24 16:50:06.566   770   770 E android.hardware.power@1.1-service.wahoo: Governor not supported by powerHAL, skipping
01-24 16:50:06.625   770   770 E android.hardware.power@1.1-service.wahoo: Governor not supported by powerHAL, skipping
01-24 16:50:06.633   770   770 E android.hardware.power@1.1-service.wahoo: Governor not supported by powerHAL, skipping
01-24 16:50:06.734   770   770 E android.hardware.power@1.1-service.wahoo: Governor not supported by powerHAL, skipping
01-24 16:50:07.355  1539  1539 E QtiImsExtUtils: getConfigForPhoneId phoneId is invalid
01-24 16:50:07.355  1539  1539 E QtiImsExtUtils: isCarrierConfigEnabled bundle is null
01-24 16:50:08.700   770   770 E android.hardware.power@1.1-service.wahoo: Governor not supported by powerHAL, skipping
01-24 16:50:08.721   770   770 E android.hardware.power@1.1-service.wahoo: Governor not supported by powerHAL, skipping
01-24 16:50:09.075  1539  1539 E QtiImsExtUtils: getConfigForPhoneId phoneId is invalid
01-24 16:50:09.075  1539  1539 E QtiImsExtUtils: isCarrierConfigEnabled bundle is null
01-24 16:50:09.077   770   770 E android.hardware.power@1.1-service.wahoo: Governor not supported by powerHAL, skipping
01-24 16:50:09.141   770   770 E android.hardware.power@1.1-service.wahoo: Governor not supported by powerHAL, skipping
01-24 16:50:09.564 21250 21250 I chatty  : uid=10136 com.futuremark.pcmark.android.benchmark:workload expire 9 lines
01-24 16:50:09.565   770   770 E android.hardware.power@1.1-service.wahoo: Governor not supported by powerHAL, skipping
01-24 16:50:09.746   770   770 E android.hardware.power@1.1-service.wahoo: Governor not supported by powerHAL, skipping
01-24 16:50:11.151 21250 21267 I chatty  : uid=10136 com.futuremark.pcmark.android.benchmark:workload expire 164 lines
01-24 16:50:11.233   770   770 E android.hardware.power@1.1-service.wahoo: Governor not supported by powerHAL, skipping
01-24 16:50:11.685   770   770 I chatty  : uid=1000(system) power@1.1-servi identical 48 lines
01-24 16:50:11.705   770   770 E android.hardware.power@1.1-service.wahoo: Governor not supported by powerHAL, skipping
01-24 16:50:12.565   770   770 E android.hardware.power@1.1-service.wahoo: Governor not supported by powerHAL, skipping
01-24 16:50:12.721   770   770 E android.hardware.power@1.1-service.wahoo: Governor not supported by powerHAL, skipping
01-24 16:50:13.397  1539  1539 E QtiImsExtUtils: getConfigForPhoneId phoneId is invalid
01-24 16:50:13.397  1539  1539 E QtiImsExtUtils: isCarrierConfigEnabled bundle is null
01-24 16:50:14.069   770   770 E android.hardware.power@1.1-service.wahoo: Governor not supported by powerHAL, skipping
01-24 16:50:14.088   770   770 E android.hardware.power@1.1-service.wahoo: Governor not supported by powerHAL, skipping
01-24 16:50:14.393   770   770 E android.hardware.power@1.1-service.wahoo: Governor not supported by powerHAL, skipping
01-24 16:50:14.707   770   770 E android.hardware.power@1.1-service.wahoo: Governor not supported by powerHAL, skipping
01-24 16:50:15.076  1539  1539 E QtiImsExtUtils: getConfigForPhoneId phoneId is invalid
01-24 16:50:15.076  1539  1539 E QtiImsExtUtils: isCarrierConfigEnabled bundle is null
01-24 16:50:15.077   770   770 E android.hardware.power@1.1-service.wahoo: Governor not supported by powerHAL, skipping
01-24 16:50:15.143   770   770 E android.hardware.power@1.1-service.wahoo: Governor not supported by powerHAL, skipping
01-24 16:50:15.566   770   770 E android.hardware.power@1.1-service.wahoo: Governor not supported by powerHAL, skipping
01-24 16:50:15.729   770   770 E android.hardware.power@1.1-service.wahoo: Governor not supported by powerHAL, skipping
01-24 16:50:16.662  1539  1539 E QtiImsExtUtils: getConfigForPhoneId phoneId is invalid
01-24 16:50:16.662  1539  1539 E QtiImsExtUtils: isCarrierConfigEnabled bundle is null
01-24 16:50:17.203   770   770 E android.hardware.power@1.1-service.wahoo: Governor not supported by powerHAL, skipping
01-24 16:50:17.709   770   770 E android.hardware.power@1.1-service.wahoo: Governor not supported by powerHAL, skipping
01-24 16:50:17.903  1539  1539 E QtiImsExtUtils: getConfigForPhoneId phoneId is invalid
01-24 16:50:17.903  1539  1539 E QtiImsExtUtils: isCarrierConfigEnabled bundle is null
01-24 16:50:17.904   770   770 E android.hardware.power@1.1-service.wahoo: Governor not supported by powerHAL, skipping
01-24 16:50:17.977   770   770 E android.hardware.power@1.1-service.wahoo: Governor not supported by powerHAL, skipping
01-24 16:50:18.566   770   770 E android.hardware.power@1.1-service.wahoo: Governor not supported by powerHAL, skipping
01-24 16:50:18.725   770   770 E android.hardware.power@1.1-service.wahoo: Governor not supported by powerHAL, skipping
01-24 16:50:19.734  1539  1539 E QtiImsExtUtils: getConfigForPhoneId phoneId is invalid
01-24 16:50:19.734  1539  1539 E QtiImsExtUtils: isCarrierConfigEnabled bundle is null
01-24 16:50:20.056   770   770 E android.hardware.power@1.1-service.wahoo: Governor not supported by powerHAL, skipping
01-24 16:50:20.075   770   770 E android.hardware.power@1.1-service.wahoo: Governor not supported by powerHAL, skipping
01-24 16:50:20.397   770   770 E android.hardware.power@1.1-service.wahoo: Governor not supported by powerHAL, skipping
01-24 16:50:20.711   770   770 E android.hardware.power@1.1-service.wahoo: Governor not supported by powerHAL, skipping
01-24 16:50:21.199  1539  1539 E QtiImsExtUtils: getConfigForPhoneId phoneId is invalid
01-24 16:50:21.199  1539  1539 E QtiImsExtUtils: isCarrierConfigEnabled bundle is null
01-24 16:50:21.199   770   770 E android.hardware.power@1.1-service.wahoo: Governor not supported by powerHAL, skipping
01-24 16:50:21.278   770   770 E android.hardware.power@1.1-service.wahoo: Governor not supported by powerHAL, skipping
01-24 16:50:21.565   770   770 E android.hardware.power@1.1-service.wahoo: Governor not supported by powerHAL, skipping
01-24 16:50:21.684   770   770 E android.hardware.power@1.1-service.wahoo: Governor not supported by powerHAL, skipping
01-24 16:50:22.199 21250 21267 I chatty  : uid=10136 com.futuremark.pcmark.android.benchmark:workload expire 112 lines
01-24 16:50:22.886  1539  1539 E QtiImsExtUtils: getConfigForPhoneId phoneId is invalid
01-24 16:50:22.886  1539  1539 E QtiImsExtUtils: isCarrierConfigEnabled bundle is null
01-24 16:50:23.190   770   770 E android.hardware.power@1.1-service.wahoo: Governor not supported by powerHAL, skipping
01-24 16:50:23.210   770   770 E android.hardware.power@1.1-service.wahoo: Governor not supported by powerHAL, skipping
01-24 16:50:23.692   770   770 I chatty  : uid=1000(system) power@1.1-servi identical 13 lines
01-24 16:50:23.713   770   770 E android.hardware.power@1.1-service.wahoo: Governor not supported by powerHAL, skipping
01-24 16:50:24.566   770   770 E android.hardware.power@1.1-service.wahoo: Governor not supported by powerHAL, skipping
01-24 16:50:24.728   770   770 E android.hardware.power@1.1-service.wahoo: Governor not supported by powerHAL, skipping
01-24 16:50:26.024   770   770 E android.hardware.power@1.1-service.wahoo: Governor not supported by powerHAL, skipping
01-24 16:50:26.045   770   770 E android.hardware.power@1.1-service.wahoo: Governor not supported by powerHAL, skipping
01-24 16:50:26.384   770   770 E android.hardware.power@1.1-service.wahoo: Governor not supported by powerHAL, skipping
01-24 16:50:26.698   770   770 E android.hardware.power@1.1-service.wahoo: Governor not supported by powerHAL, skipping
01-24 16:50:28.567 21250 21250 I chatty  : uid=10136 com.futuremark.pcmark.android.benchmark:workload expire 36 lines
01-24 16:50:28.664  1539  1539 E QtiImsExtUtils: getConfigForPhoneId phoneId is invalid
01-24 16:50:28.665  1539  1539 E QtiImsExtUtils: isCarrierConfigEnabled bundle is null
01-24 16:50:28.666   770   770 E android.hardware.power@1.1-service.wahoo: Governor not supported by powerHAL, skipping
01-24 16:50:28.684   770   770 E android.hardware.power@1.1-service.wahoo: Governor not supported by powerHAL, skipping
01-24 16:50:28.721   770   770 E android.hardware.power@1.1-service.wahoo: Governor not supported by powerHAL, skipping
01-24 16:50:28.741   770   770 E android.hardware.power@1.1-service.wahoo: Governor not supported by powerHAL, skipping
01-24 16:50:28.753 21250 21255 I chatty  : uid=10136 com.futuremark.pcmark.android.benchmark:workload expire 5 lines
01-24 16:50:28.872   770   770 E android.hardware.power@1.1-service.wahoo: Governor not supported by powerHAL, skipping
01-24 16:50:28.944   770   770 E android.hardware.power@1.1-service.wahoo: Governor not supported by powerHAL, skipping
01-24 16:50:28.956   599   599 D SurfaceFlinger: Set active color mode: HAL_COLOR_MODE_DISPLAY_P3 (9), type=0
01-24 16:50:28.956  1132  2255 I ActivityManager: Config changes=480 {1.0 ?mcc?mnc [en_US] ldltr sw411dp w411dp h659dp 420dpi nrml widecg port finger -keyb/v/h -nav/h appBounds=Rect(0, 0 - 1080, 1794) s.12}
01-24 16:50:28.958   601  9546 I SDM     : HWCDisplay::HandleColorModeTransform: Setting Color Mode = 9 Transform Hint = 1 Success
01-24 16:50:28.973  1132  2255 I ActivityManager: Override config changes=480 {1.0 ?mcc?mnc [en_US] ldltr sw411dp w411dp h659dp 420dpi nrml widecg port finger -keyb/v/h -nav/h appBounds=Rect(0, 0 - 1080, 1794) s.12} for displayId=0
01-24 16:50:28.986 19764 19764 I chatty  : uid=10136(com.futuremark.pcmark.android.benchmark) expire 38 lines
01-24 16:50:28.987   770   770 E android.hardware.power@1.1-service.wahoo: Governor not supported by powerHAL, skipping
01-24 16:50:28.992  1132  1277 V AudioService.RotationHelper: publishing device rotation =0 (x90deg)
01-24 16:50:28.992  1132  1253 I InputReader: Reconfiguring input devices.  changes=0x00000004
01-24 16:50:28.992  1132  1253 I InputReader: Device reconfigured: id=5, name='synaptics_dsxv26', size 1080x1920, orientation 0, mode 1, display id 0
01-24 16:50:28.993 19764 21431 I chatty  : uid=10136(com.futuremark.pcmark.android.benchmark) expire 5 lines
01-24 16:50:29.026 19764 19764 D com.futuremark.pcmandroid.BaseWebViewAppFragment: fmAdapter|| getProgressModelJson - file:///android_res/raw/fandango.js:18
01-24 16:50:29.032 19764 19954 V com.futuremark.pcmandroid.JavaScriptBridgeImpl: webview: update completed: file:///android_res/raw/view_pcma_progress.html
01-24 16:50:29.033 19764 21431 I com.futuremark.pcmandroid.SystemInfoPoller: Sending system info broadcast 0, battery: BatteryData{present=true, level=100, voltage=4390, health='Good', status='Charging', temperature=300, scale=100}
01-24 16:50:29.033 19764 21431 D com.futuremark.pcmandroid.SystemInfoPoller: cpu #1 corefrequencies:
01-24 16:50:29.033 19764 21431 D com.futuremark.pcmandroid.SystemInfoPoller: 1900800 1900800 1900800 1900800 2457600 2457600 2457600 2457600 
01-24 16:50:29.033 19764 21431 D com.futuremark.pcmandroid.SystemInfoPoller: avg of corefrequencies: 2.1792
01-24 16:50:29.036 19764 21431 D com.futuremark.pcmandroid.MonitoringDataService: monitoringdataservice 21564076942710.csv received systeminfoevent
01-24 16:50:29.037 19764 21431 I com.futuremark.pcmandroid.BatteryData: battery level changed from 0 to 100 at 21564114786880ns
01-24 16:50:29.037 21250 21250 I com.futuremark.pcmandroid.BaseWorkloadActivity: call to BaseWorkloadActivity.onWindowFocusChanged focus:false
01-24 16:50:29.037 19764 21431 I com.futuremark.pcmandroid.PowerSourceType: Max detected power source type changed from UNKNOWN to PLUGGED_USB
01-24 16:50:29.041 19764 19764 D com.futuremark.pcmandroid.BaseWebViewAppFragment: viewProgress|| Progress model json:{"batteryTest":false,"index":4,"lastScore":0,"minutesLeft":0,"next":null,"pass":0,"percentageCompleted":80,"previous":null,"selectedWorkloadSetTypes":["PCMA_WEB_BROWSING_V2","PCMA_VIDEO_EDITING","PCMA_WRITING_V2","PCMA_PHOTO_EDITING_V2","PCMA_DATA_MANIPULATION"],"total":5} - file:///android_res/raw/fandango.js:20
01-24 16:50:29.041 19764 19764 D com.futuremark.pcmandroid.BaseWebViewAppFragment: viewProgress || createTests, jsonData.selectedWorkloadSetTypes.length: 5 - file:///android_res/raw/fandango.js:20
01-24 16:50:29.041 19764 19764 D com.futuremark.pcmandroid.BaseWebViewAppFragment: viewProgress || content: {"0":{},"length":1,"context":{"location":{"href":"file:///android_res/raw/view_pcma_progress.html","ancestorOrigins":{},"origin":"file://","protocol":"file:","host":"","hostname":"","port":"","pathname":"/android_res/raw/view_pcma_progress.html","search":"","hash":""}},"selector":"#workloads"} - file:///android_res/raw/fandango.js:20
01-24 16:50:29.042 19764 19764 D com.futuremark.pcmandroid.BaseWebViewAppFragment: viewProgress || win  height: 684 - file:///android_res/raw/fandango.js:20
01-24 16:50:29.042 19764 19764 D com.futuremark.pcmandroid.BaseWebViewAppFragment: viewProgress || cont height: 1391 - file:///android_res/raw/fandango.js:20
01-24 16:50:29.042 19764 19764 D com.futuremark.pcmandroid.BaseWebViewAppFragment: viewProgress || current scroll: 707 - file:///android_res/raw/fandango.js:20
01-24 16:50:29.042 19764 19764 D com.futuremark.pcmandroid.BaseWebViewAppFragment: viewProgress || top: 967.625 - file:///android_res/raw/fandango.js:20
01-24 16:50:29.042 19764 19764 D com.futuremark.pcmandroid.BaseWebViewAppFragment: fmResizer ||render - file:///android_res/raw/fandango.js:11
01-24 16:50:29.042 19764 19764 D com.futuremark.pcmandroid.BaseWebViewAppFragment: fmResizer || render: w: 412, h:684 - file:///android_res/raw/fandango.js:11
01-24 16:50:29.045  1132  1148 W SchedPolicy: add_tid_to_cgroup failed to write '21250' (No space left on device); fd=4
01-24 16:50:29.097  1340  1340 W StaticLayout: maxLineHeight should not be -1.  maxLines:1 lineCount:1
01-24 16:50:29.097  1340  1340 I chatty  : uid=10059(com.android.systemui) identical 1 line
01-24 16:50:29.097  1340  1340 W StaticLayout: maxLineHeight should not be -1.  maxLines:1 lineCount:1
01-24 16:50:29.098  1340  1340 W StaticLayout: maxLineHeight should not be -1.  maxLines:7 lineCount:7
01-24 16:50:29.098  1340  1340 W StaticLayout: maxLineHeight should not be -1.  maxLines:7 lineCount:7
01-24 16:50:29.107 21250 21250 I com.futuremark.pcmandroid.BaseWorkloadActivity: call to BaseWorkloadActivity.onStop
01-24 16:50:29.110 21250 21250 I com.futuremark.pcmandroid.BaseWorkloadActivity: call to BaseWorkloadActivity.finish resultXmlSent: true
01-24 16:50:29.110  1132  2255 W ActivityManager: Duplicate finish request for ActivityRecord{4c15443 u0 com.futuremark.pcmark.android.benchmark/com.futuremark.haka.datamanipulation.DataManipulationActivity t25 f}
01-24 16:50:29.111 21250 21250 I com.futuremark.pcmandroid.BaseWorkloadActivity: call to BaseWorkloadActivity.onDestroy
01-24 16:50:29.112 21250 21250 I com.futuremark.pcmandroid.BaseWorkloadActivity: call to BaseWorkloadActivity.onDetachedFromWindow
01-24 16:50:29.123  1340  1340 W StaticLayout: maxLineHeight should not be -1.  maxLines:1 lineCount:1
01-24 16:50:29.123  1340  1340 I chatty  : uid=10059(com.android.systemui) identical 1 line
01-24 16:50:29.123  1340  1340 W StaticLayout: maxLineHeight should not be -1.  maxLines:1 lineCount:1
01-24 16:50:29.124  1340  1340 W StaticLayout: maxLineHeight should not be -1.  maxLines:7 lineCount:7
01-24 16:50:29.124  1340  1340 W StaticLayout: maxLineHeight should not be -1.  maxLines:7 lineCount:7
01-24 16:50:29.130  1340  1340 D StatusBar: disable<e i a s b h r c s q >
01-24 16:50:29.139  1340  1340 W StatusBar/NavBarView: *** Invalid layout in navigation bar (sizeChanged this=1080x126 cur=1038x126)
01-24 16:50:29.142  1132  1234 I WindowManager: Screen frozen for +194ms due to Window{d0c5a02 u0 StatusBar}
01-24 16:50:29.378   770   770 E android.hardware.power@1.1-service.wahoo: Governor not supported by powerHAL, skipping
01-24 16:50:29.513 19764 19764 D com.futuremark.pcmandroid.Poller: poller timer firing
01-24 16:50:29.513 19764 19764 D com.futuremark.pcmandroid.*ctBmRunFsmEventFactory: isSystemInfoRefreshed: true, currentTs: 21564114786880, oldSiRelativeTimestampNs: 0
01-24 16:50:29.514 19764 19764 V com.futuremark.pcmandroid.MonitoringDataManager: getRunTimeNanosForLastEvent(BEGIN_WORKLOAD_INIT), sampleId with event type not found.
01-24 16:50:29.514 19764 19764 V com.futuremark.pcmandroid.MonitoringDataManager: getRunTimeNanosForFirstEvent(END_WORKLOAD_DEINIT), sampleId with event type not found.
