--------- beginning of system
01-24 16:41:59.734  1132  2229 W PackageManager: Cannot grant runtime permission to a legacy app
01-24 16:42:00.074  1132  2229 I chatty  : uid=1000(system) Binder:1132_9 identical 1 line
01-24 16:42:01.796  1132  2229 W PackageManager: Cannot grant runtime permission to a legacy app
01-24 16:42:01.894  1132  2229 I ActivityManager: START u0 {flg=0x10000000 cmp=com.futuremark.pcmark.android.benchmark/com.futuremark.gypsum.activity.SplashPageActivity} from uid 2000
01-24 16:42:01.921  1132  1576 I ActivityManager: Start proc 19764:com.futuremark.pcmark.android.benchmark/u0a136 for activity com.futuremark.pcmark.android.benchmark/com.futuremark.gypsum.activity.SplashPageActivity
01-24 16:42:01.981  1132  2253 W ActivityManager: Slow operation: 55ms so far, now at attachApplicationLocked: after mServices.attachApplicationLocked
01-24 16:42:02.286  1132  2229 I ActivityManager: Killing 3889:com.verizon.mips.services/u0a49 (adj 904): kill all background
01-24 16:42:02.288  1132  2229 I ActivityManager: Killing 18181:com.android.providers.calendar/u0a30 (adj 906): kill all background
01-24 16:42:02.293  1132  2229 I ActivityManager: Killing 19612:com.android.documentsui/u0a11 (adj 902): kill all background
01-24 16:42:02.303  1132  2229 I ActivityManager: Killing 19589:com.android.defcontainer/u0a53 (adj 902): kill all background
01-24 16:42:02.304  1132  2229 I ActivityManager: Killing 2334:com.google.android.googlequicksearchbox:search/u0a27 (adj 900): kill all background
01-24 16:42:02.304  1132  2229 W ActivityManager: Scheduling restart of crashed service com.google.android.googlequicksearchbox/com.google.android.apps.gsa.search.core.service.SearchService in 1000ms
01-24 16:42:02.304  1132  2229 W ActivityManager: Scheduling restart of crashed service com.google.android.googlequicksearchbox/com.google.android.apps.gsa.nowoverlayservice.DrawerOverlayService in 11000ms
01-24 16:42:02.305  1132  2229 I ActivityManager: Killing 18669:com.google.android.gms.unstable/u0a15 (adj 906): kill all background
01-24 16:42:02.307  1132  2229 I ActivityManager: Killing 2308:com.google.process.gservices/u0a15 (adj 904): kill all background
01-24 16:42:02.308  1132  2229 I ActivityManager: Killing 3933:me.twrp.twrpapp/u0a124 (adj 906): kill all background
01-24 16:42:02.308  1132  2229 W ActivityManager: Scheduling restart of crashed service me.twrp.twrpapp/com.p3group.insight.service.InsightService in 20996ms
01-24 16:42:02.309  1132  2229 I ActivityManager: Killing 1357:com.google.modemservice/1001 (adj 906): kill all background
01-24 16:42:02.309  1132  2229 W ActivityManager: Scheduling restart of crashed service com.google.modemservice/.ModemService in 30994ms
01-24 16:42:02.310  1132  2229 I ActivityManager: Killing 2981:com.google.android.ims/u0a18 (adj 906): kill all background
01-24 16:42:02.311  1132  2229 W ActivityManager: Scheduling restart of crashed service com.google.android.ims/.services.WakeLockService in 40993ms
01-24 16:42:02.311  1132  2229 W ActivityManager: Scheduling restart of crashed service com.google.android.ims/.services.NetworkConnectionsService in 50993ms
01-24 16:42:02.313  1132  2229 I ActivityManager: Killing 19419:com.topjohnwu.magisk/u0a125 (adj 904): kill all background
01-24 16:42:02.314  1132  2229 I ActivityManager: Killing 19629:com.google.android.apps.photos/u0a88 (adj 902): kill all background
01-24 16:42:02.315  1132  2229 I ActivityManager: Killing 7336:com.google.android.gms.learning/u0a15 (adj 906): kill all background
01-24 16:42:02.317  1132  2229 I ActivityManager: Killing 3108:com.google.android.apps.turbo/u0a7 (adj 900): kill all background
01-24 16:42:02.317  1132  2229 W ActivityManager: Scheduling restart of crashed service com.google.android.apps.turbo/.battery.BatteryChangedService in 60987ms
01-24 16:42:02.318  1132  2229 I ActivityManager: Killing 11868:com.android.chrome:sandboxed_process10/u0a121i10 (adj 901): kill all background
01-24 16:42:02.318  1132  2229 W ActivityManager: Scheduling restart of crashed service com.android.chrome/org.chromium.content.app.SandboxedProcessService10 in 70985ms
01-24 16:42:02.331  1132  1151 D KernelUidCpuTimeReader: Removing uids 99010-99010
01-24 16:42:02.332  1132  1151 D KernelUidCpuTimeReader: Removing uids 99010-99010
01-24 16:42:02.334  1132  2229 I ActivityManager: Killing 12231:com.android.chrome:sandboxed_process11/u0a121i11 (adj 901): kill all background
01-24 16:42:02.334  1132  2229 W ActivityManager: Scheduling restart of crashed service com.android.chrome/org.chromium.content.app.SandboxedProcessService11 in 80970ms
01-24 16:42:02.336  1132  2229 I ActivityManager: Killing 12596:com.android.chrome:sandboxed_process12/u0a121i12 (adj 901): kill all background
01-24 16:42:02.336  1132  2229 W ActivityManager: Scheduling restart of crashed service com.android.chrome/org.chromium.content.app.SandboxedProcessService12 in 90968ms
01-24 16:42:02.337  1132  2229 I ActivityManager: Killing 12947:com.android.chrome:sandboxed_process13/u0a121i13 (adj 900): kill all background
01-24 16:42:02.337  1132  2229 W ActivityManager: Scheduling restart of crashed service com.android.chrome/org.chromium.content.app.SandboxedProcessService13 in 100967ms
01-24 16:42:02.339  1132  2229 I ActivityManager: Killing 13340:com.android.chrome:sandboxed_process14/u0a121i14 (adj 900): kill all background
01-24 16:42:02.339  1132  2229 W ActivityManager: Scheduling restart of crashed service com.android.chrome/org.chromium.content.app.SandboxedProcessService14 in 110965ms
01-24 16:42:02.341  1132  2229 I ActivityManager: Killing 13672:com.android.chrome:sandboxed_process15/u0a121i15 (adj 900): kill all background
01-24 16:42:02.341  1132  2229 W ActivityManager: Scheduling restart of crashed service com.android.chrome/org.chromium.content.app.SandboxedProcessService15 in 120963ms
01-24 16:42:02.342  1132  2229 I ActivityManager: Killing 13995:com.android.chrome:sandboxed_process16/u0a121i16 (adj 900): kill all background
01-24 16:42:02.343  1132  2229 W ActivityManager: Scheduling restart of crashed service com.android.chrome/org.chromium.content.app.SandboxedProcessService16 in 130962ms
01-24 16:42:02.343  1132  2229 I ActivityManager: Killing 14394:com.android.chrome:sandboxed_process17/u0a121i17 (adj 900): kill all background
01-24 16:42:02.344  1132  2229 W ActivityManager: Scheduling restart of crashed service com.android.chrome/org.chromium.content.app.SandboxedProcessService17 in 140961ms
01-24 16:42:02.344  1132  2229 I ActivityManager: Killing 8256:com.android.chrome:sandboxed_process3/u0a121i3 (adj 903): kill all background
01-24 16:42:02.345  1132  2229 W ActivityManager: Scheduling restart of crashed service com.android.chrome/org.chromium.content.app.SandboxedProcessService3 in 150960ms
01-24 16:42:02.346  1132  2229 I ActivityManager: Killing 8858:com.android.chrome:sandboxed_process4/u0a121i4 (adj 903): kill all background
01-24 16:42:02.346  1132  2229 W ActivityManager: Scheduling restart of crashed service com.android.chrome/org.chromium.content.app.SandboxedProcessService4 in 160959ms
01-24 16:42:02.361  1132  2229 I ActivityManager: Killing 9336:com.android.chrome:sandboxed_process5/u0a121i5 (adj 903): kill all background
01-24 16:42:02.361  1132  2229 W ActivityManager: Scheduling restart of crashed service com.android.chrome/org.chromium.content.app.SandboxedProcessService5 in 170944ms
01-24 16:42:02.362  1132  1151 D KernelUidCpuTimeReader: Removing uids 99011-99011
01-24 16:42:02.362  1132  1151 D KernelUidCpuTimeReader: Removing uids 99011-99011
01-24 16:42:02.362  1132  1151 D KernelUidCpuTimeReader: Removing uids 99012-99012
01-24 16:42:02.362  1132  1151 D KernelUidCpuTimeReader: Removing uids 99012-99012
01-24 16:42:02.362  1132  1151 D KernelUidCpuTimeReader: Removing uids 99013-99013
01-24 16:42:02.362  1132  1151 D KernelUidCpuTimeReader: Removing uids 99013-99013
01-24 16:42:02.362  1132  1151 D KernelUidCpuTimeReader: Removing uids 99014-99014
01-24 16:42:02.362  1132  1151 D KernelUidCpuTimeReader: Removing uids 99014-99014
01-24 16:42:02.362  1132  1151 D KernelUidCpuTimeReader: Removing uids 99015-99015
01-24 16:42:02.363  1132  1151 D KernelUidCpuTimeReader: Removing uids 99015-99015
01-24 16:42:02.363  1132  1151 D KernelUidCpuTimeReader: Removing uids 99016-99016
01-24 16:42:02.363  1132  1151 D KernelUidCpuTimeReader: Removing uids 99016-99016
01-24 16:42:02.363  1132  1151 D KernelUidCpuTimeReader: Removing uids 99017-99017
01-24 16:42:02.363  1132  1151 D KernelUidCpuTimeReader: Removing uids 99017-99017
01-24 16:42:02.363  1132  1151 D KernelUidCpuTimeReader: Removing uids 99003-99003
01-24 16:42:02.363  1132  1151 D KernelUidCpuTimeReader: Removing uids 99003-99003
01-24 16:42:02.363  1132  1151 D KernelUidCpuTimeReader: Removing uids 99004-99004
01-24 16:42:02.363  1132  1151 D KernelUidCpuTimeReader: Removing uids 99004-99004
01-24 16:42:02.386  1132  2229 I ActivityManager: Killing 9742:com.android.chrome:sandboxed_process6/u0a121i6 (adj 903): kill all background
01-24 16:42:02.387  1132  2229 W ActivityManager: Scheduling restart of crashed service com.android.chrome/org.chromium.content.app.SandboxedProcessService6 in 180919ms
01-24 16:42:02.387  1132  1151 D KernelUidCpuTimeReader: Removing uids 99005-99005
01-24 16:42:02.387  1132  1151 D KernelUidCpuTimeReader: Removing uids 99005-99005
01-24 16:42:02.405  1132  2229 I ActivityManager: Killing 10207:com.android.chrome:sandboxed_process7/u0a121i7 (adj 903): kill all background
01-24 16:42:02.405  1132  2229 W ActivityManager: Scheduling restart of crashed service com.android.chrome/org.chromium.content.app.SandboxedProcessService7 in 190901ms
01-24 16:42:02.405  1132  1151 D KernelUidCpuTimeReader: Removing uids 99006-99006
01-24 16:42:02.405  1132  1151 D KernelUidCpuTimeReader: Removing uids 99006-99006
01-24 16:42:02.423  1132  2229 I ActivityManager: Killing 10696:com.android.chrome:sandboxed_process8/u0a121i8 (adj 901): kill all background
01-24 16:42:02.423  1132  2229 W ActivityManager: Scheduling restart of crashed service com.android.chrome/org.chromium.content.app.SandboxedProcessService8 in 200883ms
01-24 16:42:02.424  1132  1151 D KernelUidCpuTimeReader: Removing uids 99007-99007
01-24 16:42:02.424  1132  1151 D KernelUidCpuTimeReader: Removing uids 99007-99007
01-24 16:42:02.443  1132  2229 I ActivityManager: Killing 11125:com.android.chrome:sandboxed_process9/u0a121i9 (adj 901): kill all background
01-24 16:42:02.443  1132  2229 W ActivityManager: Scheduling restart of crashed service com.android.chrome/org.chromium.content.app.SandboxedProcessService9 in 210864ms
01-24 16:42:02.444  1132  1151 D KernelUidCpuTimeReader: Removing uids 99008-99008
01-24 16:42:02.444  1132  1151 D KernelUidCpuTimeReader: Removing uids 99008-99008
01-24 16:42:02.444  1132  2229 I ActivityManager: Killing 2959:com.google.android.apps.messaging:rcs/u0a104 (adj 0): kill all background
01-24 16:42:02.447  1132  1149 W Looper  : Dispatch took 161ms on android.ui, h=Handler (com.android.server.am.ActivityManagerService$UiHandler) {c223e77} cb=null msg=53
01-24 16:42:02.468  1132  1155 W ActivityManager: setHasOverlayUi called on unknown pid: 19419
01-24 16:42:02.480  1132  2229 W SchedPolicy: add_tid_to_cgroup failed to write '14719' (No space left on device); fd=4
01-24 16:42:02.519  1132  1151 D KernelUidCpuTimeReader: Removing uids 99009-99009
01-24 16:42:02.520  1132  1151 D KernelUidCpuTimeReader: Removing uids 99009-99009
01-24 16:42:02.661  1132  1537 D ConnectivityService: ConnectivityService NetworkRequestInfo binderDied(NetworkRequest [ LISTEN id=14, [ Capabilities: INTERNET&NOT_RESTRICTED&TRUSTED] ], android.os.BinderProxy@a70ae4)
01-24 16:42:02.662  1132  1142 I WindowManager: WIN DEATH: Window{ab22707 u0 com.google.android.apps.nexuslauncher/com.google.android.apps.nexuslauncher.NexusLauncherActivity}
01-24 16:42:02.664  1132  1155 W ActivityManager: setHasOverlayUi called on unknown pid: 2334
01-24 16:42:02.687  1132  1148 W SchedPolicy: add_tid_to_cgroup failed to write '6162' (No space left on device); fd=4
01-24 16:42:02.687  1132  1148 W SchedPolicy: add_tid_to_cgroup failed to write '2509' (No space left on device); fd=4
01-24 16:42:02.687  1132  1148 W SchedPolicy: add_tid_to_cgroup failed to write '15054' (No space left on device); fd=4
01-24 16:42:02.687  1132  1148 W SchedPolicy: add_tid_to_cgroup failed to write '6372' (No space left on device); fd=4
01-24 16:42:02.688  1132  1148 W SchedPolicy: add_tid_to_cgroup failed to write '6253' (No space left on device); fd=4
01-24 16:42:03.315  1132  1148 I ActivityManager: Start proc 19803:com.google.android.googlequicksearchbox:search/u0a27 for service com.google.android.googlequicksearchbox/com.google.android.apps.gsa.search.core.service.SearchService
01-24 16:42:03.318  1132  2253 W SchedPolicy: add_tid_to_cgroup failed to write '19803' (No space left on device); fd=4
01-24 16:42:03.397  1132  1148 W BroadcastQueue: Background execution not allowed: receiving Intent { act=com.google.android.systemui.OPA_ENABLED flg=0x10000010 (has extras) } to com.google.android.apps.nexuslauncher/.qsb.OPAStatusReceiver
01-24 16:42:03.414  1132  1142 I ActivityManager: Start proc 19827:com.google.process.gapps/u0a15 for content provider com.google.android.gsf/.settings.GoogleSettingsProvider
01-24 16:42:03.425  1132  2229 I ActivityManager: Start proc 19840:com.google.process.gservices/u0a15 for content provider com.google.android.gsf/.gservices.GservicesProvider
01-24 16:42:03.427  1132  1143 W SchedPolicy: add_tid_to_cgroup failed to write '19827' (No space left on device); fd=4
01-24 16:42:03.430  1132  1280 W SchedPolicy: add_tid_to_cgroup failed to write '19840' (No space left on device); fd=4
01-24 16:42:03.458  1132  1143 I ActivityManager: Start proc 19859:com.google.android.partnersetup/u0a24 for content provider com.google.android.partnersetup/.RlzAppProvider
01-24 16:42:03.460  1132  1579 W SchedPolicy: add_tid_to_cgroup failed to write '19859' (No space left on device); fd=4
01-24 16:42:03.530  1132  1280 W SchedPolicy: add_tid_to_cgroup failed to write '19803' (No space left on device); fd=4
01-24 16:42:03.669  1132  1579 I ActivityManager: START u0 {cmp=com.futuremark.pcmark.android.benchmark/com.futuremark.gypsum.activity.WebViewMainActivity} from uid 10136
01-24 16:42:03.679  1132  1143 W ActivityManager: Duplicate finish request for ActivityRecord{60b0bbb u0 com.futuremark.pcmark.android.benchmark/com.futuremark.gypsum.activity.SplashPageActivity t25 f}
01-24 16:42:03.987  1132  1143 I ActivityManager: Start proc 19887:com.android.chrome:sandboxed_process0/u0i20 for webview_service com.futuremark.pcmark.android.benchmark/org.chromium.content.app.SandboxedProcessService0
01-24 16:42:04.109  1132  1143 W SchedPolicy: add_tid_to_cgroup failed to write '19840' (No space left on device); fd=4
01-24 16:42:12.948  1132  1148 I ActivityManager: Force stopping com.arm.wa.uiauto.pcmark appid=10205 user=-1: deletePackageX
01-24 16:42:13.079  1132  1162 I ActivityManager: Start proc 20004:com.android.defcontainer/u0a53 for service com.android.defcontainer/.DefaultContainerService
01-24 16:42:13.080  1132  1162 I ActivityManager: Force stopping com.arm.wa.uiauto.pcmark appid=10205 user=0: pkg removed
01-24 16:42:13.082  1132  1162 D KernelUidCpuTimeReader: Removing uids 10205-10205
01-24 16:42:13.085  1132  1148 W BroadcastQueue: Background execution not allowed: receiving Intent { act=android.intent.action.PACKAGE_REMOVED dat=package:com.arm.wa.uiauto.pcmark flg=0x4000010 (has extras) } to com.android.musicfx/.Compatibility$Receiver
01-24 16:42:13.107  1132  1132 I ActivityManager: Start proc 20018:com.android.keychain/1000 for service com.android.keychain/.KeyChainService
01-24 16:42:13.122  1132  1280 I ActivityManager: Start proc 20023:com.android.vending:instant_app_installer/u0a65 for broadcast com.android.vending/com.google.android.finsky.instantapps.appmanagement.InstantAppRemoveMonitor
01-24 16:42:13.151  1132  1579 W SchedPolicy: add_tid_to_cgroup failed to write '20023' (No space left on device); fd=4
01-24 16:42:13.159  1132  1132 I ConditionProviders: Disallowing condition provider com.arm.wa.uiauto.pcmark
01-24 16:42:13.181  1132  1579 W SchedPolicy: add_tid_to_cgroup failed to write '20004' (No space left on device); fd=4
01-24 16:42:13.213  1132  1143 W SchedPolicy: add_tid_to_cgroup failed to write '20018' (No space left on device); fd=4
01-24 16:42:13.242  1132  1143 W BroadcastQueue: Background execution not allowed: receiving Intent { act=android.intent.action.PACKAGE_REMOVED dat=package:com.arm.wa.uiauto.pcmark flg=0x4000010 (has extras) } to com.google.android.googlequicksearchbox/com.google.android.apps.gsa.googlequicksearchbox.GelStubAppWatcher
01-24 16:42:13.253  1132  1148 I ActivityManager: Start proc 20069:com.verizon.mips.services/u0a49 for broadcast com.verizon.mips.services/com.vzw.hss.myverizon.rdd.analytics.receiver.RDDAnalyticsPackageActionReceiver
01-24 16:42:13.272  1132  1538 W SchedPolicy: add_tid_to_cgroup failed to write '20069' (No space left on device); fd=4
01-24 16:42:13.346  1132  1280 I ActivityManager: Start proc 20106:com.android.documentsui/u0a11 for broadcast com.android.documentsui/.PackageReceiver
01-24 16:42:13.361  1132  1280 W SchedPolicy: add_tid_to_cgroup failed to write '20106' (No space left on device); fd=4
01-24 16:42:13.386  1132  1538 W SchedPolicy: add_tid_to_cgroup failed to write '3639' (No space left on device); fd=4
01-24 16:42:13.413  1132  1143 I ActivityManager: Start proc 20127:com.topjohnwu.magisk/u0a125 for broadcast com.topjohnwu.magisk/.receivers.PackageReceiver
01-24 16:42:13.415  1132  1579 W SchedPolicy: add_tid_to_cgroup failed to write '20127' (No space left on device); fd=4
01-24 16:42:13.451  1132  1143 I ActivityManager: Start proc 20145:android.process.media/u0a14 for broadcast com.android.providers.downloads/.DownloadReceiver
01-24 16:42:13.454  1132  1143 W SchedPolicy: add_tid_to_cgroup failed to write '20145' (No space left on device); fd=4
01-24 16:42:13.766  1132  1162 V BackupManagerService: restoreAtInstall pkg=com.arm.wa.uiauto.pcmark token=16 restoreSet=0
01-24 16:42:13.766  1132  1162 V BackupManagerService: Finishing install immediately
01-24 16:42:13.767  1132  1162 W SchedPolicy: add_tid_to_cgroup failed to write '20004' (No space left on device); fd=4
01-24 16:42:13.790  1132  1142 W BroadcastQueue: Background execution not allowed: receiving Intent { act=android.intent.action.PACKAGE_ADDED dat=package:com.arm.wa.uiauto.pcmark flg=0x4000010 (has extras) } to com.android.musicfx/.Compatibility$Receiver
01-24 16:42:13.812  1132  1132 I Telecom : DefaultDialerCache: Refreshing default dialer for user 0: now com.google.android.dialer: DDC.oR@ATA
01-24 16:42:13.847  1132  1280 W BroadcastQueue: Background execution not allowed: receiving Intent { act=android.intent.action.PACKAGE_ADDED dat=package:com.arm.wa.uiauto.pcmark flg=0x4000010 (has extras) } to com.google.android.googlequicksearchbox/com.google.android.apps.gsa.googlequicksearchbox.GelStubAppWatcher
01-24 16:42:13.847  1132  1148 W BroadcastQueue: Background execution not allowed: receiving Intent { act=android.intent.action.PACKAGE_ADDED dat=package:com.arm.wa.uiauto.pcmark flg=0x4000010 (has extras) } to com.google.android.ims/.receivers.RcsAutoStartReceiver
01-24 16:42:14.197  1132  1142 I ActivityManager: Force stopping com.arm.wa.uiauto.pcmark appid=10225 user=0: start instr
01-24 16:42:14.208  1132  1142 I ActivityManager: Start proc 20191:com.arm.wa.uiauto.pcmark/u0a225 for added application com.arm.wa.uiauto.pcmark
01-24 16:42:14.792  1132  1142 W WindowManager: removeWindowToken: Attempted to remove non-existing token: android.os.Binder@da9757c
01-24 16:42:14.797  1132  1579 I ActivityManager: Force stopping com.arm.wa.uiauto.pcmark appid=10225 user=0: finished inst
01-24 16:42:14.797  1132  1579 I ActivityManager: Killing 20191:com.arm.wa.uiauto.pcmark/u0a225 (adj 0): stop com.arm.wa.uiauto.pcmark
01-24 16:42:14.821  1132 20208 I ActivityManager: Failure reporting to instrumentation watcher: comp=ComponentInfo{com.arm.wa.uiauto.pcmark/android.support.test.runner.AndroidJUnitRunner} results=Bundle[mParcelledData.dataSize=92]
01-24 16:42:17.165  1132  1143 I ActivityManager: Force stopping com.arm.wa.uiauto.pcmark appid=10225 user=0: start instr
01-24 16:42:17.176  1132  1143 I ActivityManager: Start proc 20220:com.arm.wa.uiauto.pcmark/u0a225 for added application com.arm.wa.uiauto.pcmark
01-24 16:42:19.161  1132  1142 W SchedPolicy: add_tid_to_cgroup failed to write '2509' (No space left on device); fd=4
01-24 16:42:23.315  1132  1148 I ActivityManager: Start proc 20248:me.twrp.twrpapp/u0a124 for service me.twrp.twrpapp/com.p3group.insight.service.InsightService
01-24 16:42:23.317  1132  1142 W SchedPolicy: add_tid_to_cgroup failed to write '20248' (No space left on device); fd=4
01-24 16:42:23.347  1132  1142 D BluetoothManagerService: Trying to bind to profile: 1, while Bluetooth was disabled
01-24 16:42:28.130  1132  2230 W SchedPolicy: add_tid_to_cgroup failed to write '3639' (No space left on device); fd=4
01-24 16:42:28.203  1132  2230 W SchedPolicy: add_tid_to_cgroup failed to write '2509' (No space left on device); fd=4
01-24 16:42:33.315  1132  1148 I ActivityManager: Start proc 20560:com.google.modemservice/1001 for service com.google.modemservice/.ModemService
01-24 16:42:33.321  1132  2365 W SchedPolicy: add_tid_to_cgroup failed to write '20560' (No space left on device); fd=4
01-24 16:42:46.593  1132  1142 I ActivityManager: START u0 {cmp=com.futuremark.pcmark.android.benchmark/com.futuremark.gypsum.activity.PcmaWorkActivity (has extras)} from uid 10136
01-24 16:42:46.643  1132  3524 I ActivityManager: Config changes=480 {1.0 ?mcc?mnc [en_US] ldltr sw411dp w683dp h387dp 420dpi nrml widecg land finger -keyb/v/h -nav/h appBounds=Rect(0, 0 - 1794, 1080) s.7}
01-24 16:42:46.648  1132  3524 I ActivityManager: Override config changes=480 {1.0 ?mcc?mnc [en_US] ldltr sw411dp w683dp h387dp 420dpi nrml widecg land finger -keyb/v/h -nav/h appBounds=Rect(0, 0 - 1794, 1080) s.7} for displayId=0
01-24 16:42:46.825  1132  1234 I WindowManager: Screen frozen for +197ms due to Window{d0c5a02 u0 StatusBar}
01-24 16:42:47.317  1132  1155 I ActivityManager: Config changes=480 {1.0 ?mcc?mnc [en_US] ldltr sw411dp w411dp h659dp 420dpi nrml widecg port finger -keyb/v/h -nav/h appBounds=Rect(0, 0 - 1080, 1794) s.8}
01-24 16:42:47.338  1132  1155 I ActivityManager: Override config changes=480 {1.0 ?mcc?mnc [en_US] ldltr sw411dp w411dp h659dp 420dpi nrml widecg port finger -keyb/v/h -nav/h appBounds=Rect(0, 0 - 1080, 1794) s.8} for displayId=0
01-24 16:42:47.427  1132  1537 I ActivityManager: START u0 {cmp=com.futuremark.pcmark.android.benchmark/com.futuremark.haka.webtest.WebTestWorkload (has extras)} from uid 10136
01-24 16:42:47.479  1132  1537 I ActivityManager: Start proc 20796:com.futuremark.pcmark.android.benchmark:workload/u0a136 for activity com.futuremark.pcmark.android.benchmark/com.futuremark.haka.webtest.WebTestWorkload
01-24 16:42:47.712  1132  1579 I ActivityManager: Start proc 20831:com.android.chrome:sandboxed_process1/u0i21 for webview_service com.futuremark.pcmark.android.benchmark/org.chromium.content.app.SandboxedProcessService1
01-24 16:42:47.815  1132  1234 I WindowManager: Screen frozen for +554ms due to Window{17adf8a u0 com.futuremark.pcmark.android.benchmark/com.futuremark.haka.webtest.WebTestWorkload}
01-24 16:42:47.819  1132  1579 W SchedPolicy: add_tid_to_cgroup failed to write '19764' (No space left on device); fd=4
01-24 16:43:02.718  1132  1537 W SchedPolicy: add_tid_to_cgroup failed to write '2509' (No space left on device); fd=4
01-24 16:43:03.316  1132  1148 I ActivityManager: Start proc 20873:com.google.android.apps.turbo/u0a7 for service com.google.android.apps.turbo/.battery.BatteryChangedService
01-24 16:43:03.325  1132  1537 W SchedPolicy: add_tid_to_cgroup failed to write '20873' (No space left on device); fd=4
01-24 16:43:53.576  1132  1148 W SchedPolicy: add_tid_to_cgroup failed to write '20831' (No space left on device); fd=4
01-24 16:43:53.577  1132  1148 W SchedPolicy: add_tid_to_cgroup failed to write '20796' (No space left on device); fd=4
01-24 16:43:53.580  1132  1537 W ActivityManager: Duplicate finish request for ActivityRecord{d3b9059 u0 com.futuremark.pcmark.android.benchmark/com.futuremark.haka.webtest.WebTestWorkload t25 f}
01-24 16:43:53.617 20796 20796 E ActivityThread: Activity com.futuremark.haka.webtest.WebTestWorkload has leaked IntentReceiver org.chromium.content.browser.accessibility.LollipopWebContentsAccessibility$1@8c1f1d5 that was originally registered here. Are you missing a call to unregisterReceiver()?
01-24 16:43:53.617 20796 20796 E ActivityThread: android.app.IntentReceiverLeaked: Activity com.futuremark.haka.webtest.WebTestWorkload has leaked IntentReceiver org.chromium.content.browser.accessibility.LollipopWebContentsAccessibility$1@8c1f1d5 that was originally registered here. Are you missing a call to unregisterReceiver()?
01-24 16:43:53.617 20796 20796 E ActivityThread: 	at android.app.LoadedApk$ReceiverDispatcher.<init>(LoadedApk.java:1351)
01-24 16:43:53.617 20796 20796 E ActivityThread: 	at android.app.LoadedApk.getReceiverDispatcher(LoadedApk.java:1132)
01-24 16:43:53.617 20796 20796 E ActivityThread: 	at android.app.ContextImpl.registerReceiverInternal(ContextImpl.java:1421)
01-24 16:43:53.617 20796 20796 E ActivityThread: 	at android.app.ContextImpl.registerReceiver(ContextImpl.java:1394)
01-24 16:43:53.617 20796 20796 E ActivityThread: 	at android.app.ContextImpl.registerReceiver(ContextImpl.java:1382)
01-24 16:43:53.617 20796 20796 E ActivityThread: 	at android.content.ContextWrapper.registerReceiver(ContextWrapper.java:609)
01-24 16:43:53.617 20796 20796 E ActivityThread: 	at android.content.ContextWrapper.registerReceiver(ContextWrapper.java:609)
01-24 16:43:53.617 20796 20796 E ActivityThread: 	at org.chromium.content.browser.accessibility.LollipopWebContentsAccessibility.<init>(LollipopWebContentsAccessibility.java:3)
01-24 16:43:53.617 20796 20796 E ActivityThread: 	at org.chromium.content.browser.ContentViewCore.getAccessibilityNodeProvider(ContentViewCore.java:659)
01-24 16:43:53.617 20796 20796 E ActivityThread: 	at com.android.webview.chromium.WebViewChromium.getAccessibilityNodeProvider(WebViewChromium.java:636)
01-24 16:43:53.617 20796 20796 E ActivityThread: 	at android.webkit.WebView.getAccessibilityNodeProvider(WebView.java:2686)
01-24 16:43:53.617 20796 20796 E ActivityThread: 	at android.view.AccessibilityInteractionController$AccessibilityNodePrefetcher.prefetchDescendantsOfRealNode(AccessibilityInteractionController.java:1145)
01-24 16:43:53.617 20796 20796 E ActivityThread: 	at android.view.AccessibilityInteractionController$AccessibilityNodePrefetcher.prefetchDescendantsOfRealNode(AccessibilityInteractionController.java:1170)
01-24 16:43:53.617 20796 20796 E ActivityThread: 	at android.view.AccessibilityInteractionController$AccessibilityNodePrefetcher.prefetchDescendantsOfRealNode(AccessibilityInteractionController.java:1170)
01-24 16:43:53.617 20796 20796 E ActivityThread: 	at android.view.AccessibilityInteractionController$AccessibilityNodePrefetcher.prefetchDescendantsOfRealNode(AccessibilityInteractionController.java:1170)
01-24 16:43:53.617 20796 20796 E ActivityThread: 	at android.view.AccessibilityInteractionController$AccessibilityNodePrefetcher.prefetchAccessibilityNodeInfos(AccessibilityInteractionController.java:972)
01-24 16:43:53.617 20796 20796 E ActivityThread: 	at android.view.AccessibilityInteractionController.findAccessibilityNodeInfoByAccessibilityIdUiThread(AccessibilityInteractionController.java:336)
01-24 16:43:53.617 20796 20796 E ActivityThread: 	at android.view.AccessibilityInteractionController.-wrap1(Unknown Source:0)
01-24 16:43:53.617 20796 20796 E ActivityThread: 	at android.view.AccessibilityInteractionController$PrivateHandler.handleMessage(AccessibilityInteractionController.java:1324)
01-24 16:43:53.617 20796 20796 E ActivityThread: 	at android.os.Handler.dispatchMessage(Handler.java:106)
01-24 16:43:53.617 20796 20796 E ActivityThread: 	at android.os.Looper.loop(Looper.java:164)
01-24 16:43:53.617 20796 20796 E ActivityThread: 	at android.app.ActivityThread.main(ActivityThread.java:6494)
01-24 16:43:53.617 20796 20796 E ActivityThread: 	at java.lang.reflect.Method.invoke(Native Method)
01-24 16:43:53.617 20796 20796 E ActivityThread: 	at com.android.internal.os.RuntimeInit$MethodAndArgsCaller.run(RuntimeInit.java:438)
01-24 16:43:53.617 20796 20796 E ActivityThread: 	at com.android.internal.os.ZygoteInit.main(ZygoteInit.java:807)
01-24 16:43:53.635  1132  1537 I ActivityManager: Process com.android.chrome:sandboxed_process1 (pid 20831) has died: cch  CEM 
01-24 16:43:53.635  1132  1537 W ActivityManager: Scheduling restart of crashed service com.futuremark.pcmark.android.benchmark/org.chromium.content.app.SandboxedProcessService1 in 1000ms
01-24 16:43:53.648  1132  1151 D KernelUidCpuTimeReader: Removing uids 99021-99021
01-24 16:43:53.811  1132  2253 D ConnectivityService: ConnectivityService NetworkRequestInfo binderDied(NetworkRequest [ LISTEN id=42, [ Capabilities: INTERNET&NOT_RESTRICTED&TRUSTED&FOREGROUND] ], android.os.BinderProxy@286da54)
01-24 16:43:53.812  1132  1537 I ActivityManager: Process com.futuremark.pcmark.android.benchmark:workload (pid 20796) has died: cch  CEM 
01-24 16:43:54.133  1132  1537 I ActivityManager: START u0 {cmp=com.futuremark.pcmark.android.benchmark/com.futuremark.pcma.videoediting.app.mediaeffects.VideoEditingSurfaceWorkload (has extras)} from uid 10136
01-24 16:43:54.149  1132  1155 I ActivityManager: Start proc 20907:com.futuremark.pcmark.android.benchmark:workload/u0a136 for activity com.futuremark.pcmark.android.benchmark/com.futuremark.pcma.videoediting.app.mediaeffects.VideoEditingSurfaceWorkload
01-24 16:43:54.179  1132  1537 I ActivityManager: Config changes=480 {1.0 ?mcc?mnc [en_US] ldltr sw411dp w683dp h387dp 420dpi nrml widecg land finger -keyb/v/h -nav/h appBounds=Rect(0, 0 - 1794, 1080) s.9}
01-24 16:43:54.195  1132  1537 I ActivityManager: Override config changes=480 {1.0 ?mcc?mnc [en_US] ldltr sw411dp w683dp h387dp 420dpi nrml widecg land finger -keyb/v/h -nav/h appBounds=Rect(0, 0 - 1794, 1080) s.9} for displayId=0
01-24 16:43:54.511  1132  1234 E WindowManager: Performed 6 layouts in a row. Skipping
01-24 16:43:54.517  1132  1148 W SchedPolicy: add_tid_to_cgroup failed to write '19764' (No space left on device); fd=4
01-24 16:43:54.517  1132  1148 W SchedPolicy: add_tid_to_cgroup failed to write '19887' (No space left on device); fd=4
01-24 16:43:54.531  1132  1234 I WindowManager: Screen frozen for +373ms due to Window{7d709bb u0 Splash Screen com.futuremark.pcmark.android.benchmark}
01-24 16:43:55.654  1132  2255 V MediaRouterService: restoreBluetoothA2dp(false)
01-24 16:44:05.315  1132  2255 V MediaRouterService: restoreBluetoothA2dp(false)
01-24 16:44:05.881  1132  1382 V MediaRouterService: restoreBluetoothA2dp(false)
01-24 16:44:15.637  1132  1538 V MediaRouterService: restoreBluetoothA2dp(false)
01-24 16:44:16.201  1132  2255 V MediaRouterService: restoreBluetoothA2dp(false)
01-24 16:44:26.509  1132  2255 I chatty  : uid=1000(system) Binder:1132_D identical 2 lines
01-24 16:44:36.231  1132  2255 V MediaRouterService: restoreBluetoothA2dp(false)
01-24 16:44:36.781  1132  2230 V MediaRouterService: restoreBluetoothA2dp(false)
01-24 16:44:46.510  1132  7285 V MediaRouterService: restoreBluetoothA2dp(false)
01-24 16:44:47.047  1132  7285 I chatty  : uid=1000(system) Binder:1132_10 identical 1 line
01-24 16:44:56.791  1132  7285 V MediaRouterService: restoreBluetoothA2dp(false)
01-24 16:44:57.347  1132  1143 V MediaRouterService: restoreBluetoothA2dp(false)
01-24 16:45:07.072  1132  7285 V MediaRouterService: restoreBluetoothA2dp(false)
01-24 16:45:07.648  1132  1538 V MediaRouterService: restoreBluetoothA2dp(false)
01-24 16:45:17.389  1132  1143 V MediaRouterService: restoreBluetoothA2dp(false)
01-24 16:45:30.552  1132  1143 I ActivityManager: Config changes=480 {1.0 ?mcc?mnc [en_US] ldltr sw411dp w411dp h659dp 420dpi nrml widecg port finger -keyb/v/h -nav/h appBounds=Rect(0, 0 - 1080, 1794) s.10}
01-24 16:45:30.558  1132  1143 I ActivityManager: Override config changes=480 {1.0 ?mcc?mnc [en_US] ldltr sw411dp w411dp h659dp 420dpi nrml widecg port finger -keyb/v/h -nav/h appBounds=Rect(0, 0 - 1080, 1794) s.10} for displayId=0
01-24 16:45:30.649  1132  1148 W SchedPolicy: add_tid_to_cgroup failed to write '20907' (No space left on device); fd=4
01-24 16:45:30.658  1132  1143 W ActivityManager: Duplicate finish request for ActivityRecord{ae8bdfd u0 com.futuremark.pcmark.android.benchmark/com.futuremark.pcma.videoediting.app.mediaeffects.VideoEditingSurfaceWorkload t25 f}
01-24 16:45:30.754  1132  1234 I WindowManager: Screen frozen for +214ms due to Window{d0c5a02 u0 StatusBar}
01-24 16:45:31.129  1132  2230 I ActivityManager: Process com.futuremark.pcmark.android.benchmark:workload (pid 20907) has died: cch  CEM 
01-24 16:45:31.130  1132  1155 W ActivityManager: setHasOverlayUi called on unknown pid: 20907
01-24 16:45:31.464  1132  2230 I ActivityManager: START u0 {cmp=com.futuremark.pcmark.android.benchmark/com.futuremark.haka.textediting.TextEditingWorkload (has extras)} from uid 10136
01-24 16:45:31.482  1132  1155 I ActivityManager: Start proc 21092:com.futuremark.pcmark.android.benchmark:workload/u0a136 for activity com.futuremark.pcmark.android.benchmark/com.futuremark.haka.textediting.TextEditingWorkload
01-24 16:45:32.704  1132  1148 W SchedPolicy: add_tid_to_cgroup failed to write '19764' (No space left on device); fd=4
01-24 16:45:32.704  1132  1148 W SchedPolicy: add_tid_to_cgroup failed to write '19887' (No space left on device); fd=4
01-24 16:45:48.535  1132  1538 W SchedPolicy: add_tid_to_cgroup failed to write '20145' (No space left on device); fd=4
01-24 16:45:58.004  1132  1538 W SchedPolicy: add_tid_to_cgroup failed to write '20145' (No space left on device); fd=4
01-24 16:46:49.586  1132  1148 W SchedPolicy: add_tid_to_cgroup failed to write '21092' (No space left on device); fd=4
01-24 16:46:49.589  1132  1579 W ActivityManager: Duplicate finish request for ActivityRecord{804a76b u0 com.futuremark.pcmark.android.benchmark/com.futuremark.haka.textediting.TextEditingWorkload t25 f}
01-24 16:46:49.814  1132  1142 I ActivityManager: Process com.futuremark.pcmark.android.benchmark:workload (pid 21092) has died: cch  CEM 
01-24 16:46:49.815  1132  1155 W ActivityManager: setHasOverlayUi called on unknown pid: 21092
01-24 16:46:50.140  1132  1142 I ActivityManager: START u0 {cmp=com.futuremark.pcmark.android.benchmark/com.futuremark.haka.phototest.PhotoWorkload (has extras)} from uid 10136
01-24 16:46:50.155  1132  1155 I ActivityManager: Start proc 21174:com.futuremark.pcmark.android.benchmark:workload/u0a136 for activity com.futuremark.pcmark.android.benchmark/com.futuremark.haka.phototest.PhotoWorkload
01-24 16:46:50.673  1132  1142 W SchedPolicy: add_tid_to_cgroup failed to write '19764' (No space left on device); fd=4
01-24 16:46:50.673  1132  1142 W SchedPolicy: add_tid_to_cgroup failed to write '19887' (No space left on device); fd=4
01-24 16:47:41.691  1132  1148 W SchedPolicy: add_tid_to_cgroup failed to write '21174' (No space left on device); fd=4
01-24 16:47:41.694  1132  2252 W ActivityManager: Duplicate finish request for ActivityRecord{6a93732 u0 com.futuremark.pcmark.android.benchmark/com.futuremark.haka.phototest.PhotoWorkload t25 f}
01-24 16:47:41.904  1132  2230 I ActivityManager: Process com.futuremark.pcmark.android.benchmark:workload (pid 21174) has died: cch  CEM 
01-24 16:47:41.906  1132  1155 W ActivityManager: setHasOverlayUi called on unknown pid: 21174
01-24 16:47:42.225  1132  2230 I ActivityManager: START u0 {cmp=com.futuremark.pcmark.android.benchmark/com.futuremark.haka.datamanipulation.DataManipulationActivity (has extras)} from uid 10136
01-24 16:47:42.239  1132  1155 I ActivityManager: Start proc 21250:com.futuremark.pcmark.android.benchmark:workload/u0a136 for activity com.futuremark.pcmark.android.benchmark/com.futuremark.haka.datamanipulation.DataManipulationActivity
01-24 16:47:42.258  1132  1155 I WindowManager: Failed to capture screenshot of Token{ccf7ac0 ActivityRecord{4c15443 u0 com.futuremark.pcmark.android.benchmark/com.futuremark.haka.datamanipulation.DataManipulationActivity t25}} appWin=Window{7a4c14a u0 Splash Screen com.futuremark.pcmark.android.benchmark} drawState=1
01-24 16:47:42.260  1132  2230 I ActivityManager: Config changes=480 {1.0 ?mcc?mnc [en_US] ldltr sw411dp w683dp h387dp 420dpi nrml widecg land finger -keyb/v/h -nav/h appBounds=Rect(0, 0 - 1794, 1080) s.11}
01-24 16:47:42.327  1132  2230 I ActivityManager: Override config changes=480 {1.0 ?mcc?mnc [en_US] ldltr sw411dp w683dp h387dp 420dpi nrml widecg land finger -keyb/v/h -nav/h appBounds=Rect(0, 0 - 1794, 1080) s.11} for displayId=0
01-24 16:47:42.347  1132  2230 W ActivityManager: Slow operation: 88ms so far, now at attachApplicationLocked: after mServices.attachApplicationLocked
01-24 16:47:42.562  1132  1234 E WindowManager: Performed 6 layouts in a row. Skipping
01-24 16:47:42.572  1132  2255 W SchedPolicy: add_tid_to_cgroup failed to write '19764' (No space left on device); fd=4
01-24 16:47:42.573  1132  2255 W SchedPolicy: add_tid_to_cgroup failed to write '19887' (No space left on device); fd=4
01-24 16:47:42.577  1132  1234 I WindowManager: Screen frozen for +340ms due to Window{7a4c14a u0 Splash Screen com.futuremark.pcmark.android.benchmark}
--------- beginning of main
01-24 16:47:45.553   770   770 E android.hardware.power@1.1-service.wahoo: Governor not supported by powerHAL, skipping
01-24 16:47:45.566   770   770 E android.hardware.power@1.1-service.wahoo: Governor not supported by powerHAL, skipping
01-24 16:47:45.712   770   770 E android.hardware.power@1.1-service.wahoo: Governor not supported by powerHAL, skipping
01-24 16:47:45.798   770   770 E android.hardware.power@1.1-service.wahoo: Governor not supported by powerHAL, skipping
01-24 16:47:46.062   770   770 E android.hardware.power@1.1-service.wahoo: Governor not supported by powerHAL, skipping
01-24 16:47:46.088 21250 21255 I chatty  : uid=10136 com.futuremark.pcmark.android.benchmark:workload expire 8 lines
01-24 16:47:46.304   770   770 E android.hardware.power@1.1-service.wahoo: Governor not supported by powerHAL, skipping
01-24 16:47:46.314   770   770 E android.hardware.power@1.1-service.wahoo: Governor not supported by powerHAL, skipping
01-24 16:47:46.402   770   770 E android.hardware.power@1.1-service.wahoo: Governor not supported by powerHAL, skipping
01-24 16:47:46.409   770   770 E android.hardware.power@1.1-service.wahoo: Governor not supported by powerHAL, skipping
01-24 16:47:46.453   770   770 E android.hardware.power@1.1-service.wahoo: Governor not supported by powerHAL, skipping
01-24 16:47:46.461   770   770 E android.hardware.power@1.1-service.wahoo: Governor not supported by powerHAL, skipping
01-24 16:47:46.480   770   770 E android.hardware.power@1.1-service.wahoo: Governor not supported by powerHAL, skipping
01-24 16:47:46.693   770   770 E android.hardware.power@1.1-service.wahoo: Governor not supported by powerHAL, skipping
01-24 16:47:46.706   770   770 E android.hardware.power@1.1-service.wahoo: Governor not supported by powerHAL, skipping
01-24 16:47:46.715   770   770 E android.hardware.power@1.1-service.wahoo: Governor not supported by powerHAL, skipping
01-24 16:47:46.841   770   770 E android.hardware.power@1.1-service.wahoo: Governor not supported by powerHAL, skipping
01-24 16:47:46.850   770   770 E android.hardware.power@1.1-service.wahoo: Governor not supported by powerHAL, skipping
01-24 16:47:47.234 21250 21250 I chatty  : uid=10136 com.futuremark.pcmark.android.benchmark:workload expire 42 lines
01-24 16:47:47.296   770   770 E android.hardware.power@1.1-service.wahoo: Governor not supported by powerHAL, skipping
01-24 16:47:47.334   770   770 E android.hardware.power@1.1-service.wahoo: Governor not supported by powerHAL, skipping
01-24 16:47:47.826   770   770 E android.hardware.power@1.1-service.wahoo: Governor not supported by powerHAL, skipping
01-24 16:47:47.860   770   770 E android.hardware.power@1.1-service.wahoo: Governor not supported by powerHAL, skipping
01-24 16:47:47.888   770   770 E android.hardware.power@1.1-service.wahoo: Governor not supported by powerHAL, skipping
01-24 16:47:47.934   770   770 E android.hardware.power@1.1-service.wahoo: Governor not supported by powerHAL, skipping
01-24 16:47:47.944   770   770 E android.hardware.power@1.1-service.wahoo: Governor not supported by powerHAL, skipping
01-24 16:47:47.960   770   770 E android.hardware.power@1.1-service.wahoo: Governor not supported by powerHAL, skipping
01-24 16:47:47.970   770   770 E android.hardware.power@1.1-service.wahoo: Governor not supported by powerHAL, skipping
01-24 16:47:49.794 21250 21282 I chatty  : uid=10136 com.futuremark.pcmark.android.benchmark:workload expire 2 lines
01-24 16:47:49.821   770   770 E android.hardware.power@1.1-service.wahoo: Governor not supported by powerHAL, skipping
01-24 16:47:49.854   770   770 E android.hardware.power@1.1-service.wahoo: Governor not supported by powerHAL, skipping
01-24 16:47:49.862   770   770 E android.hardware.power@1.1-service.wahoo: Governor not supported by powerHAL, skipping
01-24 16:47:49.881   770   770 E android.hardware.power@1.1-service.wahoo: Governor not supported by powerHAL, skipping
01-24 16:47:49.935   770   770 E android.hardware.power@1.1-service.wahoo: Governor not supported by powerHAL, skipping
01-24 16:47:49.946   770   770 E android.hardware.power@1.1-service.wahoo: Governor not supported by powerHAL, skipping
01-24 16:47:49.965   770   770 E android.hardware.power@1.1-service.wahoo: Governor not supported by powerHAL, skipping
01-24 16:47:51.796 21250 21284 I chatty  : uid=10136 com.futuremark.pcmark.android.benchmark:workload expire 1 line
01-24 16:47:51.833   770   770 E android.hardware.power@1.1-service.wahoo: Governor not supported by powerHAL, skipping
01-24 16:47:51.865   770   770 E android.hardware.power@1.1-service.wahoo: Governor not supported by powerHAL, skipping
01-24 16:47:51.894   770   770 E android.hardware.power@1.1-service.wahoo: Governor not supported by powerHAL, skipping
01-24 16:47:51.938   770   770 E android.hardware.power@1.1-service.wahoo: Governor not supported by powerHAL, skipping
01-24 16:47:51.948   770   770 E android.hardware.power@1.1-service.wahoo: Governor not supported by powerHAL, skipping
01-24 16:47:51.967   770   770 E android.hardware.power@1.1-service.wahoo: Governor not supported by powerHAL, skipping
01-24 16:47:51.977   770   770 E android.hardware.power@1.1-service.wahoo: Governor not supported by powerHAL, skipping
01-24 16:47:52.600 19764 21277 I chatty  : uid=10136(com.futuremark.pcmark.android.benchmark) expire 1 line
01-24 16:47:53.797 21250 21286 I chatty  : uid=10136 com.futuremark.pcmark.android.benchmark:workload expire 1 line
01-24 16:47:53.828   770   770 E android.hardware.power@1.1-service.wahoo: Governor not supported by powerHAL, skipping
01-24 16:47:53.860   770   770 E android.hardware.power@1.1-service.wahoo: Governor not supported by powerHAL, skipping
01-24 16:47:53.866   770   770 E android.hardware.power@1.1-service.wahoo: Governor not supported by powerHAL, skipping
01-24 16:47:53.888   770   770 E android.hardware.power@1.1-service.wahoo: Governor not supported by powerHAL, skipping
01-24 16:47:53.939   770   770 E android.hardware.power@1.1-service.wahoo: Governor not supported by powerHAL, skipping
01-24 16:47:53.948   770   770 E android.hardware.power@1.1-service.wahoo: Governor not supported by powerHAL, skipping
01-24 16:47:53.961   770   770 E android.hardware.power@1.1-service.wahoo: Governor not supported by powerHAL, skipping
01-24 16:47:53.972   770   770 E android.hardware.power@1.1-service.wahoo: Governor not supported by powerHAL, skipping
01-24 16:47:54.606 21250 21267 I chatty  : uid=10136 com.futuremark.pcmark.android.benchmark:workload expire 65 lines
01-24 16:47:55.799 21250 21270 I chatty  : uid=10136 com.futuremark.pcmark.android.benchmark:workload expire 1 line
01-24 16:47:55.824   770   770 E android.hardware.power@1.1-service.wahoo: Governor not supported by powerHAL, skipping
01-24 16:47:55.857   770   770 E android.hardware.power@1.1-service.wahoo: Governor not supported by powerHAL, skipping
01-24 16:47:55.868   770   770 E android.hardware.power@1.1-service.wahoo: Governor not supported by powerHAL, skipping
01-24 16:47:55.907   770   770 E android.hardware.power@1.1-service.wahoo: Governor not supported by powerHAL, skipping
01-24 16:47:55.942   770   770 E android.hardware.power@1.1-service.wahoo: Governor not supported by powerHAL, skipping
01-24 16:47:55.950   770   770 E android.hardware.power@1.1-service.wahoo: Governor not supported by powerHAL, skipping
01-24 16:47:55.976   770   770 E android.hardware.power@1.1-service.wahoo: Governor not supported by powerHAL, skipping
01-24 16:47:55.986   770   770 E android.hardware.power@1.1-service.wahoo: Governor not supported by powerHAL, skipping
01-24 16:47:57.836   770   770 E android.hardware.power@1.1-service.wahoo: Governor not supported by powerHAL, skipping
01-24 16:47:57.868 21250 21250 I chatty  : uid=10136 com.futuremark.pcmark.android.benchmark:workload expire 166 lines
01-24 16:47:57.869   770   770 E android.hardware.power@1.1-service.wahoo: Governor not supported by powerHAL, skipping
01-24 16:47:57.873   770   770 I chatty  : uid=1000(system) power@1.1-servi identical 15 lines
01-24 16:47:57.896   770   770 E android.hardware.power@1.1-service.wahoo: Governor not supported by powerHAL, skipping
01-24 16:47:57.941   770   770 E android.hardware.power@1.1-service.wahoo: Governor not supported by powerHAL, skipping
01-24 16:47:57.953   770   770 E android.hardware.power@1.1-service.wahoo: Governor not supported by powerHAL, skipping
01-24 16:47:57.970   770   770 E android.hardware.power@1.1-service.wahoo: Governor not supported by powerHAL, skipping
01-24 16:47:57.981   770   770 E android.hardware.power@1.1-service.wahoo: Governor not supported by powerHAL, skipping
01-24 16:47:58.625 21250 21267 I chatty  : uid=10136 com.futuremark.pcmark.android.benchmark:workload expire 127 lines
01-24 16:47:59.801 21250 21284 I chatty  : uid=10136 com.futuremark.pcmark.android.benchmark:workload expire 1 line
01-24 16:48:00.870   770   770 E android.hardware.power@1.1-service.wahoo: Governor not supported by powerHAL, skipping
01-24 16:48:00.884   770   770 E android.hardware.power@1.1-service.wahoo: Governor not supported by powerHAL, skipping
01-24 16:48:00.961   770   770 E android.hardware.power@1.1-service.wahoo: Governor not supported by powerHAL, skipping
01-24 16:48:00.980   770   770 E android.hardware.power@1.1-service.wahoo: Governor not supported by powerHAL, skipping
01-24 16:48:01.035   770   770 E android.hardware.power@1.1-service.wahoo: Governor not supported by powerHAL, skipping
01-24 16:48:01.530   770   770 E android.hardware.power@1.1-service.wahoo: Governor not supported by powerHAL, skipping
01-24 16:48:01.802 21250 21286 I chatty  : uid=10136 com.futuremark.pcmark.android.benchmark:workload expire 1 line
01-24 16:48:01.804   770   770 E android.hardware.power@1.1-service.wahoo: Governor not supported by powerHAL, skipping
01-24 16:48:01.838   770   770 E android.hardware.power@1.1-service.wahoo: Governor not supported by powerHAL, skipping
01-24 16:48:01.860  1539  1539 E QtiImsExtUtils: getConfigForPhoneId phoneId is invalid
01-24 16:48:01.860  1539  1539 E QtiImsExtUtils: isCarrierConfigEnabled bundle is null
01-24 16:48:02.872   770   770 E android.hardware.power@1.1-service.wahoo: Governor not supported by powerHAL, skipping
01-24 16:48:02.899   770   770 E android.hardware.power@1.1-service.wahoo: Governor not supported by powerHAL, skipping
01-24 16:48:02.962   770   770 E android.hardware.power@1.1-service.wahoo: Governor not supported by powerHAL, skipping
01-24 16:48:02.998   770   770 E android.hardware.power@1.1-service.wahoo: Governor not supported by powerHAL, skipping
01-24 16:48:03.542   770   770 E android.hardware.power@1.1-service.wahoo: Governor not supported by powerHAL, skipping
01-24 16:48:03.804 21250 21270 I chatty  : uid=10136 com.futuremark.pcmark.android.benchmark:workload expire 1 line
01-24 16:48:03.806   770   770 E android.hardware.power@1.1-service.wahoo: Governor not supported by powerHAL, skipping
01-24 16:48:03.838   770   770 E android.hardware.power@1.1-service.wahoo: Governor not supported by powerHAL, skipping
01-24 16:48:04.072 19764 19764 I chatty  : uid=10136(com.futuremark.pcmark.android.benchmark) expire 3 lines
01-24 16:48:04.903   770   770 E android.hardware.power@1.1-service.wahoo: Governor not supported by powerHAL, skipping
01-24 16:48:04.938   770   770 E android.hardware.power@1.1-service.wahoo: Governor not supported by powerHAL, skipping
01-24 16:48:04.964   770   770 E android.hardware.power@1.1-service.wahoo: Governor not supported by powerHAL, skipping
01-24 16:48:05.006   770   770 E android.hardware.power@1.1-service.wahoo: Governor not supported by powerHAL, skipping
01-24 16:48:05.537   770   770 E android.hardware.power@1.1-service.wahoo: Governor not supported by powerHAL, skipping
01-24 16:48:05.806 21250 21282 I chatty  : uid=10136 com.futuremark.pcmark.android.benchmark:workload expire 1 line
01-24 16:48:05.807   770   770 E android.hardware.power@1.1-service.wahoo: Governor not supported by powerHAL, skipping
