01-24 16:50:29.548 19764 19764 V com.futuremark.pcmandroid.VirtualMachineState: [local] DbgPcmaPhotoEditingFlipJava3 = 72.060219
01-24 16:50:29.548 19764 19764 V com.futuremark.pcmandroid.ScoreEvaluator: context: PCMA_PHOTO_EDITING_V2.PCMA_PHOTO_EDITING_V2 score: DbgPcmaPhotoEditingRedEye1 value: 28.474272
01-24 16:50:29.548 19764 19764 V com.futuremark.pcmandroid.VirtualMachineState: [local] DbgPcmaPhotoEditingRedEye1 = 28.474272
01-24 16:50:29.548 19764 19764 V com.futuremark.pcmandroid.ScoreEvaluator: context: PCMA_PHOTO_EDITING_V2.PCMA_PHOTO_EDITING_V2 score: DbgPcmaPhotoEditingRedEye2 value: 15.741512
01-24 16:50:29.548 19764 19764 V com.futuremark.pcmandroid.VirtualMachineState: [local] DbgPcmaPhotoEditingRedEye2 = 15.741512
01-24 16:50:29.548 19764 19764 V com.futuremark.pcmandroid.ScoreEvaluator: context: PCMA_PHOTO_EDITING_V2.PCMA_PHOTO_EDITING_V2 score: DbgPcmaPhotoEditingRedEye3 value: 18.600992
01-24 16:50:29.548 19764 19764 V com.futuremark.pcmandroid.VirtualMachineState: [local] DbgPcmaPhotoEditingRedEye3 = 18.600992
01-24 16:50:29.548 19764 19764 V com.futuremark.pcmandroid.ScoreEvaluator: context: PCMA_PHOTO_EDITING_V2.PCMA_PHOTO_EDITING_V2 score: DbgPcmaPhotoEditingContrast1 value: 15.369637
01-24 16:50:29.548 19764 19764 V com.futuremark.pcmandroid.VirtualMachineState: [local] DbgPcmaPhotoEditingContrast1 = 15.369637
01-24 16:50:29.548 19764 19764 V com.futuremark.pcmandroid.ScoreEvaluator: context: PCMA_PHOTO_EDITING_V2.PCMA_PHOTO_EDITING_V2 score: DbgPcmaPhotoEditingContrast2 value: 8.371094
01-24 16:50:29.548 19764 19764 V com.futuremark.pcmandroid.VirtualMachineState: [local] DbgPcmaPhotoEditingContrast2 = 8.371094
01-24 16:50:29.548 19764 19764 V com.futuremark.pcmandroid.ScoreEvaluator: context: PCMA_PHOTO_EDITING_V2.PCMA_PHOTO_EDITING_V2 score: DbgPcmaPhotoEditingContrast3 value: 7.06125
01-24 16:50:29.548 19764 19764 V com.futuremark.pcmandroid.VirtualMachineState: [local] DbgPcmaPhotoEditingContrast3 = 7.06125
01-24 16:50:29.548 19764 19764 V com.futuremark.pcmandroid.ScoreEvaluator: context: PCMA_PHOTO_EDITING_V2.PCMA_PHOTO_EDITING_V2 score: DbgPcmaPhotoEditingSaturate1 value: 23.312555
01-24 16:50:29.548 19764 19764 V com.futuremark.pcmandroid.VirtualMachineState: [local] DbgPcmaPhotoEditingSaturate1 = 23.312555
01-24 16:50:29.548 19764 19764 V com.futuremark.pcmandroid.ScoreEvaluator: context: PCMA_PHOTO_EDITING_V2.PCMA_PHOTO_EDITING_V2 score: DbgPcmaPhotoEditingSaturate2 value: 13.778334
01-24 16:50:29.548 19764 19764 V com.futuremark.pcmandroid.VirtualMachineState: [local] DbgPcmaPhotoEditingSaturate2 = 13.778334
01-24 16:50:29.548 19764 19764 V com.futuremark.pcmandroid.ScoreEvaluator: context: PCMA_PHOTO_EDITING_V2.PCMA_PHOTO_EDITING_V2 score: DbgPcmaPhotoEditingSaturate3 value: 10.364793
01-24 16:50:29.548 19764 19764 V com.futuremark.pcmandroid.VirtualMachineState: [local] DbgPcmaPhotoEditingSaturate3 = 10.364793
01-24 16:50:29.548 19764 19764 V com.futuremark.pcmandroid.ScoreEvaluator: context: PCMA_PHOTO_EDITING_V2.PCMA_PHOTO_EDITING_V2 score: start_time value: 21345.631558
01-24 16:50:29.548 19764 19764 V com.futuremark.pcmandroid.VirtualMachineState: [local] start_time = 21345.631558
01-24 16:50:29.548 19764 19764 V com.futuremark.pcmandroid.ScoreEvaluator: context: PCMA_PHOTO_EDITING_V2.PCMA_PHOTO_EDITING_V2 score: end_time value: 21396.287054
01-24 16:50:29.549 19764 19764 V com.futuremark.pcmandroid.VirtualMachineState: [local] end_time = 21396.287054
01-24 16:50:29.549 19764 19764 V com.futuremark.pcmandroid.ScoreEvaluator: context: PCMA_DATA_MANIPULATION.PCMA_DATA_MANIPULATION score: start_time value: 21397.538929
01-24 16:50:29.549 19764 19764 V com.futuremark.pcmandroid.VirtualMachineState: [local] start_time = 21397.538929
01-24 16:50:29.549 19764 19764 V com.futuremark.pcmandroid.ScoreEvaluator: context: PCMA_DATA_MANIPULATION.PCMA_DATA_MANIPULATION score: end_time value: 21563.93779
01-24 16:50:29.549 19764 19764 V com.futuremark.pcmandroid.VirtualMachineState: [local] end_time = 21563.93779
01-24 16:50:29.549 19764 19764 V com.futuremark.pcmandroid.ScoreEvaluator: [run state] completed initial variable copy
01-24 16:50:29.549 19764 19764 D com.futuremark.pcmandroid.ScoreEvaluator: processing local scripts
01-24 16:50:29.549 19764 19764 D com.futuremark.pcmandroid.ScoreEvaluator: processing local script 1/1
01-24 16:50:29.576   599   599 D SurfaceFlinger: Set active color mode: HAL_COLOR_MODE_SRGB (7), type=0
01-24 16:50:29.578   601  9546 I SDM     : HWCDisplay::HandleColorModeTransform: Setting Color Mode = 7 Transform Hint = 1 Success
01-24 16:50:29.605 19764 19764 V com.futuremark.pcmandroid.ScoreVisitor: importing fmscore /productdb/pcma/2.0/PcmaWorkv2/webtest.fmscore
01-24 16:50:29.622 19764 19764 V com.futuremark.pcmandroid.ScoreVisitor: visiting line 2-9: PCMA_WEB_V2_SCORE_FOR_PASS=25000*geomean(1/PCMA_WEB_FROSTYPIN_RENDER_ITEMS_TIME,1/PCMA_WEB_FROSTYPIN_OPEN_SEARCH_TIME,1/PCMA_WEB_FROSTYPIN_WRITE_SEARCH_TIME,1/PCMA_WEB_FROSTYPIN_ADD_ITEM_TIME,PCMA_WEB_FROSTYPIN_ITEM_SCROLL_FRAMERATE,PCMA_WEB_FROSTYPIN_ADD_ANIMATION_FRAMERATE,PCMA_WEB_FROSTYPIN_OPEN_ITEM_FRAMERATE)
01-24 16:50:29.622 19764 19764 V com.futuremark.pcmandroid.ScoreVisitor: method ScoreVisitor.visitReal(25000) called
01-24 16:50:29.623 19764 19764 V com.futuremark.pcmandroid.ScoreVisitor: method ScoreVisitor.visitReal(1) called
01-24 16:50:29.623 19764 19764 I chatty  : uid=10136(com.futuremark.pcmark.android.benchmark) identical 2 lines
01-24 16:50:29.623 19764 19764 V com.futuremark.pcmandroid.ScoreVisitor: method ScoreVisitor.visitReal(1) called
01-24 16:50:29.624 19764 19764 V com.futuremark.pcmandroid.VirtualMachineState: [global] PCMA_WEB_V2_SCORE_FOR_PASS = 7883.007630318767
01-24 16:50:29.624 19764 19764 V com.futuremark.pcmandroid.ScoreVisitor: importing fmscore /productdb/pcma/2.0/PcmaWorkv2/videoediting.fmscore
01-24 16:50:29.634 19764 19764 V com.futuremark.pcmandroid.ScoreVisitor: visiting line 2-9: PCMA_VIDEO_EDITING_SCORE_FOR_PASS=30*geomean(geomean(PCMA_VIDEO_EDITING_GL_30FPS,PCMA_VIDEO_EDITING_DECODING_30FPS,PCMA_VIDEO_EDITING_GL_60FPS,PCMA_VIDEO_EDITING_DECODING_60FPS),(2500000/PCMA_VIDEO_EDITING_SAVING))
01-24 16:50:29.634 19764 19764 V com.futuremark.pcmandroid.ScoreVisitor: method ScoreVisitor.visitReal(30) called
01-24 16:50:29.635 19764 19764 V com.futuremark.pcmandroid.ScoreVisitor: method ScoreVisitor.visitReal(2500000) called
01-24 16:50:29.635 19764 19764 V com.futuremark.pcmandroid.ScoreVisitor: eval (2500000/PCMA_VIDEO_EDITING_SAVING) = 212.7116480898494
01-24 16:50:29.635 19764 19764 V com.futuremark.pcmandroid.VirtualMachineState: [global] PCMA_VIDEO_EDITING_SCORE_FOR_PASS = 6744.717038702689
01-24 16:50:29.635 19764 19764 V com.futuremark.pcmandroid.ScoreVisitor: importing fmscore /productdb/pcma/2.0/PcmaWorkv2/writing.fmscore
01-24 16:50:29.645 19764 19764 V com.futuremark.pcmandroid.ScoreVisitor: visiting line 2-8: PCMA_WRITING_V2_SCORE_FOR_PASS=2700000*geomean(1/PCMA_WRITING_LOAD,1/PCMA_WRITING_COPY_PASTE,1/PCMA_WRITING_SAVE,1/PCMA_WRITING_INSERT_PICTURES,1/PCMA_WRITING_PDF,1/PCMA_WRITING_CRYPTOGRAPHY)
01-24 16:50:29.645 19764 19764 V com.futuremark.pcmandroid.ScoreVisitor: method ScoreVisitor.visitReal(2700000) called
01-24 16:50:29.645 19764 19764 V com.futuremark.pcmandroid.ScoreVisitor: method ScoreVisitor.visitReal(1) called
01-24 16:50:29.646 19764 19764 I chatty  : uid=10136(com.futuremark.pcmark.android.benchmark) identical 4 lines
01-24 16:50:29.646 19764 19764 V com.futuremark.pcmandroid.ScoreVisitor: method ScoreVisitor.visitReal(1) called
01-24 16:50:29.646 19764 19764 V com.futuremark.pcmandroid.VirtualMachineState: [global] PCMA_WRITING_V2_SCORE_FOR_PASS = 7794.300606425818
01-24 16:50:29.646 19764 19764 V com.futuremark.pcmandroid.ScoreVisitor: importing fmscore /productdb/pcma/2.0/PcmaWorkv2/photoediting.fmscore
01-24 16:50:29.667   770   770 E android.hardware.power@1.1-service.wahoo: Governor not supported by powerHAL, skipping
01-24 16:50:29.683 19764 19764 V com.futuremark.pcmandroid.ScoreVisitor: visiting line 2-37: PCMA_PHOTO_EDITING_V2_SCORE_FOR_PASS=800000*geomean(geomean(1/PCMA_PHOTO_EDITING_CONTRAST_JAVA,1/PCMA_PHOTO_EDITING_CROP_JAVA,1/PCMA_PHOTO_EDITING_FLIP_JAVA,1/PCMA_PHOTO_EDITING_RGBADJUST_JAVA,1/PCMA_PHOTO_EDITING_ROTATE_JAVA),geomean(1/PCMA_PHOTO_EDITING_BLUR_RS,1/PCMA_PHOTO_EDITING_SHARPEN_RS,1/PCMA_PHOTO_EDITING_EMBOSS_RS),geomean(1/PCMA_PHOTO_EDITING_AUTOFIX,1/PCMA_PHOTO_EDITING_CONTRAST,1/PCMA_PHOTO_EDITING_CROSSPROCESS,1/PCMA_PHOTO_EDITING_DOCUMENTARY,1/PCMA_PHOTO_EDITING_FILLLIGHT,1/PCMA_PHOTO_EDITING_FISHEYE,1/PCMA_PHOTO_EDITING_FLIP,1/PCMA_PHOTO_EDITING_GRAIN,1/PCMA_PHOTO_EDITING_GRAYSCALE,1/PCMA_PHOTO_EDITING_LOMOISH,1/PCMA_PHOTO_EDITING_ROTATE,1/PCMA_PHOTO_EDITING_SATURATE,1/PCMA_PHOTO_EDITING_SHARPEN,1/PCMA_PHOTO_EDITING_TEMPERATURE,1/PCMA_PHOTO_EDITING_RED_EYE_FACE_DETECT,1/PCMA_PHOTO_EDITING_RED_EYE,1/PCMA_PHOTO_EDITING_LOAD,1/PCMA_PHOTO_EDITING_SAVE,1/PCMA_PHOTO_EDITING_DISPLAY,1/PCMA_PHOTO_EDITING_FETCH))
01-24 16:50:29.683 19764 19764 V com.futuremark.pcmandroid.ScoreVisitor: method ScoreVisitor.visitReal(800000) called
01-24 16:50:29.684 19764 19764 V com.futuremark.pcmandroid.ScoreVisitor: method ScoreVisitor.visitReal(1) called
01-24 16:50:29.689 19764 19764 I chatty  : uid=10136(com.futuremark.pcmark.android.benchmark) identical 26 lines
01-24 16:50:29.689 19764 19764 V com.futuremark.pcmandroid.ScoreVisitor: method ScoreVisitor.visitReal(1) called
01-24 16:50:29.689 19764 19764 V com.futuremark.pcmandroid.VirtualMachineState: [global] PCMA_PHOTO_EDITING_V2_SCORE_FOR_PASS = 18010.330557325367
01-24 16:50:29.690 19764 19764 V com.futuremark.pcmandroid.ScoreVisitor: importing fmscore /productdb/pcma/2.0/PcmaWorkv2/datamanipulation.fmscore
01-24 16:50:29.703 19764 19764 V com.futuremark.pcmandroid.ScoreVisitor: visiting line 2-16: PCMA_DATA_MANIPULATION_SCORE_FOR_PASS=5000*geomean(geomean(1/PCMA_DATA_MANIPULATION_READ_CSV,1/PCMA_DATA_MANIPULATION_READ_XML,1/PCMA_DATA_MANIPULATION_READ_JSON,1/PCMA_DATA_MANIPULATION_READ_JSON,1/PCMA_DATA_MANIPULATION_READ_PROTO,1/PCMA_DATA_MANIPULATION_READ_PROTO),geomean(PCMA_DATA_MANIPULATION_LINE_CHART,PCMA_DATA_MANIPULATION_BAR_CHART,PCMA_DATA_MANIPULATION_PIE_CHART,PCMA_DATA_MANIPULATION_REALTIME_CHART,PCMA_DATA_MANIPULATION_MULTI_CHART))
01-24 16:50:29.703 19764 19764 V com.futuremark.pcmandroid.ScoreVisitor: method ScoreVisitor.visitReal(5000) called
01-24 16:50:29.703 19764 19764 V com.futuremark.pcmandroid.ScoreVisitor: method ScoreVisitor.visitReal(1) called
01-24 16:50:29.704 19764 19764 I chatty  : uid=10136(com.futuremark.pcmark.android.benchmark) identical 4 lines
01-24 16:50:29.704 19764 19764 V com.futuremark.pcmandroid.ScoreVisitor: method ScoreVisitor.visitReal(1) called
01-24 16:50:29.705 19764 19764 V com.futuremark.pcmandroid.VirtualMachineState: [global] PCMA_DATA_MANIPULATION_SCORE_FOR_PASS = 6023.060402259205
01-24 16:50:29.705 19764 19764 V com.futuremark.pcmandroid.ScoreVisitor: visiting line 12-18: PCMA_WORK_V2_SCORE_FOR_PASS=geomean(PCMA_WEB_V2_SCORE_FOR_PASS,PCMA_VIDEO_EDITING_SCORE_FOR_PASS,PCMA_WRITING_V2_SCORE_FOR_PASS,PCMA_PHOTO_EDITING_V2_SCORE_FOR_PASS,PCMA_DATA_MANIPULATION_SCORE_FOR_PASS)
01-24 16:50:29.706 19764 19764 V com.futuremark.pcmandroid.VirtualMachineState: [global] PCMA_WORK_V2_SCORE_FOR_PASS = 8522.25151009523
01-24 16:50:29.706 19764 19764 D com.futuremark.pcmandroid.ScoreEvaluator: processing global scripts
01-24 16:50:29.706 19764 19764 V com.futuremark.pcmandroid.ScoreEvaluator: [run state] starting initial variable copy
01-24 16:50:29.706 19764 19764 I zygote  : Deoptimizing void com.futuremark.arielle.model.scores.ScoreEvaluator.readInitialState(com.futuremark.arielle.model.BenchmarkRunState, com.futuremark.arielle.model.scores.VirtualMachineState, int) due to JIT inline cache
01-24 16:50:29.706 19764 19764 V com.futuremark.pcmandroid.ScoreEvaluator: [run state] completed initial variable copy
01-24 16:50:29.706 19764 19764 D com.futuremark.pcmandroid.ScoreEvaluator: applying script '/productdb/pcma/2.0/PcmaWorkv2/PCMarkAndroid_global.fmscore'
01-24 16:50:29.711 19764 19764 V com.futuremark.pcmandroid.ScoreVisitor: visiting line 6: PCMA_WEB_V2_SCORE=geomean(@PCMA_WEB_V2_SCORE_FOR_PASS)
01-24 16:50:29.712 19764 19764 V com.futuremark.pcmandroid.VirtualMachineState: [global] PCMA_WEB_V2_SCORE = 7883.007630318767
01-24 16:50:29.712 19764 19764 V com.futuremark.pcmandroid.ScoreVisitor: visiting line 7: PCMA_VIDEO_EDITING_SCORE=geomean(@PCMA_VIDEO_EDITING_SCORE_FOR_PASS)
01-24 16:50:29.712 19764 19764 V com.futuremark.pcmandroid.VirtualMachineState: [global] PCMA_VIDEO_EDITING_SCORE = 6744.717038702689
01-24 16:50:29.713 19764 19764 V com.futuremark.pcmandroid.ScoreVisitor: visiting line 8: PCMA_WRITING_V2_SCORE=geomean(@PCMA_WRITING_V2_SCORE_FOR_PASS)
01-24 16:50:29.713 19764 19764 V com.futuremark.pcmandroid.VirtualMachineState: [global] PCMA_WRITING_V2_SCORE = 7794.300606425818
01-24 16:50:29.713 19764 19764 V com.futuremark.pcmandroid.ScoreVisitor: visiting line 9: PCMA_PHOTO_EDITING_V2_SCORE=geomean(@PCMA_PHOTO_EDITING_V2_SCORE_FOR_PASS)
01-24 16:50:29.713 19764 19764 V com.futuremark.pcmandroid.VirtualMachineState: [global] PCMA_PHOTO_EDITING_V2_SCORE = 18010.330557325367
01-24 16:50:29.713 19764 19764 V com.futuremark.pcmandroid.ScoreVisitor: visiting line 10: PCMA_DATA_MANIPULATION_SCORE=geomean(@PCMA_DATA_MANIPULATION_SCORE_FOR_PASS)
01-24 16:50:29.714 19764 19764 V com.futuremark.pcmandroid.VirtualMachineState: [global] PCMA_DATA_MANIPULATION_SCORE = 6023.060402259205
01-24 16:50:29.714 19764 19764 V com.futuremark.pcmandroid.ScoreVisitor: visiting line 12-18: PCMA_WORK_V2_SCORE=geomean(PCMA_WEB_V2_SCORE,PCMA_VIDEO_EDITING_SCORE,PCMA_WRITING_V2_SCORE,PCMA_PHOTO_EDITING_V2_SCORE,PCMA_DATA_MANIPULATION_SCORE)
01-24 16:50:29.714 19764 19764 V com.futuremark.pcmandroid.VirtualMachineState: [global] PCMA_WORK_V2_SCORE = 8522.25151009523
01-24 16:50:29.715 19764 19764 D com.futuremark.pcmandroid.*seBenchmarkRunActivity: Creating monitoringdata service, using file: /data/user/0/com.futuremark.pcmark.android.benchmark/files/21101884623803/21564804292678.csv
01-24 16:50:29.715 19764 19764 I com.futuremark.pcmandroid.MonitoringDataService: resetMonitoringData
01-24 16:50:29.715 19764 19764 D com.futuremark.pcmandroid.MonitoringDataUtil: combining monitoring data to file workload_event_service_temp_monitoring_data.csv from folder /data/user/0/com.futuremark.pcmark.android.benchmark/files/21101884623803
01-24 16:50:29.716 19764 19764 D com.futuremark.pcmandroid.MonitoringDataUtil: folder contains monitoringdata files: 21101927294328.csv 21102744221128.csv 21168347758653.csv 21169360257816.csv 21265681566682.csv 21266649039539.csv 21344353032957.csv 21345304407062.csv 21396442733875.csv 21397498568043.csv 21564076942710.csv 
01-24 16:50:29.717 19764 19764 I zygote  : Deoptimizing boolean com.google.a.c.dm.contains(java.lang.Object) due to JIT same target
01-24 16:50:29.751 19764 21434 W FlurryAgent: FlurryDataSender: report 725503a9-00fa-4873-8117-02dabd585be9 sent. HTTP response: 200 : OK
01-24 16:50:29.824 19764 19764 I zygote  : Deoptimizing void com.futuremark.arielle.csv.CsvWriter.keySanityCheck() due to JIT inline cache
01-24 16:50:29.824 19764 19764 I zygote  : Deoptimizing void com.futuremark.arielle.csv.CsvWriter.writeHeader() due to JIT inline cache
01-24 16:50:29.834 19764 19764 I com.futuremark.pcmandroid.*hmarkResultStorageUtil: storing result to /data/data/com.futuremark.pcmark.android.benchmark/files/2018-01-24T16-42-46-452.zip with monitoring data from /data/user/0/com.futuremark.pcmark.android.benchmark/files/workload_event_service_temp_monitoring_data.csv
01-24 16:50:29.835 19764 19764 I zygote  : Deoptimizing java.lang.Object[] com.google.a.c.bi.toArray() due to JIT inline cache
01-24 16:50:29.845 19764 19764 I zygote  : Deoptimizing void org.apache.xml.serializer.ToStream.startElement(java.lang.String, java.lang.String, java.lang.String, org.xml.sax.Attributes) due to JIT inline cache
01-24 16:50:29.845 19764 19764 I zygote  : Deoptimizing void org.apache.xml.serializer.ToStream.closeStartTag() due to JIT inline cache
01-24 16:50:29.845 19764 19764 I zygote  : Deoptimizing void org.apache.xml.serializer.ToStream.printSpace(int) due to JIT inline cache
01-24 16:50:29.845 19764 19764 I zygote  : Deoptimizing void org.apache.xml.serializer.ToStream.endElement(java.lang.String, java.lang.String, java.lang.String) due to JIT inline cache
01-24 16:50:29.846 19764 19764 I zygote  : Deoptimizing void org.apache.xml.serializer.ToStream.processAttributes(java.io.Writer, int) due to JIT inline cache
01-24 16:50:29.846 19764 19764 I zygote  : Deoptimizing void org.apache.xml.serializer.ToStream.writeAttrString(java.io.Writer, java.lang.String, java.lang.String) due to JIT inline cache
01-24 16:50:29.882 19764 19764 D com.futuremark.pcmandroid.TestDb: Data for required items already loaded [PCMA_WORK_V2]. Ignoring load request.
01-24 16:50:29.883 19764 19764 I zygote  : Deoptimizing com.google.a.c.bo com.futuremark.arielle.model.BenchmarkRunState.getScoresForPassIndex(int) due to JIT inline cache
01-24 16:50:29.899 19764 19764 V com.futuremark.pcmandroid.ExportServiceImpl: Exporting 2 rows to XML.
01-24 16:50:29.900 19764 19764 V com.futuremark.pcmandroid.ExportServiceImpl: Generating XML.
01-24 16:50:29.903 19764 19764 I com.futuremark.pcmandroid.SystemInfoServiceImpl: initializing CPUID, 2
01-24 16:50:29.904 19764 19764 I SocInfos: init
01-24 16:50:29.924 19764 19764 I com.futuremark.pcmandroid.SystemInfoServiceImpl: collect done, type:invariant, bat level:0, power src:UNKNOWN
01-24 16:50:29.946 19764 19764 I com.futuremark.pcmandroid.*hmarkResultStorageUtil: exposed file /data/data/com.futuremark.pcmark.android.benchmark/files/2018-01-24T16-42-46-452.zip
01-24 16:50:29.946 19764 19764 I com.futuremark.pcmandroid.*hmarkResultStorageUtil: stored result to /data/data/com.futuremark.pcmark.android.benchmark/files/2018-01-24T16-42-46-452.zip, total size 11994 bytes
01-24 16:50:29.949 19764 19764 I com.futuremark.pcmandroid.*hmarkResultStorageUtil: Copying result file to standard automation location /storage/emulated/0/PCMark for Android/pcma-result-2018-01-24T16-50-29-948.zip
01-24 16:50:29.950 19764 19764 I com.futuremark.pcmandroid.*hmarkResultStorageUtil: exposed file /storage/emulated/0/PCMark for Android/pcma-result-2018-01-24T16-50-29-948.zip
01-24 16:50:29.951 19764 19764 V com.futuremark.pcmandroid.*seBenchmarkRunActivity: call to BaseBenchmarkRunActivity.finish
01-24 16:50:29.951   770   770 E android.hardware.power@1.1-service.wahoo: Governor not supported by powerHAL, skipping
01-24 16:50:29.953   770   770 E android.hardware.power@1.1-service.wahoo: Governor not supported by powerHAL, skipping
01-24 16:50:29.953 19764 19764 V com.futuremark.pcmandroid.AbstractBmRunFsm: AndroidSpecificFsm invoked, but returned same state: BmRunExecutionState{fsmState=FINALIZE_BENCHMARK_RESULT, loopingCounter=0, currentWorkloadIndex=4}, event: BmRunFsmEvent{type=INTERNAL_TRANSITION, bmRunExecutionState=BmRunExecutionState{fsmState=FINALIZE_BENCHMARK_RESULT, loopingCounter=0, currentWorkloadIndex=4}, currentWorkload=Workload [type=PCMA_DATA_MANIPULATION, settings=13, results=1, compoundResult=null], maxWorkloadIndex=4, workloadCleanedUp=true, isSystemInfoRefreshed=true, freshSystemInfo=SystemInfo{utcTimestampMs=1516812629025, relativeTimestampNs=21564114786880, cpus=[com.futuremark.arielle.model.systeminfo.CpuData@7913cf7], gpus=[com.futuremark.arielle.model.systeminfo.GpuData@7746764], memory=com.futuremark.arielle.model.systeminfo.MemoryData@f68adcd, os=com.futuremark.arielle.model.systeminfo.SoftwareData@e14a682, battery=BatteryData{present=true, level=100, voltage=4390, health='Good', status='Charging', temperature=300, scale=100}, powerSource=PowerSource{type=PLUGGED_USB, maxDetectedType=PLUGGED_USB}}, bmRunGlobalSettings count=2, runErrors=[], lastWorkloadEndNanos=21564605019429, currentNanos=21564606665836}
01-24 16:50:29.953 19764 19764 I com.futuremark.pcmandroid.AbstractBmRunFsm: CommonBenchmarkRunFsm transitioned FINALIZE_BENCHMARK_RESULT->BENCHMARK_COMPLETED, on event type: INTERNAL_TRANSITION, full new state: BmRunExecutionState{fsmState=BENCHMARK_COMPLETED, loopingCounter=0, currentWorkloadIndex=4}
01-24 16:50:29.953 19764 19764 V com.futuremark.pcmandroid.AbstractBmRunFsm: fsmEvent that caused transition: BmRunFsmEvent{type=INTERNAL_TRANSITION, bmRunExecutionState=BmRunExecutionState{fsmState=FINALIZE_BENCHMARK_RESULT, loopingCounter=0, currentWorkloadIndex=4}, currentWorkload=Workload [type=PCMA_DATA_MANIPULATION, settings=13, results=1, compoundResult=null], maxWorkloadIndex=4, workloadCleanedUp=true, isSystemInfoRefreshed=true, freshSystemInfo=SystemInfo{utcTimestampMs=1516812629025, relativeTimestampNs=21564114786880, cpus=[com.futuremark.arielle.model.systeminfo.CpuData@7913cf7], gpus=[com.futuremark.arielle.model.systeminfo.GpuData@7746764], memory=com.futuremark.arielle.model.systeminfo.MemoryData@f68adcd, os=com.futuremark.arielle.model.systeminfo.SoftwareData@e14a682, battery=BatteryData{present=true, level=100, voltage=4390, health='Good', status='Charging', temperature=300, scale=100}, powerSource=PowerSource{type=PLUGGED_USB, maxDetectedType=PLUGGED_USB}}, bmRunGlobalSettings count=2, runErrors=[], lastWorkloadEndNanos=21564605019429, currentNanos=21564606665836}
01-24 16:50:29.953 19764 19764 D com.futuremark.pcmandroid.*ctBmRunFsmEventFactory: isSystemInfoRefreshed: false, currentTs: 0, oldSiRelativeTimestampNs: 0
01-24 16:50:29.953 19764 19764 V com.futuremark.pcmandroid.MonitoringDataManager: getRunTimeNanosForLastEvent(BEGIN_WORKLOAD_INIT), sampleId with event type not found.
01-24 16:50:29.953 19764 19764 V com.futuremark.pcmandroid.MonitoringDataManager: getRunTimeNanosForFirstEvent(END_WORKLOAD_DEINIT), sampleId with event type not found.
01-24 16:50:29.954 19764 19764 D com.futuremark.pcmandroid.AbstractBmRunFsm: Killing process com.futuremark.pcmark.android.benchmark:workload
01-24 16:50:29.954 19764 19764 D com.futuremark.pcmandroid.AbstractBmRunFsm: Killing workload process
01-24 16:50:29.954 19764 19764 I Process : Sending signal. PID: 21250 SIG: 9
01-24 16:50:29.983  1132  1538 I ActivityManager: Process com.futuremark.pcmark.android.benchmark:workload (pid 21250) has died: cch  CEM 
01-24 16:50:29.983  1132  1150 W zygote64: kill(-21250, 9) failed: No such process
01-24 16:50:29.983  1132  1150 I zygote64: Successfully killed process cgroup uid 10136 pid 21250 in 0ms
01-24 16:50:29.984  1132  1155 W ActivityManager: setHasOverlayUi called on unknown pid: 21250
01-24 16:50:29.991   770   770 E android.hardware.power@1.1-service.wahoo: Governor not supported by powerHAL, skipping
01-24 16:50:30.055 19764 19764 D com.futuremark.pcmandroid.AbstractBmRunFsm: Pid 21250 no longer found in the running app processes list
01-24 16:50:30.182 19764 19764 I zygote  : Explicit concurrent copying GC freed 82415(4MB) AllocSpace objects, 10(292KB) LOS objects, 50% free, 20MB/41MB, paused 60us total 127.046ms
01-24 16:50:30.310 19764 19764 I zygote  : Explicit concurrent copying GC freed 1543(80KB) AllocSpace objects, 0(0B) LOS objects, 50% free, 20MB/41MB, paused 55us total 124.649ms
01-24 16:50:30.310 19764 19764 V com.futuremark.pcmandroid.AbstractBmRunFsm: AndroidSpecificFsm invoked, but returned same state: BmRunExecutionState{fsmState=BENCHMARK_COMPLETED, loopingCounter=0, currentWorkloadIndex=4}, event: BmRunFsmEvent{type=INTERNAL_TRANSITION, bmRunExecutionState=BmRunExecutionState{fsmState=BENCHMARK_COMPLETED, loopingCounter=0, currentWorkloadIndex=4}, currentWorkload=Workload [type=PCMA_DATA_MANIPULATION, settings=13, results=1, compoundResult=null], maxWorkloadIndex=4, workloadCleanedUp=true, isSystemInfoRefreshed=false, freshSystemInfo=SystemInfo{utcTimestampMs=0, relativeTimestampNs=0, cpus=[], gpus=[], memory=com.futuremark.arielle.model.systeminfo.MemoryData@4001160, os=com.futuremark.arielle.model.systeminfo.SoftwareData@992d619, battery=BatteryData{present=false, level=0, voltage=0, health='', status='', temperature=0, scale=0}, powerSource=PowerSource{type=UNKNOWN, maxDetectedType=UNKNOWN}}, bmRunGlobalSettings count=2, runErrors=[], lastWorkloadEndNanos=21564804369501, currentNanos=21565043022129}
01-24 16:50:30.310 19764 19764 V com.futuremark.pcmandroid.AbstractBmRunFsm: CommonBenchmarkRunFsm invoked, but returned same state: BmRunExecutionState{fsmState=BENCHMARK_COMPLETED, loopingCounter=0, currentWorkloadIndex=4}, event: BmRunFsmEvent{type=INTERNAL_TRANSITION, bmRunExecutionState=BmRunExecutionState{fsmState=BENCHMARK_COMPLETED, loopingCounter=0, currentWorkloadIndex=4}, currentWorkload=Workload [type=PCMA_DATA_MANIPULATION, settings=13, results=1, compoundResult=null], maxWorkloadIndex=4, workloadCleanedUp=true, isSystemInfoRefreshed=false, freshSystemInfo=SystemInfo{utcTimestampMs=0, relativeTimestampNs=0, cpus=[], gpus=[], memory=com.futuremark.arielle.model.systeminfo.MemoryData@4001160, os=com.futuremark.arielle.model.systeminfo.SoftwareData@992d619, battery=BatteryData{present=false, level=0, voltage=0, health='', status='', temperature=0, scale=0}, powerSource=PowerSource{type=UNKNOWN, maxDetectedType=UNKNOWN}}, bmRunGlobalSettings count=2, runErrors=[], lastWorkloadEndNanos=21564804369501, currentNanos=21565043022129}
01-24 16:50:30.310 19764 19764 I com.futuremark.pcmandroid.BmRunFsmDriver: Identity transition (BENCHMARK_COMPLETED -> BENCHMARK_COMPLETED on INTERNAL_TRANSITION), full new state: BmRunExecutionState{fsmState=BENCHMARK_COMPLETED, loopingCounter=0, currentWorkloadIndex=4}
01-24 16:50:30.316   770   770 E android.hardware.power@1.1-service.wahoo: Governor not supported by powerHAL, skipping
01-24 16:50:30.317 19764 19764 V com.futuremark.pcmandroid.*seBenchmarkRunActivity: call to BaseBenchmarkRunActivity.onPause
01-24 16:50:30.317 19764 19764 I com.futuremark.pcmandroid.Watchdog: cancelWatchdog called, active false
01-24 16:50:30.317 19764 19764 D com.futuremark.pcmandroid.Poller: cancelPoller called, active false
01-24 16:50:30.317 19764 19764 D com.futuremark.pcmandroid.*seBenchmarkRunActivity: stopping services
01-24 16:50:30.317 19764 19764 I com.futuremark.pcmandroid.MonitoringDataService: flushMonitoringData: Deferring. We must have buffered monitoring data so CSV header is determined.
01-24 16:50:30.322   770   770 E android.hardware.power@1.1-service.wahoo: Governor not supported by powerHAL, skipping
01-24 16:50:30.327 19764 19764 D com.futuremark.pcmandroid.LicenseManagerImpl: getting license info
01-24 16:50:30.327 19764 19764 D com.futuremark.pcmandroid.LicenseManagerImpl: returning license: LicenseInfoImpl [licenseKey=NewLicenseKey [hashedKey=, licenseType=BASIC, product=PCM_ANDROID], watermark=, startDate=Thu Jan 01 01:00:00 GMT+01:00 1970, endDate=Sun Aug 17 07:12:55 GMT 292278994, options=BASIC_DEFAULTS ]
01-24 16:50:30.328 19764 19764 W FlurryAgent: Continuing previous session
01-24 16:50:30.329 19764 19764 I com.futuremark.pcmandroid.AbstractMainActivity: onActivityResult, resultCode: -1 requestCode: 1000, data: Intent { (has extras) }
01-24 16:50:30.329 19764 19764 I com.futuremark.pcmandroid.AbstractMainActivity: received result for correct code, result file in /data/data/com.futuremark.pcmark.android.benchmark/files/2018-01-24T16-42-46-452.zip
01-24 16:50:30.329 19764 19764 I com.futuremark.pcmandroid.AbstractMainActivity: reading result file from /data/data/com.futuremark.pcmark.android.benchmark/files/2018-01-24T16-42-46-452.zip
01-24 16:50:30.329 19764 19764 D com.futuremark.pcmandroid.LicenseManagerImpl: getting license info
01-24 16:50:30.330 19764 19764 D com.futuremark.pcmandroid.LicenseManagerImpl: returning license: LicenseInfoImpl [licenseKey=NewLicenseKey [hashedKey=, licenseType=BASIC, product=PCM_ANDROID], watermark=, startDate=Thu Jan 01 01:00:00 GMT+01:00 1970, endDate=Sun Aug 17 07:12:55 GMT 292278994, options=BASIC_DEFAULTS ]
01-24 16:50:30.330 19764 19764 D com.futuremark.pcmandroid.AbstractMainActivity: allowed to submit = true for license LicenseInfoImpl [licenseKey=NewLicenseKey [hashedKey=, licenseType=BASIC, product=PCM_ANDROID], watermark=, startDate=Thu Jan 01 01:00:00 GMT+01:00 1970, endDate=Sun Aug 17 07:12:55 GMT 292278994, options=BASIC_DEFAULTS ]
01-24 16:50:30.330 19764 19764 D com.futuremark.pcmandroid.LicenseManagerImpl: getting license info
01-24 16:50:30.330 19764 19764 D com.futuremark.pcmandroid.LicenseManagerImpl: returning license: LicenseInfoImpl [licenseKey=NewLicenseKey [hashedKey=, licenseType=BASIC, product=PCM_ANDROID], watermark=, startDate=Thu Jan 01 01:00:00 GMT+01:00 1970, endDate=Sun Aug 17 07:12:55 GMT 292278994, options=BASIC_DEFAULTS ]
01-24 16:50:30.330 19764 19764 D com.futuremark.pcmandroid.ResultServiceImpl: Converting result to dbentry
01-24 16:50:30.330 19764 21438 D com.futuremark.pcmandroid.ResultServiceImpl: submitting result on background thread
01-24 16:50:30.331 19764 21438 D com.futuremark.pcmandroid.PostFileUpload: Uploading /data/data/com.futuremark.pcmark.android.benchmark/files/2018-01-24T16-42-46-452.zip to http://www.3dmark.com/receiver/pcma
01-24 16:50:30.346 19764 19764 D com.futuremark.pcmandroid.ResultServiceImpl: BenchmarkRunState is is: BenchmarkRunState{product=pcma, testInfo=[[benchmarkTestVersion=[testAndPresetType=PCMA_WORK_V2_DEFAULT, version=2.0], testRunType=EXPLICIT]], executionState=BmRunExecutionState{fsmState=FINALIZE_BENCHMARK_RESULT, loopingCounter=0, currentWorkloadIndex=4}, installedWorkloads=[], selectedWorkloadSetTypes=[PCMA_WEB_BROWSING_V2, PCMA_VIDEO_EDITING, PCMA_WRITING_V2, PCMA_PHOTO_EDITING_V2, PCMA_DATA_MANIPULATION], settings=2, sets=5, results=12, applicationInfo=ApplicationInfo [infoItems=4, fileInfoItems=0, openCLDeviceInfo=OpenCLDeviceInfo [openCL11Devices=0, openCL12Devices=0]]}
01-24 16:50:30.346 19764 19764 D com.futuremark.pcmandroid.ResultServiceImpl: Result json is: ResultJson{overallScore=8522, subScores=[SubScoreJson{resultType=PCMA_VIDEO_EDITING_SCORE, score=6744.0}, SubScoreJson{resultType=PCMA_DATA_MANIPULATION_SCORE, score=6023.0}, SubScoreJson{resultType=PCMA_WRITING_V2_SCORE, score=7794.0}, SubScoreJson{resultType=PCMA_PHOTO_EDITING_V2_SCORE, score=18010.0}, SubScoreJson{resultType=PCMA_WEB_V2_SCORE, score=7883.0}], testAndPresetType=PCMA_WORK_V2_DEFAULT, capped=false, osVersion='8'}
01-24 16:50:30.347  1132  1538 W SchedPolicy: add_tid_to_cgroup failed to write '20145' (No space left on device); fd=4
01-24 16:50:30.361 19764 19764 I zygote  : Deoptimizing boolean com.google.a.c.bm.contains(java.lang.Object) due to JIT inline cache
01-24 16:50:30.361 19764 19764 I zygote  : Deoptimizing int com.google.a.c.da.indexOf(java.lang.Object) due to JIT inline cache
01-24 16:50:30.362   770   770 E android.hardware.power@1.1-service.wahoo: Governor not supported by powerHAL, skipping
01-24 16:50:30.362 19764 19764 I com.futuremark.pcmandroid.JavaScriptBridgeImpl: webview: state transition UPDATED -> UPDATED for url file:///android_res/raw/view_mydevice.html
01-24 16:50:30.362 19764 19764 I com.futuremark.pcmandroid.JavaScriptBridgeImpl: webview: state transition UPDATED -> UPDATED for url file:///android_res/raw/view_mydevice.html allowed
01-24 16:50:30.362 19764 19764 D com.futuremark.pcmandroid.JavaScriptBridgeImpl: webview: update for url file:///android_res/raw/view_mydevice.html
01-24 16:50:30.363 19764 19954 V com.futuremark.pcmandroid.JavaScriptBridgeImpl: getDeviceList testAndPresetType:PCMA_WORK_V2_DEFAULT amount:1 filter: sort:PCMA_WORK_V2_DEFAULT reverse:1 osFilter: osVersionFilter:
01-24 16:50:30.363 19764 19954 D com.futuremark.pcmandroid.DeviceUtil: filterDeviceList: amount: 1, filter: , sort: PCMA_WORK_V2_DEFAULT, reverse: true, osFilter: 1, testAndPresetTypes: [PCMA_WORK_V2_DEFAULT]
01-24 16:50:30.374 19764 19764 I com.futuremark.pcmandroid.AbstractMainActivity: [startup] call to AbstractMainActivity.onResume
01-24 16:50:30.374 19764 19764 D com.futuremark.pcmandroid.*ebViewFragmentActivity: onResume()
01-24 16:50:30.374 19764 19764 D com.futuremark.pcmandroid.*ebViewFragmentActivity: intent: Intent { cmp=com.futuremark.pcmark.android.benchmark/com.futuremark.gypsum.activity.WebViewMainActivity }
01-24 16:50:30.374 19764 19764 I com.futuremark.pcmandroid.JavaScriptBridgeImpl: handler for js bridge: com.futuremark.gypsum.activity.WebViewMainActivity
01-24 16:50:30.374 19764 19764 I com.futuremark.pcmandroid.AbstractMainActivity: Do Chops Discovery: false, based on: asyncTaskStatus: null, chopsOverallState: IDLE_DISCOVERY_DONE, isLastDiscoveryLongTimeAgo: false, allUnavailable: false
01-24 16:50:30.376 19764 19764 V MediaPlayer: resetDrmState:  mDrmInfo=null mDrmProvisioningThread=null mPrepareDrmInProgress=false mActiveDrmScheme=false
01-24 16:50:30.376 19764 19764 V MediaPlayer: cleanDrmObj: mDrmObj=null mDrmSessionId=null
01-24 16:50:30.376   836   836 D NuPlayerDriver: NuPlayerDriver(0xf02c1070) created, clientPid(19764)
01-24 16:50:30.378   836 21442 D GenericSource: FileSource remote
01-24 16:50:30.381   836 21441 D NuPlayerDriver: notifyListener_l(0xf02c1070), (5, 1920, 1080, -1), loop setting(0, 0)
01-24 16:50:30.382   834  1787 D MediaBufferGroup: creating MemoryDealer
01-24 16:50:30.382   836 21441 D NuPlayerDriver: notifyListener_l(0xf02c1070), (1, 0, 0, -1), loop setting(0, 0)
01-24 16:50:30.383 19764 19764 V MediaPlayer: resetDrmState:  mDrmInfo=null mDrmProvisioningThread=null mPrepareDrmInProgress=false mActiveDrmScheme=false
01-24 16:50:30.383 19764 19764 V MediaPlayer: cleanDrmObj: mDrmObj=null mDrmSessionId=null
01-24 16:50:30.383   836   836 D NuPlayerDriver: reset(0xf02c1070) at state 4
01-24 16:50:30.383   836   836 D NuPlayerDriver: notifyListener_l(0xf02c1070), (8, 0, 0, -1), loop setting(0, 0)
01-24 16:50:30.384   836 21441 D NuPlayerDriver: notifyResetComplete(0xf02c1070)
01-24 16:50:30.385   770   770 E android.hardware.power@1.1-service.wahoo: Governor not supported by powerHAL, skipping
01-24 16:50:30.401 19764 19764 D com.futuremark.pcmandroid.BaseWebViewFragment: fmFandango || updatePage: PAGE_MYDEVICE - file:///android_res/raw/fandango.js:18 file:///android_res/raw/view_mydevice.html
01-24 16:50:30.402 19764 19764 D com.futuremark.pcmandroid.BaseWebViewFragment: fmAdapter || getDeviceList testAndPresetType: PCMA_WORK_V2_DEFAULT,amount:1, filter: , sort: PCMA_WORK_V2_DEFAULT, sortReverse: undefined, osFilter: undefined, osVersionFilter: undefined - file:///android_res/raw/fandango.js:18 file:///android_res/raw/view_mydevice.html
01-24 16:50:30.402 19764 19764 W MediaPlayer: mediaplayer went away with unhandled events
01-24 16:50:30.402 19764 19764 W MediaPlayer: mediaplayer went away with unhandled events
01-24 16:50:30.433  1340  1340 D StatusBar: disable<e i a s b h r c s q >
01-24 16:50:30.491 19764 19764 D com.futuremark.pcmandroid.BaseWebViewFragment: fmProperties || SetProperties: [object Object] - file:///android_res/raw/fandango.js:12 file:///android_res/raw/view_mydevice.html
01-24 16:50:30.491 19764 19764 D com.futuremark.pcmandroid.BaseWebViewFragment: fmFandango ||setting deviceList. items: 2 - file:///android_res/raw/fandango.js:18 file:///android_res/raw/view_mydevice.html
01-24 16:50:30.491 19764 19764 D com.futuremark.pcmandroid.BaseWebViewFragment: fmDeviceList ||updateListData activeListPreset: PCMA_WORK_V2_DEFAULT - osVersionFilter: 8 - file:///android_res/raw/fandango.js:12 file:///android_res/raw/view_mydevice.html
01-24 16:50:30.491 19764 19764 D com.futuremark.pcmandroid.BaseWebViewFragment: fmDeviceList ||updateListData - finding reference scores - file:///android_res/raw/fandango.js:12 file:///android_res/raw/view_mydevice.html
01-24 16:50:30.492 19764 19764 D com.futuremark.pcmandroid.BaseWebViewFragment: fmUtils ||findResultForOSVersion - testAndPresetType: PCMA_WORK_V2_DEFAULT- osVersionFilter: 8 - file:///android_res/raw/fandango.js:12 file:///android_res/raw/view_mydevice.html
01-24 16:50:30.492 19764 19764 D com.futuremark.pcmandroid.BaseWebViewFragment: fmUtils ||setDeviceResults - device.id: 7967- activeListPreset: PCMA_WORK_V2_DEFAULT - isSlingShot: false- osVersionFilter: 8 - file:///android_res/raw/fandango.js:12 file:///android_res/raw/view_mydevice.html
01-24 16:50:30.492 19764 19764 D com.futuremark.pcmandroid.BaseWebViewFragment: fmUtils ||findResultForOSVersion - testAndPresetType: PCMA_WORK_V2_DEFAULT- osVersionFilter: 8 - file:///android_res/raw/fandango.js:12 file:///android_res/raw/view_mydevice.html
01-24 16:50:30.492 19764 19764 D com.futuremark.pcmandroid.BaseWebViewFragment: fmUtils ||relatedResult - device.id: 7967- result.testAndPresetType: PCMA_WORK_V2_DEFAULT- osVersionFilter: 8 - file:///android_res/raw/fandango.js:12 file:///android_res/raw/view_mydevice.html
01-24 16:50:30.492 19764 19764 D com.futuremark.pcmandroid.BaseWebViewFragment: fmUtils ||findResultForOSVersion - testAndPresetType: PCMA_WORK_V2_BATTERY_DEFAULT- osVersionFilter: 8 - file:///android_res/raw/fandango.js:12 file:///android_res/raw/view_mydevice.html
01-24 16:50:30.492 19764 19764 D com.futuremark.pcmandroid.BaseWebViewFragment: fmUtils ||device.result.overallScore: 8126 - file:///android_res/raw/fandango.js:12 file:///android_res/raw/view_mydevice.html
01-24 16:50:30.493 19764 19764 D com.futuremark.pcmandroid.BaseWebViewFragment: fmUtils ||setDeviceResults - device.id: 7799- activeListPreset: PCMA_WORK_V2_DEFAULT - isSlingShot: false- osVersionFilter: 8 - file:///android_res/raw/fandango.js:12 file:///android_res/raw/view_mydevice.html
01-24 16:50:30.493 19764 19764 D com.futuremark.pcmandroid.BaseWebViewFragment: fmUtils ||findResultForOSVersion - testAndPresetType: PCMA_WORK_V2_DEFAULT- osVersionFilter: 8 - file:///android_res/raw/fandango.js:12 file:///android_res/raw/view_mydevice.html
01-24 16:50:30.493 19764 19764 D com.futuremark.pcmandroid.BaseWebViewFragment: fmUtils ||relatedResult - device.id: 7799- result.testAndPresetType: PCMA_WORK_V2_DEFAULT- osVersionFilter: 8 - file:///android_res/raw/fandango.js:12 file:///android_res/raw/view_mydevice.html
01-24 16:50:30.493 19764 19764 D com.futuremark.pcmandroid.BaseWebViewFragment: fmUtils ||findResultForOSVersion - testAndPresetType: PCMA_WORK_V2_BATTERY_DEFAULT- osVersionFilter: 8 - file:///android_res/raw/fandango.js:12 file:///android_res/raw/view_mydevice.html
01-24 16:50:30.493 19764 19764 D com.futuremark.pcmandroid.BaseWebViewFragment: fmUtils ||device.result.overallScore: 7218 - file:///android_res/raw/fandango.js:12 file:///android_res/raw/view_mydevice.html
01-24 16:50:30.493 19764 19764 D com.futuremark.pcmandroid.BaseWebViewFragment: fmFandango || updateResults  - file:///android_res/raw/fandango.js:19 file:///android_res/raw/view_mydevice.html
01-24 16:50:30.493 19764 19764 D com.futuremark.pcmandroid.BaseWebViewFragment: fmAdapter || getResults - file:///android_res/raw/fandango.js:18 file:///android_res/raw/view_mydevice.html
01-24 16:50:30.501 19764 19954 I com.futuremark.pcmandroid.ResultsDataSource: loaded 1 results from database
01-24 16:50:30.509 19764 19954 I com.futuremark.pcmandroid.ResultServiceJsonProxy: All results: [{"androidVersion":"8.1.0","defaultSettingsUsed":true,"id":1,"result":{"capped":false,"osVersion":"8","overallScore":8522,"subScores":[{"resultType":"PCMA_VIDEO_EDITING_SCORE","score":6744.0},{"resultType":"PCMA_DATA_MANIPULATION_SCORE","score":6023.0},{"resultType":"PCMA_WRITING_V2_SCORE","score":7794.0},{"resultType":"PCMA_PHOTO_EDITING_V2_SCORE","score":18010.0},{"resultType":"PCMA_WEB_V2_SCORE","score":7883.0}],"testAndPresetType":"PCMA_WORK_V2_DEFAULT"},"resultFilePath":"/data/data/com.futuremark.pcmark.android.benchmark/files/2018-01-24T16-42-46-452.zip","testVersion":"2.0","utcDate":"2018-01-24T16:50:30.345Z","localDateTime":"Jan 24 2018 16:50"}]
01-24 16:50:30.511 19764 19764 D com.futuremark.pcmandroid.BaseWebViewFragment: fmAdapter || getMyDevice - file:///android_res/raw/fandango.js:18 file:///android_res/raw/view_mydevice.html
01-24 16:50:30.511 19764 19954 V com.futuremark.pcmandroid.JavaScriptBridgeImpl: webview: call to JavaScriptBridgeImpl.getMyDevice true
01-24 16:50:30.519 19764 19764 D com.futuremark.pcmandroid.BaseWebViewFragment: viewMyDevice || render - file:///android_res/raw/fandango.js:20 file:///android_res/raw/view_mydevice.html
01-24 16:50:30.520 19764 19764 D com.futuremark.pcmandroid.BaseWebViewFragment: [object Object] - file:///android_res/raw/fandango.js:20 file:///android_res/raw/view_mydevice.html
01-24 16:50:30.526 19764 19764 D com.futuremark.pcmandroid.BaseWebViewFragment: viewDeviceDetails || render: Google Pixel 2 vs none - file:///android_res/raw/fandango.js:19 file:///android_res/raw/view_mydevice.html
01-24 16:50:30.526 19764 19764 D com.futuremark.pcmandroid.BaseWebViewFragment: viewDeviceDetails || render: 7799 vs none - file:///android_res/raw/fandango.js:19 file:///android_res/raw/view_mydevice.html
01-24 16:50:30.538 19764 19764 D com.futuremark.pcmandroid.BaseWebViewFragment: viewDeviceDetails || setSelectedTest, selectedTest: PCMA_WORK_V2_DEFAULT - file:///android_res/raw/fandango.js:19 file:///android_res/raw/view_mydevice.html
01-24 16:50:30.538 19764 19764 D com.futuremark.pcmandroid.BaseWebViewFragment: selectFilter || initialize - file:///android_res/raw/fandango.js:16 file:///android_res/raw/view_mydevice.html
01-24 16:50:30.538 19764 19764 D com.futuremark.pcmandroid.BaseWebViewFragment: selectFilter || render - file:///android_res/raw/fandango.js:16 file:///android_res/raw/view_mydevice.html
01-24 16:50:30.540 19764 19954 V com.futuremark.pcmandroid.JavaScriptBridgeImpl: getOsVersionList testAndPresetType:PCMA_WORK_V2_DEFAULT 
01-24 16:50:30.540 19764 19954 D Booga   : getOsVersionList testAndPresetType: PCMA_WORK_V2_DEFAULT
01-24 16:50:30.540 19764 19954 D Booga   : osVersionList requested: 8,7,6,5,4,ALL
01-24 16:50:30.540 19764 19954 D Booga   : getOsVersionDefault default found: 8
01-24 16:50:30.541 19764 19764 D com.futuremark.pcmandroid.BaseWebViewFragment: selectFilter || initialize - file:///android_res/raw/fandango.js:16 file:///android_res/raw/view_mydevice.html
01-24 16:50:30.541 19764 19764 D com.futuremark.pcmandroid.BaseWebViewFragment: selectFilter || render - file:///android_res/raw/fandango.js:16 file:///android_res/raw/view_mydevice.html
01-24 16:50:30.545 19764 19764 D com.futuremark.pcmandroid.BaseWebViewFragment: viewDeviceDetails || setSelectedTest, selectedTest: PCMA_WORK_V2_DEFAULT - file:///android_res/raw/fandango.js:19 file:///android_res/raw/view_mydevice.html
01-24 16:50:30.546 19764 19764 D com.futuremark.pcmandroid.BaseWebViewFragment: fmResizer ||render - file:///android_res/raw/fandango.js:11 file:///android_res/raw/view_mydevice.html
01-24 16:50:30.546 19764 19764 D com.futuremark.pcmandroid.BaseWebViewFragment: fmResizer || render: w: 412, h:612 - file:///android_res/raw/fandango.js:11 file:///android_res/raw/view_mydevice.html
01-24 16:50:30.586 19764 19764 D com.futuremark.pcmandroid.BaseWebViewFragment: DeviceListState: MyDevice || Devicelist Image state is empty.  - file:///android_res/raw/fandango.js:15 file:///android_res/raw/view_mydevice.html
01-24 16:50:30.588 19764 19954 V com.futuremark.pcmandroid.JavaScriptBridgeImpl: webview: update completed: file:///android_res/raw/view_mydevice.html
01-24 16:50:30.589 19764 19764 D com.futuremark.pcmandroid.*ebViewFragmentActivity: all webviews are ready and updated
01-24 16:50:30.589 19764 19764 I com.futuremark.pcmandroid.WebViewMainActivity: onWebViewUpdateCompleted file:///android_res/raw/view_mydevice.html, waiting for file:///android_res/raw/view_pcma.html
01-24 16:50:30.589 19764 19764 D com.futuremark.pcmandroid.BaseWebViewFragment: fmResizer ||render - file:///android_res/raw/fandango.js:11 file:///android_res/raw/view_mydevice.html
01-24 16:50:30.589 19764 19764 D com.futuremark.pcmandroid.BaseWebViewFragment: fmResizer || render: w: 412, h:612 - file:///android_res/raw/fandango.js:11 file:///android_res/raw/view_mydevice.html
01-24 16:50:30.727 19764 19764 D com.futuremark.pcmandroid.BaseWebViewFragment: fmResizer ||render - file:///android_res/raw/fandango.js:11 file:///android_res/raw/view_pcma.html
01-24 16:50:30.727 19764 19764 D com.futuremark.pcmandroid.BaseWebViewFragment: fmResizer || render: w: 412, h:636 - file:///android_res/raw/fandango.js:11 file:///android_res/raw/view_pcma.html
01-24 16:50:30.768 19764 19764 D com.futuremark.pcmandroid.BaseWebViewFragment: fmResizer ||render - file:///android_res/raw/fandango.js:11 file:///android_res/raw/view_benchmarks.html
01-24 16:50:30.768 19764 19764 D com.futuremark.pcmandroid.BaseWebViewFragment: fmResizer || render: w: 412, h:636 - file:///android_res/raw/fandango.js:11 file:///android_res/raw/view_benchmarks.html
01-24 16:50:30.770 19764 19764 D com.futuremark.pcmandroid.BaseWebViewFragment: fmResizer ||render - file:///android_res/raw/fandango.js:11 file:///android_res/raw/view_mydevice.html
01-24 16:50:30.770 19764 19764 D com.futuremark.pcmandroid.BaseWebViewFragment: fmResizer || render: w: 412, h:636 - file:///android_res/raw/fandango.js:11 file:///android_res/raw/view_mydevice.html
01-24 16:50:30.792 19764 21438 D com.futuremark.pcmandroid.PostFileUpload: 200
01-24 16:50:30.792 19764 21438 D com.futuremark.pcmandroid.PostFileUpload: OK
01-24 16:50:30.793 19764 21445 D com.futuremark.pcmandroid.TestDb: Data for required items already loaded [PCMA_WORK, PCMA_WORK_V2, PCMA_WORK_BATTERY, PCMA_WORK_V2_BATTERY, PCMA_STORAGE, PCMA_COMPUTER_VISION]. Ignoring load request.
01-24 16:50:30.807 19764 19764 D com.futuremark.pcmandroid.BaseWebViewFragment: fmResizer ||render - file:///android_res/raw/fandango.js:11 file:///android_res/raw/view_devicelist.html
01-24 16:50:30.807 19764 19764 D com.futuremark.pcmandroid.BaseWebViewFragment: fmResizer || render: w: 412, h:636 - file:///android_res/raw/fandango.js:11 file:///android_res/raw/view_devicelist.html
01-24 16:50:30.872 19764 19764 D com.futuremark.pcmandroid.BaseWebViewFragment: fmResizer ||render - file:///android_res/raw/fandango.js:11 file:///android_res/raw/view_benchmarks.html
01-24 16:50:30.872 19764 19764 D com.futuremark.pcmandroid.BaseWebViewFragment: fmResizer || render: w: 412, h:612 - file:///android_res/raw/fandango.js:11 file:///android_res/raw/view_benchmarks.html
01-24 16:50:30.893 19764 19764 V com.futuremark.pcmandroid.*seBenchmarkRunActivity: call to BaseBenchmarkRunActivity.onStop
01-24 16:50:30.893 19764 19764 D com.futuremark.pcmandroid.LicenseManagerImpl: getting license info
01-24 16:50:30.894 19764 19764 D com.futuremark.pcmandroid.LicenseManagerImpl: returning license: LicenseInfoImpl [licenseKey=NewLicenseKey [hashedKey=, licenseType=BASIC, product=PCM_ANDROID], watermark=, startDate=Thu Jan 01 01:00:00 GMT+01:00 1970, endDate=Sun Aug 17 07:12:55 GMT 292278994, options=BASIC_DEFAULTS ]
01-24 16:50:30.894 19764 19764 W FlurryAgent: Trying to end session
01-24 16:50:30.896 19764 19764 D com.futuremark.pcmandroid.BaseWebViewAppFragment: destroy webview
01-24 16:50:30.896 19764 19764 V com.futuremark.pcmandroid.*seBenchmarkRunActivity: call to BaseBenchmarkRunActivity.onDestroy
01-24 16:50:30.896 19764 19764 V com.futuremark.pcmandroid.*seBenchmarkRunActivity: clearState called
01-24 16:50:30.896 19764 19764 D com.futuremark.pcmandroid.*seBenchmarkRunActivity: stopping services
01-24 16:50:30.903 19764 19764 D com.futuremark.pcmandroid.BaseWebViewFragment: fmResizer ||render - file:///android_res/raw/fandango.js:11 file:///android_res/raw/view_mydevice.html
01-24 16:50:30.903 19764 19764 D com.futuremark.pcmandroid.BaseWebViewFragment: fmResizer || render: w: 412, h:612 - file:///android_res/raw/fandango.js:11 file:///android_res/raw/view_mydevice.html
01-24 16:50:30.911 19764 19764 E ActivityThread: Activity com.futuremark.gypsum.activity.PcmaWorkActivity has leaked IntentReceiver org.chromium.content.browser.accessibility.LollipopWebContentsAccessibility$1@116f6de that was originally registered here. Are you missing a call to unregisterReceiver()?
01-24 16:50:30.911 19764 19764 E ActivityThread: android.app.IntentReceiverLeaked: Activity com.futuremark.gypsum.activity.PcmaWorkActivity has leaked IntentReceiver org.chromium.content.browser.accessibility.LollipopWebContentsAccessibility$1@116f6de that was originally registered here. Are you missing a call to unregisterReceiver()?
01-24 16:50:30.911 19764 19764 E ActivityThread: 	at android.app.LoadedApk$ReceiverDispatcher.<init>(LoadedApk.java:1351)
01-24 16:50:30.911 19764 19764 E ActivityThread: 	at android.app.LoadedApk.getReceiverDispatcher(LoadedApk.java:1132)
01-24 16:50:30.911 19764 19764 E ActivityThread: 	at android.app.ContextImpl.registerReceiverInternal(ContextImpl.java:1421)
01-24 16:50:30.911 19764 19764 E ActivityThread: 	at android.app.ContextImpl.registerReceiver(ContextImpl.java:1394)
01-24 16:50:30.911 19764 19764 E ActivityThread: 	at android.app.ContextImpl.registerReceiver(ContextImpl.java:1382)
01-24 16:50:30.911 19764 19764 E ActivityThread: 	at android.content.ContextWrapper.registerReceiver(ContextWrapper.java:609)
01-24 16:50:30.911 19764 19764 E ActivityThread: 	at android.content.ContextWrapper.registerReceiver(ContextWrapper.java:609)
01-24 16:50:30.911 19764 19764 E ActivityThread: 	at org.chromium.content.browser.accessibility.LollipopWebContentsAccessibility.<init>(LollipopWebContentsAccessibility.java:3)
01-24 16:50:30.911 19764 19764 E ActivityThread: 	at org.chromium.content.browser.ContentViewCore.getAccessibilityNodeProvider(ContentViewCore.java:659)
01-24 16:50:30.911 19764 19764 E ActivityThread: 	at com.android.webview.chromium.WebViewChromium.getAccessibilityNodeProvider(WebViewChromium.java:636)
01-24 16:50:30.911 19764 19764 E ActivityThread: 	at android.webkit.WebView.getAccessibilityNodeProvider(WebView.java:2686)
