01-24 16:50:31.263 19764 19764 D com.futuremark.pcmandroid.BaseWebViewFragment: fmProperties || Initialized:  - file:///android_res/raw/fandango.js:12 file:///android_res/raw/view_scoredetails.html
01-24 16:50:31.264 19764 19764 D com.futuremark.pcmandroid.BaseWebViewFragment: fmTestVisualTree || Initialized: PRODUCT_PCMA - file:///android_res/raw/fandango.js:14 file:///android_res/raw/view_scoredetails.html
01-24 16:50:31.265 19764 19764 D com.futuremark.pcmandroid.BaseWebViewFragment: fmAdapter || getProductState - file:///android_res/raw/fandango.js:18 file:///android_res/raw/view_scoredetails.html
01-24 16:50:31.266 19764 19954 D com.futuremark.pcmandroid.JavaScriptBridgeImpl: call to JavaScriptBridgeImpl.getProductState: {
01-24 16:50:31.266 19764 19954 D com.futuremark.pcmandroid.JavaScriptBridgeImpl:   "benchmarks" : [ {
01-24 16:50:31.266 19764 19954 D com.futuremark.pcmandroid.JavaScriptBridgeImpl:     "currentSpeed" : 0.0,
01-24 16:50:31.266 19764 19954 D com.futuremark.pcmandroid.JavaScriptBridgeImpl:     "dlcName" : "pcma-work-data",
01-24 16:50:31.266 19764 19954 D com.futuremark.pcmandroid.JavaScriptBridgeImpl:     "dlcState" : "INSTALL_AVAILABLE",
01-24 16:50:31.266 19764 19954 D com.futuremark.pcmandroid.JavaScriptBridgeImpl:     "estimate" : 0.0,
01-24 16:50:31.266 19764 19954 D com.futuremark.pcmandroid.JavaScriptBridgeImpl:     "hidden" : false,
01-24 16:50:31.266 19764 19954 D com.futuremark.pcmandroid.JavaScriptBridgeImpl:     "knownProblems" : [ ],
01-24 16:50:31.266 19764 19954 D com.futuremark.pcmandroid.JavaScriptBridgeImpl:     "progress" : 0,
01-24 16:50:31.266 19764 19954 D com.futuremark.pcmandroid.JavaScriptBridgeImpl:     "size" : 361,
01-24 16:50:31.266 19764 19954 D com.futuremark.pcmandroid.JavaScriptBridgeImpl:     "tests" : [ {
01-24 16:50:31.266 19764 19954 D com.futuremark.pcmandroid.JavaScriptBridgeImpl:       "benchmarkTest" : "PCMA_WORK_DEFAULT",
01-24 16:50:31.266 19764 19954 D com.futuremark.pcmandroid.JavaScriptBridgeImpl:       "benchmarkTestFamily" : "PCMA_WORK",
01-24 16:50:31.266 19764 19954 D com.futuremark.pcmandroid.JavaScriptBridgeImpl:       "compatible" : true,
01-24 16:50:31.266 19764 19954 D com.futuremark.pcmandroid.JavaScriptBridgeImpl:       "preset" : "D",
01-24 16:50:31.266 19764 19954 D com.futuremark.pcmandroid.JavaScriptBridgeImpl:       "promo" : false,
01-24 16:50:31.266 19764 19954 D com.futuremark.pcmandroid.JavaScriptBridgeImpl:       "promoAppInstalled" : false,
01-24 16:50:31.266 19764 19954 D com.futuremark.pcmandroid.JavaScriptBridgeImpl:       "recommended" : false,
01-24 16:50:31.266 19764 19954 D com.futuremark.pcmandroid.JavaScriptBridgeImpl:       "version" : "1.0"
01-24 16:50:31.266 19764 19954 D com.futuremark.pcmandroid.JavaScriptBridgeImpl:     }, {
01-24 16:50:31.266 19764 19954 D com.futuremark.pcmandroid.JavaScriptBridgeImpl:       "benchmarkTest" : "PCMA_WORK_BATTERY_DEFAULT",
01-24 16:50:31.266 19764 19954 D com.futuremark.pcmandroid.JavaScriptBridgeImpl:       "benchmarkTestFamily" : "PCMA_WORK_BATTERY",
01-24 16:50:31.266 19764 19954 D com.futuremark.pcmandroid.JavaScriptBridgeImpl:       "compatible" : true,
01-24 16:50:31.266 19764 19954 D com.futuremark.pcmandroid.JavaScriptBridgeImpl:       "preset" : "D",
01-24 16:50:31.266 19764 19954 D com.futuremark.pcmandroid.JavaScriptBridgeImpl:       "promo" : false,
01-24 16:50:31.266 19764 19954 D com.futuremark.pcmandroid.JavaScriptBridgeImpl:       "promoAppInstalled" : false,
01-24 16:50:31.266 19764 19954 D com.futuremark.pcmandroid.JavaScriptBridgeImpl:       "recommended" : false,
01-24 16:50:31.266 19764 19954 D com.futuremark.pcmandroid.JavaScriptBridgeImpl:       "version" : "1.0"
01-24 16:50:31.266 19764 19954 D com.futuremark.pcmandroid.JavaScriptBridgeImpl:     } ]
01-24 16:50:31.266 19764 19954 D com.futuremark.pcmandroid.JavaScriptBridgeImpl:   }, {
01-24 16:50:31.266 19764 19954 D com.futuremark.pcmandroid.JavaScriptBridgeImpl:     "currentSpeed" : 19.5,
01-24 16:50:31.266 19764 19954 D com.futuremark.pcmandroid.JavaScriptBridgeImpl:     "dlcName" : "pcma-workv2-data",
01-24 16:50:31.266 19764 19954 D com.futuremark.pcmandroid.JavaScriptBridgeImpl:     "dlcState" : "INSTALLED",
01-24 16:50:31.266 19764 19954 D com.futuremark.pcmandroid.JavaScriptBridgeImpl:     "estimate" : "NaN",
01-24 16:50:31.266 19764 19954 D com.futuremark.pcmandroid.JavaScriptBridgeImpl:     "hidden" : false,
01-24 16:50:31.266 19764 19954 D com.futuremark.pcmandroid.JavaScriptBridgeImpl:     "knownProblems" : [ ],
01-24 16:50:31.266 19764 19954 D com.futuremark.pcmandroid.JavaScriptBridgeImpl:     "progress" : 86,
01-24 16:50:31.266 19764 19954 D com.futuremark.pcmandroid.JavaScriptBridgeImpl:     "size" : 182,
01-24 16:50:31.266 19764 19954 D com.futuremark.pcmandroid.JavaScriptBridgeImpl:     "tests" : [ {
01-24 16:50:31.266 19764 19954 D com.futuremark.pcmandroid.JavaScriptBridgeImpl:       "benchmarkTest" : "PCMA_WORK_V2_DEFAULT",
01-24 16:50:31.266 19764 19954 D com.futuremark.pcmandroid.JavaScriptBridgeImpl:       "benchmarkTestFamily" : "PCMA_WORK_V2",
01-24 16:50:31.266 19764 19954 D com.futuremark.pcmandroid.JavaScriptBridgeImpl:       "compatible" : true,
01-24 16:50:31.266 19764 19954 D com.futuremark.pcmandroid.JavaScriptBridgeImpl:       "preset" : "D",
01-24 16:50:31.266 19764 19954 D com.futuremark.pcmandroid.JavaScriptBridgeImpl:       "promo" : false,
01-24 16:50:31.266 19764 19954 D com.futuremark.pcmandroid.JavaScriptBridgeImpl:       "promoAppInstalled" : false,
01-24 16:50:31.266 19764 19954 D com.futuremark.pcmandroid.JavaScriptBridgeImpl:       "recommended" : true,
01-24 16:50:31.266 19764 19954 D com.futuremark.pcmandroid.JavaScriptBridgeImpl:       "version" : "2.0"
01-24 16:50:31.266 19764 19954 D com.futuremark.pcmandroid.JavaScriptBridgeImpl:     }, {
01-24 16:50:31.266 19764 19954 D com.futuremark.pcmandroid.JavaScriptBridgeImpl:       "benchmarkTest" : "PCMA_WORK_V2_BATTERY_DEFAULT",
01-24 16:50:31.266 19764 19954 D com.futuremark.pcmandroid.JavaScriptBridgeImpl:       "benchmarkTestFamily" : "PCMA_WORK_V2_BATTERY",
01-24 16:50:31.266 19764 19954 D com.futuremark.pcmandroid.JavaScriptBridgeImpl:       "compatible" : true,
01-24 16:50:31.266 19764 19954 D com.futuremark.pcmandroid.JavaScriptBridgeImpl:       "preset" : "D",
01-24 16:50:31.266 19764 19954 D com.futuremark.pcmandroid.JavaScriptBridgeImpl:       "promo" : false,
01-24 16:50:31.266 19764 19954 D com.futuremark.pcmandroid.JavaScriptBridgeImpl:       "promoAppInstalled" : false,
01-24 16:50:31.266 19764 19954 D com.futuremark.pcmandroid.JavaScriptBridgeImpl:       "recommended" : false,
01-24 16:50:31.266 19764 19954 D com.futuremark.pcmandroid.JavaScriptBridgeImpl:       "version" : "2.0"
01-24 16:50:31.266 19764 19954 D com.futuremark.pcmandroid.JavaScriptBridgeImpl:     } ]
01-24 16:50:31.266 19764 19954 D com.futuremark.pcmandroid.JavaScriptBridgeImpl:   }, {
01-24 16:50:31.266 19764 19954 D com.futuremark.pcmandroid.JavaScriptBridgeImpl:     "currentSpeed" : 0.0,
01-24 16:50:31.266 19764 19954 D com.futuremark.pcmandroid.JavaScriptBridgeImpl:     "dlcName" : "pcma-storage-data",
01-24 16:50:31.266 19764 19954 D com.futuremark.pcmandroid.JavaScriptBridgeImpl:     "dlcState" : "INSTALL_AVAILABLE",
01-24 16:50:31.266 19764 19954 D com.futuremark.pcmandroid.JavaScriptBridgeImpl:     "estimate" : 0.0,
01-24 16:50:31.266 19764 19954 D com.futuremark.pcmandroid.JavaScriptBridgeImpl:     "hidden" : false,
01-24 16:50:31.266 19764 19954 D com.futuremark.pcmandroid.JavaScriptBridgeImpl:     "knownProblems" : [ ],
01-24 16:50:31.266 19764 19954 D com.futuremark.pcmandroid.JavaScriptBridgeImpl:     "progress" : 0,
01-24 16:50:31.266 19764 19954 D com.futuremark.pcmandroid.JavaScriptBridgeImpl:     "size" : 21,
01-24 16:50:31.266 19764 19954 D com.futuremark.pcmandroid.JavaScriptBridgeImpl:     "tests" : [ {
01-24 16:50:31.266 19764 19954 D com.futuremark.pcmandroid.JavaScriptBridgeImpl:       "benchmarkTest" : "PCMA_STORAGE_DEFAULT",
01-24 16:50:31.266 19764 19954 D com.futuremark.pcmandroid.JavaScriptBridgeImpl:       "benchmarkTestFamily" : "PCMA_STORAGE",
01-24 16:50:31.266 19764 19954 D com.futuremark.pcmandroid.JavaScriptBridgeImpl:       "compatible" : true,
01-24 16:50:31.266 19764 19954 D com.futuremark.pcmandroid.JavaScriptBridgeImpl:       "preset" : "D",
01-24 16:50:31.266 19764 19954 D com.futuremark.pcmandroid.JavaScriptBridgeImpl:       "promo" : false,
01-24 16:50:31.266 19764 19954 D com.futuremark.pcmandroid.JavaScriptBridgeImpl:       "promoAppInstalled" : false,
01-24 16:50:31.266 19764 19954 D com.futuremark.pcmandroid.JavaScriptBridgeImpl:       "recommended" : false,
01-24 16:50:31.266 19764 19954 D com.futuremark.pcmandroid.JavaScriptBridgeImpl:       "version" : "1.0"
01-24 16:50:31.266 19764 19954 D com.futuremark.pcmandroid.JavaScriptBridgeImpl:     } ]
01-24 16:50:31.266 19764 19954 D com.futuremark.pcmandroid.JavaScriptBridgeImpl:   }, {
01-24 16:50:31.266 19764 19954 D com.futuremark.pcmandroid.JavaScriptBridgeImpl:     "currentSpeed" : 0.0,
01-24 16:50:31.266 19764 19954 D com.futuremark.pcmandroid.JavaScriptBridgeImpl:     "dlcName" : "pcma-computervision-data",
01-24 16:50:31.266 19764 19954 D com.futuremark.pcmandroid.JavaScriptBridgeImpl:     "dlcState" : "INSTALL_AVAILABLE",
01-24 16:50:31.266 19764 19954 D com.futuremark.pcmandroid.JavaScriptBridgeImpl:     "estimate" : 0.0,
01-24 16:50:31.266 19764 19954 D com.futuremark.pcmandroid.JavaScriptBridgeImpl:     "hidden" : false,
01-24 16:50:31.266 19764 19954 D com.futuremark.pcmandroid.JavaScriptBridgeImpl:     "knownProblems" : [ ],
01-24 16:50:31.266 19764 19954 D com.futuremark.pcmandroid.JavaScriptBridgeImpl:     "progress" : 0,
01-24 16:50:31.266 19764 19954 D com.futuremark.pcmandroid.JavaScriptBridgeImpl:     "size" : 65,
01-24 16:50:31.266 19764 19954 D com.futuremark.pcmandroid.JavaScriptBridgeImpl:     "tests" : [ {
01-24 16:50:31.266 19764 19954 D com.futuremark.pcmandroid.JavaScriptBridgeImpl:       "benchmarkTest" : "PCMA_COMPUTER_VISION_DEFAULT",
01-24 16:50:31.266 19764 19954 D com.futuremark.pcmandroid.JavaScriptBridgeImpl:       "benchmarkTestFamily" : "PCMA_COMPUTER_VISION",
01-24 16:50:31.266 19764 19954 D com.futuremark.pcmandroid.JavaScriptBridgeImpl:       "compatible" : true,
01-24 16:50:31.266 19764 19954 D com.futuremark.pcmandroid.JavaScriptBridgeImpl:       "preset" : "D",
01-24 16:50:31.266 19764 19954 D com.futuremark.pcmandroid.JavaScriptBridgeImpl:       "promo" : false,
01-24 16:50:31.266 19764 19954 D com.futuremark.pcmandroid.JavaScriptBridgeImpl:       "promoAppInstalled" : false,
01-24 16:50:31.266 19764 19954 D com.futuremark.pcmandroid.JavaScriptBridgeImpl:       "recommended" : false,
01-24 16:50:31.266 19764 19954 D com.futuremark.pcmandroid.JavaScriptBridgeImpl:       "version" : "1.0"
01-24 16:50:31.266 19764 19954 D com.futuremark.pcmandroid.JavaScriptBridgeImpl:     } ]
01-24 16:50:31.266 19764 19954 D com.futuremark.pcmandroid.JavaScriptBridgeImpl:   }, {
01-24 16:50:31.266 19764 19954 D com.futuremark.pcmandroid.JavaScriptBridgeImpl:     "currentSpeed" : 0.0,
01-24 16:50:31.266 19764 19954 D com.futuremark.pcmandroid.JavaScriptBridgeImpl:     "dlcName" : "dibbs-devicelist",
01-24 16:50:31.266 19764 19954 D com.futuremark.pcmandroid.JavaScriptBridgeImpl:     "dlcState" : "INSTALLED",
01-24 16:50:31.266 19764 19954 D com.futuremark.pcmandroid.JavaScriptBridgeImpl:     "estimate" : "NaN",
01-24 16:50:31.266 19764 19954 D com.futuremark.pcmandroid.JavaScriptBridgeImpl:     "hidden" : false,
01-24 16:50:31.266 19764 19954 D com.futuremark.pcmandroid.JavaScriptBridgeImpl:     "knownProblems" : [ ],
01-24 16:50:31.266 19764 19954 D com.futuremark.pcmandroid.JavaScriptBridgeImpl:     "progress" : 0,
01-24 16:50:31.266 19764 19954 D com.futuremark.pcmandroid.JavaScriptBridgeImpl:     "size" : null,
01-24 16:50:31.266 19764 19954 D com.futuremark.pcmandroid.JavaScriptBridgeImpl:     "tests" : [ ]
01-24 16:50:31.266 19764 19954 D com.futuremark.pcmandroid.JavaScriptBridgeImpl:   } ],
01-24 16:50:31.266 19764 19954 D com.futuremark.pcmandroid.JavaScriptBridgeImpl:   "discovery" : {
01-24 16:50:31.266 19764 19954 D com.futuremark.pcmandroid.JavaScriptBridgeImpl:     "progress" : 100,
01-24 16:50:31.266 19764 19954 D com.futuremark.pcmandroid.JavaScriptBridgeImpl:     "discoveryState" : "DISCOVERY_INSTALLED_CHECKED"
01-24 16:50:31.266 19764 19954 D com.futuremark.pcmandroid.JavaScriptBridgeImpl:   }
01-24 16:50:31.266 19764 19954 D com.futuremark.pcmandroid.JavaScriptBridgeImpl: }
01-24 16:50:31.275 19764 19764 D com.futuremark.pcmandroid.BaseWebViewFragment: fmDevice || Initialized:  - file:///android_res/raw/fandango.js:12 file:///android_res/raw/view_scoredetails.html
01-24 16:50:31.275 19764 19764 D com.futuremark.pcmandroid.BaseWebViewFragment: fmResults || Initialized:  - file:///android_res/raw/fandango.js:12 file:///android_res/raw/view_scoredetails.html
01-24 16:50:31.275 19764 19764 D com.futuremark.pcmandroid.BaseWebViewFragment: fmDeviceList || Initialized:  - file:///android_res/raw/fandango.js:12 file:///android_res/raw/view_scoredetails.html
01-24 16:50:31.276 19764 19954 D Booga   : getOsVersionDefault default found: 8
01-24 16:50:31.277 19764 19764 D com.futuremark.pcmandroid.BaseWebViewFragment: viewScoreDetails || initialize - file:///android_res/raw/fandango.js:20 file:///android_res/raw/view_scoredetails.html
01-24 16:50:31.280 19764 19764 D com.futuremark.pcmandroid.BaseWebViewFragment: fmAdapter || viewInitialized: file:///android_res/raw/view_scoredetails.html - file:///android_res/raw/fandango.js:18 file:///android_res/raw/view_scoredetails.html
01-24 16:50:31.280 19764 19764 I com.futuremark.pcmandroid.JavaScriptBridgeImpl: webview: state transition INIT_CALLED -> INITED for url file:///android_res/raw/view_scoredetails.html
01-24 16:50:31.280 19764 19764 I com.futuremark.pcmandroid.JavaScriptBridgeImpl: webview: state transition INIT_CALLED -> INITED for url file:///android_res/raw/view_scoredetails.html allowed
01-24 16:50:31.281 19764 19764 I com.futuremark.pcmandroid.AbstractMainActivity: onWebViewReady file:///android_res/raw/view_scoredetails.html
01-24 16:50:31.281 19764 19764 I com.futuremark.pcmandroid.JavaScriptBridgeImpl: webview: state transition INITED -> UPDATED for url file:///android_res/raw/view_scoredetails.html
01-24 16:50:31.282 19764 19764 I com.futuremark.pcmandroid.JavaScriptBridgeImpl: webview: state transition INITED -> UPDATED for url file:///android_res/raw/view_scoredetails.html allowed
01-24 16:50:31.282 19764 19764 D com.futuremark.pcmandroid.JavaScriptBridgeImpl: webview: update for url file:///android_res/raw/view_scoredetails.html
01-24 16:50:31.282 19764 19764 D com.futuremark.pcmandroid.BaseWebViewFragment: fmResizer || initialize - file:///android_res/raw/fandango.js:11 file:///android_res/raw/view_scoredetails.html
01-24 16:50:31.282 19764 19764 D com.futuremark.pcmandroid.BaseWebViewFragment: fmResizer ||render - file:///android_res/raw/fandango.js:11 file:///android_res/raw/view_pcma.html
01-24 16:50:31.282 19764 19764 D com.futuremark.pcmandroid.BaseWebViewFragment: fmResizer || render: w: 412, h:0 - file:///android_res/raw/fandango.js:11 file:///android_res/raw/view_pcma.html
01-24 16:50:31.282 19764 19764 D com.futuremark.pcmandroid.BaseWebViewFragment: fmResizer || render with height 0. DO NOTHING.  - file:///android_res/raw/fandango.js:11 file:///android_res/raw/view_pcma.html
01-24 16:50:31.282 19764 19764 D com.futuremark.pcmandroid.BaseWebViewFragment: fmResizer ||render - file:///android_res/raw/fandango.js:11 file:///android_res/raw/view_mydevice.html
01-24 16:50:31.282 19764 19764 D com.futuremark.pcmandroid.BaseWebViewFragment: fmResizer || render: w: 412, h:0 - file:///android_res/raw/fandango.js:11 file:///android_res/raw/view_mydevice.html
01-24 16:50:31.282 19764 19764 D com.futuremark.pcmandroid.BaseWebViewFragment: fmResizer || render with height 0. DO NOTHING.  - file:///android_res/raw/fandango.js:11 file:///android_res/raw/view_mydevice.html
01-24 16:50:31.282 19764 19764 D com.futuremark.pcmandroid.BaseWebViewFragment: fmResizer ||render - file:///android_res/raw/fandango.js:11 file:///android_res/raw/view_benchmarks.html
01-24 16:50:31.282 19764 19764 D com.futuremark.pcmandroid.BaseWebViewFragment: fmResizer || render: w: 412, h:0 - file:///android_res/raw/fandango.js:11 file:///android_res/raw/view_benchmarks.html
01-24 16:50:31.282 19764 19764 D com.futuremark.pcmandroid.BaseWebViewFragment: fmResizer || render with height 0. DO NOTHING.  - file:///android_res/raw/fandango.js:11 file:///android_res/raw/view_benchmarks.html
01-24 16:50:31.282 19764 19764 D com.futuremark.pcmandroid.BaseWebViewFragment: fmResizer ||render - file:///android_res/raw/fandango.js:11 file:///android_res/raw/view_devicelist.html
01-24 16:50:31.282 19764 19764 D com.futuremark.pcmandroid.BaseWebViewFragment: fmResizer || render: w: 412, h:0 - file:///android_res/raw/fandango.js:11 file:///android_res/raw/view_devicelist.html
01-24 16:50:31.282 19764 19764 D com.futuremark.pcmandroid.BaseWebViewFragment: fmResizer || render with height 0. DO NOTHING.  - file:///android_res/raw/fandango.js:11 file:///android_res/raw/view_devicelist.html
01-24 16:50:31.293 19764 19764 D com.futuremark.pcmandroid.BaseWebViewFragment: fmFandango || updatePage: PAGE_SCOREDETAILS - file:///android_res/raw/fandango.js:18 file:///android_res/raw/view_scoredetails.html
01-24 16:50:31.294 19764 19764 D com.futuremark.pcmandroid.BaseWebViewFragment: fmAdapter || getDeviceList testAndPresetType: PCMA_WORK_V2_DEFAULT,amount:1, filter: , sort: PCMA_WORK_V2_DEFAULT, sortReverse: undefined, osFilter: undefined, osVersionFilter: undefined - file:///android_res/raw/fandango.js:18 file:///android_res/raw/view_scoredetails.html
01-24 16:50:31.294 19764 19954 V com.futuremark.pcmandroid.JavaScriptBridgeImpl: getDeviceList testAndPresetType:PCMA_WORK_V2_DEFAULT amount:1 filter: sort:PCMA_WORK_V2_DEFAULT reverse:1 osFilter: osVersionFilter:
01-24 16:50:31.294 19764 19954 D com.futuremark.pcmandroid.DeviceUtil: filterDeviceList: amount: 1, filter: , sort: PCMA_WORK_V2_DEFAULT, reverse: true, osFilter: 1, testAndPresetTypes: [PCMA_WORK_V2_DEFAULT]
01-24 16:50:31.344   770   770 E android.hardware.power@1.1-service.wahoo: Governor not supported by powerHAL, skipping
01-24 16:50:31.370 19764 19764 D com.futuremark.pcmandroid.BaseWebViewFragment: fmProperties || SetProperties: [object Object] - file:///android_res/raw/fandango.js:12 file:///android_res/raw/view_scoredetails.html
01-24 16:50:31.370 19764 19764 D com.futuremark.pcmandroid.BaseWebViewFragment: fmFandango ||setting deviceList. items: 2 - file:///android_res/raw/fandango.js:18 file:///android_res/raw/view_scoredetails.html
01-24 16:50:31.370 19764 19764 D com.futuremark.pcmandroid.BaseWebViewFragment: fmDeviceList ||updateListData activeListPreset: PCMA_WORK_V2_DEFAULT - osVersionFilter: 8 - file:///android_res/raw/fandango.js:12 file:///android_res/raw/view_scoredetails.html
01-24 16:50:31.370 19764 19764 D com.futuremark.pcmandroid.BaseWebViewFragment: fmDeviceList ||updateListData - finding reference scores - file:///android_res/raw/fandango.js:12 file:///android_res/raw/view_scoredetails.html
01-24 16:50:31.370 19764 19764 D com.futuremark.pcmandroid.BaseWebViewFragment: fmUtils ||findResultForOSVersion - testAndPresetType: PCMA_WORK_V2_DEFAULT- osVersionFilter: 8 - file:///android_res/raw/fandango.js:12 file:///android_res/raw/view_scoredetails.html
01-24 16:50:31.372 19764 19764 D com.futuremark.pcmandroid.BaseWebViewFragment: fmUtils ||setDeviceResults - device.id: 7967- activeListPreset: PCMA_WORK_V2_DEFAULT - isSlingShot: false- osVersionFilter: 8 - file:///android_res/raw/fandango.js:12 file:///android_res/raw/view_scoredetails.html
01-24 16:50:31.372 19764 19764 D com.futuremark.pcmandroid.BaseWebViewFragment: fmUtils ||findResultForOSVersion - testAndPresetType: PCMA_WORK_V2_DEFAULT- osVersionFilter: 8 - file:///android_res/raw/fandango.js:12 file:///android_res/raw/view_scoredetails.html
01-24 16:50:31.372 19764 19764 D com.futuremark.pcmandroid.BaseWebViewFragment: fmUtils ||relatedResult - device.id: 7967- result.testAndPresetType: PCMA_WORK_V2_DEFAULT- osVersionFilter: 8 - file:///android_res/raw/fandango.js:12 file:///android_res/raw/view_scoredetails.html
01-24 16:50:31.373 19764 19764 D com.futuremark.pcmandroid.BaseWebViewFragment: fmUtils ||findResultForOSVersion - testAndPresetType: PCMA_WORK_V2_BATTERY_DEFAULT- osVersionFilter: 8 - file:///android_res/raw/fandango.js:12 file:///android_res/raw/view_scoredetails.html
01-24 16:50:31.373 19764 19764 D com.futuremark.pcmandroid.BaseWebViewFragment: fmUtils ||device.result.overallScore: 8126 - file:///android_res/raw/fandango.js:12 file:///android_res/raw/view_scoredetails.html
01-24 16:50:31.373 19764 19764 D com.futuremark.pcmandroid.BaseWebViewFragment: fmUtils ||setDeviceResults - device.id: 7799- activeListPreset: PCMA_WORK_V2_DEFAULT - isSlingShot: false- osVersionFilter: 8 - file:///android_res/raw/fandango.js:12 file:///android_res/raw/view_scoredetails.html
01-24 16:50:31.373 19764 19764 D com.futuremark.pcmandroid.BaseWebViewFragment: fmUtils ||findResultForOSVersion - testAndPresetType: PCMA_WORK_V2_DEFAULT- osVersionFilter: 8 - file:///android_res/raw/fandango.js:12 file:///android_res/raw/view_scoredetails.html
01-24 16:50:31.373 19764 19764 D com.futuremark.pcmandroid.BaseWebViewFragment: fmUtils ||relatedResult - device.id: 7799- result.testAndPresetType: PCMA_WORK_V2_DEFAULT- osVersionFilter: 8 - file:///android_res/raw/fandango.js:12 file:///android_res/raw/view_scoredetails.html
01-24 16:50:31.373 19764 19764 D com.futuremark.pcmandroid.BaseWebViewFragment: fmUtils ||findResultForOSVersion - testAndPresetType: PCMA_WORK_V2_BATTERY_DEFAULT- osVersionFilter: 8 - file:///android_res/raw/fandango.js:12 file:///android_res/raw/view_scoredetails.html
01-24 16:50:31.373 19764 19764 D com.futuremark.pcmandroid.BaseWebViewFragment: fmUtils ||device.result.overallScore: 7218 - file:///android_res/raw/fandango.js:12 file:///android_res/raw/view_scoredetails.html
01-24 16:50:31.374 19764 19764 D com.futuremark.pcmandroid.BaseWebViewFragment: fmFandango || updateCurrentResult  - file:///android_res/raw/fandango.js:19 file:///android_res/raw/view_scoredetails.html
01-24 16:50:31.374 19764 19764 D com.futuremark.pcmandroid.BaseWebViewFragment: fmAdapter || getResultDetails - file:///android_res/raw/fandango.js:18 file:///android_res/raw/view_scoredetails.html
01-24 16:50:31.376 19764 19764 D com.futuremark.pcmandroid.BaseWebViewFragment: fmAdapter || getMyDevice - file:///android_res/raw/fandango.js:18 file:///android_res/raw/view_scoredetails.html
01-24 16:50:31.376 19764 19954 V com.futuremark.pcmandroid.JavaScriptBridgeImpl: webview: call to JavaScriptBridgeImpl.getMyDevice true
01-24 16:50:31.385 19764 19764 D com.futuremark.pcmandroid.BaseWebViewFragment: viewScoreDetails || render - file:///android_res/raw/fandango.js:20 file:///android_res/raw/view_scoredetails.html
01-24 16:50:31.385 19764 19764 D com.futuremark.pcmandroid.BaseWebViewFragment: viewScoreDetails || result: - file:///android_res/raw/fandango.js:20 file:///android_res/raw/view_scoredetails.html
01-24 16:50:31.385 19764 19764 D com.futuremark.pcmandroid.BaseWebViewFragment: {"overallScore":8522,"subScores":[{"resultType":"PCMA_WEB_V2_SCORE","score":7883,"uiText":"PCMA_WEB_V2_SCORE","unit":"","useCap":false},{"resultType":"PCMA_VIDEO_EDITING_SCORE","score":6744,"uiText":"PCMA_VIDEO_EDITING_SCORE","unit":"","useCap":false},{"resultType":"PCMA_WRITING_V2_SCORE","score":7794,"uiText":"PCMA_WRITING_V2_SCORE","unit":"","useCap":false},{"resultType":"PCMA_PHOTO_EDITING_V2_SCORE","score":18010,"uiText":"PCMA_PHOTO_EDITING_V2_SCORE","unit":"","useCap":false},{"resultType":"PCMA_DATA_MANIPULATION_SCORE","score":6023,"uiText":"PCMA_DATA_MANIPULATION_SCORE","unit":"","useCap":false}],"testAndPresetType":"PCMA_WORK_V2_DEFAULT","version":"2.0","os":"8.1.0","id":1,"date":"2018-01-24T16:50:30.345Z","localDateTime":"Jan 24 2018 16:50","hasDelistings":false,"isGeneratedResultModel":true,"subScoresMap":{"PCMA_WEB_V2_SCORE":{"resultType":"PCMA_WEB_V2_SCORE","score":7883,"uiText":"PCMA_WEB_V2_SCORE","unit":"","useCap":false},"PCMA_VIDEO_EDITING_SCORE":{"resultType":"PCMA_VIDEO_EDITING_SCORE","score":6744,"uiText":"PCMA_VIDEO_EDITING_SCORE","unit":"","useCap":false},"PCMA_WRITING_V2_SCORE":{"resultType":"PCMA_WRITING_V2_SCORE","score":7794,"uiText":"PCMA_WRITING_V2_SCORE","unit":"","useCap":false},"PCMA_PHOTO_EDITING_V2_SCORE":{"resultType":"PCMA_PHOTO_EDITING_V2_SCORE","score":18010,"uiText":"PCMA_PHOTO_EDITING_V2_SCORE","unit":"","useCap":false},"PCMA_DATA_MANIPULATION_SCORE":{"resultType":"PCMA_DATA_MANIPULATION_SCORE","score":6023,"uiText":"PCMA_DATA_MANIPULATION_SCORE","unit":"","useCap":false}}} - file:///android_res/raw/fandango.js:20 file:///android_res/raw/view_scoredetails.html
01-24 16:50:31.385 19764 19764 D com.futuremark.pcmandroid.BaseWebViewFragment: fmUtils ||findResultForOSVersion - testAndPresetType: PCMA_WORK_V2_DEFAULT- osVersionFilter: 8 - file:///android_res/raw/fandango.js:12 file:///android_res/raw/view_scoredetails.html
01-24 16:50:31.386 19764 19764 D com.futuremark.pcmandroid.BaseWebViewFragment: viewScoreDetails || getScoreDescription hasDelistings: false, device: false - file:///android_res/raw/fandango.js:20 file:///android_res/raw/view_scoredetails.html
01-24 16:50:31.393 19764 19764 D com.futuremark.pcmandroid.BaseWebViewFragment: scoreDetailsChart || prepareChartData filters: undefined - file:///android_res/raw/fandango.js:16 file:///android_res/raw/view_scoredetails.html
01-24 16:50:31.393 19764 19764 D com.futuremark.pcmandroid.BaseWebViewFragment: fmAdapter|| getResultChartData: undefined - file:///android_res/raw/fandango.js:18 file:///android_res/raw/view_scoredetails.html
01-24 16:50:31.395 19764 19954 I com.futuremark.pcmandroid.JavaScriptBridgeImpl: getResultChartData {"battery":{"data":[0.0,100.0,100.0,100.0,100.0,100.0,100.0,100.0,100.0,100.0,100.0,100.0,100.0,100.0,100.0,100.0,100.0,100.0,100.0,100.0,100.0,100.0,100.0,100.0,100.0,100.0,100.0,100.0,100.0,100.0,100.0,100.0,100.0,100.0,100.0,100.0,0.0,100.0,100.0,100.0,100.0,100.0,100.0,100.0,100.0,100.0,100.0,100.0,100.0,100.0,100.0,100.0,100.0,100.0,100.0,100.0,100.0,100.0,100.0,100.0,100.0,100.0,100.0,100.0,100.0,100.0,100.0,100.0,100.0,100.0,100.0,100.0,100.0,100.0,100.0,100.0,100.0,100.0,100.0,100.0,100.0,100.0,100.0,100.0,100.0,100.0,100.0,100.0,100.0,0.0,100.0,100.0,100.0,100.0,100.0,100.0,100.0,100.0,100.0,100.0,100.0,100.0,100.0,100.0,100.0,100.0,100.0,100.0,100.0,100.0,100.0,100.0,100.0,100.0,100.0,100.0,100.0,100.0,100.0,100.0,100.0,100.0,100.0,100.0,100.0,100.0,100.0,100.0,100.0,100.0,100.0,100.0,100.0,100.0,100.0,100.0,100.0,100.0,100.0,100.0,100.0,100.0,100.0,100.0,100.0,100.0,100.0,100.0,100.0,100.0,100.0,100.0,100.0,100.0,100.0,100.0,100.0,100.0,100.0,0.0,100.0,100.0,100.0,100.0,100.0,100.0,100.0,100.0,100.0,100.0,100.0,100.0,100.0,100.0,100.0,100.0,100.0,100.0,100.0,100.0,100.0,100.0,100.0,100.0,100.0,100.0,100.0,100.0,100.0,100.0,100.0,100.0,100.0,100.0,100.0,100.0,100.0,100.0,100.0,100.0,100.0,100.0,100.0,100.0,100.0,100.0,100.0,100.0,100.0,100.0,100.0,100.0,100.0,100.0,100.0,100.0,100.0,100.0,100.0,100.0,100.0,100.0,100.0,100.0,100.0,100.0,100.0,100.0,100.0,100.0,100.0,100.0,100.0,100.0,100.0,100.0,100.0,100.0,100.0,100.0,100.0,100.0,100.0,100.0,100.0,100.0,100.0,100.0,100.0,100.0],"time":[0.106,2.122,4.135,5.15,7.162,9.174,11.185,13.202,15.212,16.217,18.228,20.238,22.25,24.259,26.269,27.282,29.299,31.308,33.317,35.325,36.33,38.339,40.348,42.356,44.365,46.373,47.378,49.386,51.395,53.404,55.415,57.426,58.43,60.441,62.45,64.458,65.56,66.569,68.582,70.593,72.605,74.619,76.631,77.637,79.647,81.658,83.668,85.678,87.689,88.696,90.708,92.719,94.735,96.747,97.751,99.762,101.772,103.783,105.794,107.804,108.809,110.819,112.828,114.837,116.846,118.855,119.859,121.869,123.88,125.888,127.897,129.906,130.91,132.919,134.928,136.937,138.946,139.951,141.963,143.972,145.982,147.99,149.999,151.005,153.013,155.02,157.029,159.038,161.05,161.672,163.687,165.698,167.711,169.722,170.728,172.737,174.747,176.757,178.767,180.777,181.782,183.791,185.801,187.81,189.819,191.827,192.832,194.841,196.85,198.859,200.871,201.875,203.883,205.892,207.9,209.91,211.918,212.922,214.93,216.939,218.948,220.957,222.972,223.977,225.989,227.997,230.006,232.013,233.017,235.025,237.033,239.042,240.981,242.992,243.997,246.008,248.019,250.03,252.041,254.05,255.054,257.064,259.073,261.081,263.09,264.094,266.103,268.111,270.119,272.128,274.136,275.14,277.148,279.156,281.164,283.172,285.181,286.185,288.193,289.888,291.905,293.915,294.921,296.931,298.942,300.952,302.962,304.971,305.976,307.985,309.995,312.003,314.012,316.02,317.024,319.032,321.04,323.048,325.057,326.061,328.073,330.081,332.089,334.098,336.106,337.111,339.119,341.129,343.137,345.146,347.157,348.161,350.169,352.177,354.184,356.192,358.201,359.205,361.214,363.222,365.23,367.237,368.241,370.248,372.255,374.263,376.27,378.277,379.28,381.286,383.293,385.302,387.31,389.317,390.32,392.326,394.332,396.339,398.346,399.349,401.355,403.366,405.372,407.379,409.386,410.389,412.395,414.402,416.409,418.417,420.423,421.427,423.44,425.449,427.456,429.462,430.466,432.473,434.485,436.492,438.499,440.506,441.51,443.521,445.529,447.536,449.548,451.556,452.559,454.567],"type":"SINGLE"},"cpu":{"avg":[72.0,36.0,4.0,3.0,19.0,18.0,9.0,28.0,9.0,21.0,13.0,3.0,16.0,15.0,31.0,30.0,12.0,4.0,4.0,4.0,3.0,3.0,4.0,4.0,4.0,4.0,4.0,4.0,18.0,21.0,16.0,16.0,17.0,20.0,5.0,2.0,91.0,23.0,18.0,17.0,16.0,15.0,15.0,22.0,16.0,15.0,16.0,16.0,20.0,16.0,16.0,15.0,15.0,16.0,23.0,18.0,16.0,15.0,16.0,13.0,24.0,17.0,16.0,19.0,18.0,20.0,19.0,18.0,17.0,18.0,18.0,17.0,20.0,18.0,19.0,18.0,23.0,16.0,19.0,19.0,18.0,19.0,13.0,14.0,12.0,13.0,12.0,13.0,11.0,70.0,18.0,12.0,8.0,17.0,14.0,4.0,14.0,15.0,3.0,6.0,23.0,10.0,9.0,2.0,4.0,24.0,24.0,0.0,1.0,0.0,11.0,4.0,0.0,8.0,
01-24 16:50:31.395 19764 19954 I com.futuremark.pcmandroid.JavaScriptBridgeImpl: chart data length 18895
01-24 16:50:31.405 19764 19764 D com.futuremark.pcmandroid.BaseWebViewFragment: scoreDetailsChart || createBasicLayout width:404 setHeight: 220 - file:///android_res/raw/fandango.js:17 file:///android_res/raw/view_scoredetails.html
01-24 16:50:31.408 19764 19764 D com.futuremark.pcmandroid.BaseWebViewFragment: scoreDetailsChart || chart data: {"battery":{"data":[0,100,100,100,100,100,100,100,100,100,100,100,100,100,100,100,100,100,100,100,100,100,100,100,100,100,100,100,100,100,100,100,100,100,100,100,0,100,100,100,100,100,100,100,100,100,100,100,100,100,100,100,100,100,100,100,100,100,100,100,100,100,100,100,100,100,100,100,100,100,100,100,100,100,100,100,100,100,100,100,100,100,100,100,100,100,100,100,100,0,100,100,100,100,100,100,100,100,100,100,100,100,100,100,100,100,100,100,100,100,100,100,100,100,100,100,100,100,100,100,100,100,100,100,100,100,100,100,100,100,100,100,100,100,100,100,100,100,100,100,100,100,100,100,100,100,100,100,100,100,100,100,100,100,100,100,100,100,100,0,100,100,100,100,100,100,100,100,100,100,100,100,100,100,100,100,100,100,100,100,100,100,100,100,100,100,100,100,100,100,100,100,100,100,100,100,100,100,100,100,100,100,100,100,100,100,100,100,100,100,100,100,100,100,100,100,100,100,100,100,100,100,100,100,100,100,100,100,100,100,100,100,100,100,100,100,100,100,100,100,100,100,100,100,100,100,100,100,100,100],"time":[0.106,2.122,4.135,5.15,7.162,9.174,11.185,13.202,15.212,16.217,18.228,20.238,22.25,24.259,26.269,27.282,29.299,31.308,33.317,35.325,36.33,38.339,40.348,42.356,44.365,46.373,47.378,49.386,51.395,53.404,55.415,57.426,58.43,60.441,62.45,64.458,65.56,66.569,68.582,70.593,72.605,74.619,76.631,77.637,79.647,81.658,83.668,85.678,87.689,88.696,90.708,92.719,94.735,96.747,97.751,99.762,101.772,103.783,105.794,107.804,108.809,110.819,112.828,114.837,116.846,118.855,119.859,121.869,123.88,125.888,127.897,129.906,130.91,132.919,134.928,136.937,138.946,139.951,141.963,143.972,145.982,147.99,149.999,151.005,153.013,155.02,157.029,159.038,161.05,161.672,163.687,165.698,167.711,169.722,170.728,172.737,174.747,176.757,178.767,180.777,181.782,183.791,185.801,187.81,189.819,191.827,192.832,194.841,196.85,198.859,200.871,201.875,203.883,205.892,207.9,209.91,211.918,212.922,214.93,216.939,218.948,220.957,222.972,223.977,225.989,227.997,230.006,232.013,233.017,235.025,237.033,239.042,240.981,242.992,243.997,246.008,248.019,250.03,252.041,254.05,255.054,257.064,259.073,261.081,263.09,264.094,266.103,268.111,270.119,272.128,274.136,275.14,277.148,279.156,281.164,283.172,285.181,286.185,288.193,289.888,291.905,293.915,294.921,296.931,298.942,300.952,302.962,304.971,305.976,307.985,309.995,312.003,314.012,316.02,317.024,319.032,321.04,323.048,325.057,326.061,328.073,330.081,332.089,334.098,336.106,337.111,339.119,341.129,343.137,345.146,347.157,348.161,350.169,352.177,354.184,356.192,358.201,359.205,361.214,363.222,365.23,367.237,368.241,370.248,372.255,374.263,376.27,378.277,379.28,381.286,383.293,385.302,387.31,389.317,390.32,392.326,394.332,396.339,398.346,399.349,401.355,403.366,405.372,407.379,409.386,410.389,412.395,414.402,416.409,418.417,420.423,421.427,423.44,425.449,427.456,429.462,430.466,432.473,434.485,436.492,438.499,440.506,441.51,443.521,445.529,447.536,449.548,451.556,452.559,454.567],"type":"SINGLE"},"cpu":{"avg":[72,36,4,3,19,18,9,28,9,21,13,3,16,15,31,30,12,4,4,4,3,3,4,4,4,4,4,4,18,21,16,16,17,20,5,2,91,23,18,17,16,15,15,22,16,15,16,16,20,16,16,15,15,16,23,18,16,15,16,13,24,17,16,19,18,20,19,18,17,18,18,17,20,18,19,18,23,16,19,19,18,19,13,14,12,13,12,13,11,70,18,12,8,17,14,4,14,15,3,6,23,10,9,2,4,24,24,0,1,0,11,4,0,8,0,19,14,2,2,1,1,2,1,11,12,12,10,12,4,5,5,4,23,10,1,3,8,12,2,7,3,4,6,0,4,3,2,3,0,2,4,2,2,1,2,1,6,3,9,81,40,38,31,29,30,27,29,27,25,19,14,18,19,12,16,26,15,0,0,11,14,3,2,11,9,8,10,9,10,9,4,7,9,32,23,1,0,5,9,7,0,13,14,14,13,13,12,13,11,12,0,0,15,15,16,17,16,16,17,15,15,16,16,17,18,16,15,15,6,18,17,3,17,6,4,17,4,16,7,4,15,8,15,9,4,15,11,3,9,2],"high":[72,36,4,3,19,18,9,28,9,21,13,3,16,15,31,30,12,4,4,4,3,3,4,4,4,4,4,4,18,21,16,16,17,20,5,2,91,23,18,17,16,15,15,22,16,15,16,16,20,16,16,15,15,16,23,18,16,15,16,13,24,17,16,19,18,20,19,18,17,18,18,17,20,18,19,18,23,16,19,19,18,19,13,14,12,13,12,13,11,70,18,12,8,17,14,4,14,15,3,6,23,10,9,2,4,24,24,0,1,0,11,4,0,8,0,19,14,2,2,1,1,2,1,11,12,12,10,12,4,5,5,4,23,10,1,3,8
01-24 16:50:31.409 19764 19764 D com.futuremark.pcmandroid.BaseWebViewFragment: scoreDetailsChart|| buildGraph - file:///android_res/raw/fandango.js:17 file:///android_res/raw/view_scoredetails.html
01-24 16:50:31.422 19764 21440 W OkHttpClient: A connection to http://www.3dmark.com/ was leaked. Did you forget to close a response body?
01-24 16:50:31.463 19764 19764 D com.futuremark.pcmandroid.BaseWebViewFragment: scoreDetailsChart || render width: 404 height: 220 - file:///android_res/raw/fandango.js:17 file:///android_res/raw/view_scoredetails.html
01-24 16:50:31.484 19764 19764 D com.futuremark.pcmandroid.BaseWebViewFragment: feedbackModule || initialize - file:///android_res/raw/fandango.js:15 file:///android_res/raw/view_scoredetails.html
01-24 16:50:31.485 19764 19764 D com.futuremark.pcmandroid.BaseWebViewFragment: feedbackModule || loadData - file:///android_res/raw/fandango.js:15 file:///android_res/raw/view_scoredetails.html
01-24 16:50:31.485 19764 19764 D com.futuremark.pcmandroid.BaseWebViewFragment: feedbackModule || render: http://www.futuremark.com/feedback/recommended - file:///android_res/raw/fandango.js:15 file:///android_res/raw/view_scoredetails.html
01-24 16:50:31.502 19764 19954 V com.futuremark.pcmandroid.JavaScriptBridgeImpl: webview: update completed: file:///android_res/raw/view_scoredetails.html
01-24 16:50:31.502 19764 19764 I com.futuremark.pcmandroid.WebViewMainActivity: onWebViewUpdateCompleted file:///android_res/raw/view_scoredetails.html, waiting for file:///android_res/raw/view_pcma.html
01-24 16:50:31.503 19764 19764 D com.futuremark.pcmandroid.BaseWebViewFragment: fmResizer ||render - file:///android_res/raw/fandango.js:11 file:///android_res/raw/view_scoredetails.html
01-24 16:50:31.503 19764 19764 D com.futuremark.pcmandroid.BaseWebViewFragment: fmResizer || render: w: 412, h:612 - file:///android_res/raw/fandango.js:11 file:///android_res/raw/view_scoredetails.html
01-24 16:50:31.541   770   770 E android.hardware.power@1.1-service.wahoo: Governor not supported by powerHAL, skipping
01-24 16:50:31.551 19764 21448 I zygote  : Deoptimizing void com.google.a.c.db.<init>(java.util.Map$Entry[]) due to JIT inline cache
01-24 16:50:31.571 19764 21448 V com.futuremark.pcmandroid.DiscoveryCallback: onDiscoveryProgress combined progress 100 download: percentCompleted:100 secondsRemaining: 0s speed:  0KiB/s install: percentCompleted:105 secondsRemaining: 0s speed: 22KiB/s
01-24 16:50:31.573 19764 21447 V com.futuremark.pcmandroid.*opsTransitionListeners: Sending event {} to ChopsStateListeners
01-24 16:50:31.573 19764 21448 D com.futuremark.pcmandroid.*stemUpdateStateService: Sideloadable packages found []
01-24 16:50:31.573 19764 21448 V com.futuremark.pcmandroid.DiscoveryCallback: onDiscoveryProgress combined progress 100 download: percentCompleted:100 secondsRemaining: 0s speed:  0KiB/s install: percentCompleted:105 secondsRemaining: 0s speed: 22KiB/s
01-24 16:50:31.573 19764 19764 I com.futuremark.pcmandroid.JavaScriptBridgeImpl: [startup] call to onModelChange, about to update product state
01-24 16:50:31.573 19764 19764 V com.futuremark.pcmandroid.MethodCallFence: skipping method call, already queued
01-24 16:50:31.574 19764 21447 V com.futuremark.pcmandroid.*opsTransitionListeners: Sending event {} to ChopsStateListeners
01-24 16:50:31.574 19764 19764 I com.futuremark.pcmandroid.JavaScriptBridgeImpl: [startup] call to onModelChange, about to update product state
01-24 16:50:31.574 19764 19764 V com.futuremark.pcmandroid.MethodCallFence: skipping method call, already queued
01-24 16:50:31.574 19764 21448 V com.futuremark.pcmandroid.DiscoveryPhase: sideloadable local packages []
01-24 16:50:31.575 19764 21448 I zygote  : Deoptimizing void com.fasterxml.jackson.databind.ser.impl.IndexedListSerializer.serializeContentsUsing(java.util.List, com.fasterxml.jackson.core.JsonGenerator, com.fasterxml.jackson.databind.SerializerProvider, com.fasterxml.jackson.databind.JsonSerializer) due to JIT inline cache
01-24 16:50:31.577 19764 21448 V com.futuremark.pcmandroid.LockingUtil: Unlocking [ChopsLock{<DISCOVERY>}] in lock container instance 234015263
01-24 16:50:31.577 19764 21448 I zygote  : Deoptimizing boolean com.google.a.c.br.contains(java.lang.Object) due to JIT inline cache
01-24 16:50:31.580 19764 21448 V com.futuremark.pcmandroid.DiscoveryCallback: onUpdateAnalysisCompleted: DiscoveryResult{currentProductManifestKey=ChopsProductManifestKey [product=PCM_ANDROID, version=2.0.3716.0], offline=false, currentlyInstalledDlcs=[dibbs-devicelist (v6.2018.24.12), pcma-datamanipulation-data (v1.0.19), pcma-phototestv2-data (v2.0.8), pcma-texteditingv2-data (v2.0.5), pcma-videoediting-data (v1.0.9), pcma-webtestv2-data (v2.0.5), pcma-workv2-data (v2.0.8)], discoveredProductManifests=182, sideloadables=[], discoveredDlcManifests=515}
01-24 16:50:31.580 19764 21448 V com.futuremark.pcmandroid.DiscoveryCallback:  dibbs-deviceimages - DISCOVERY_UPDATE_INFO:NEW - 0 -> 2.2016.257.6 (0 bytes)
01-24 16:50:31.580 19764 21448 V com.futuremark.pcmandroid.DiscoveryCallback:  dibbs-devicelist - DISCOVERY_UPDATE_INFO:NO_UPDATE - 6.2018.24.12 -> 6.2018.24.12 (0 bytes)
01-24 16:50:31.580 19764 21448 V com.futuremark.pcmandroid.DiscoveryCallback:  pcma-computervision-data - DISCOVERY_UPDATE_INFO:NEW - 0 -> 1.0.28.0 (0 bytes)
01-24 16:50:31.580 19764 21448 V com.futuremark.pcmandroid.DiscoveryCallback:  pcma-main-program - DISCOVERY_UPDATE_INFO:NEW - 0 -> 2.0.3716.0 (0 bytes)
01-24 16:50:31.580 19764 21448 V com.futuremark.pcmandroid.DiscoveryCallback:  pcma-storage-data - DISCOVERY_UPDATE_INFO:NEW - 0 -> 1.0.81.0 (0 bytes)
01-24 16:50:31.580 19764 21448 V com.futuremark.pcmandroid.DiscoveryCallback:  pcma-work-data - DISCOVERY_UPDATE_INFO:NEW - 0 -> 1.1.1007.0 (0 bytes)
01-24 16:50:31.580 19764 21448 V com.futuremark.pcmandroid.DiscoveryCallback:  pcma-workv2-data - DISCOVERY_UPDATE_INFO:NO_UPDATE - 2.0.8.0 -> 2.0.8.0 (0 bytes)
01-24 16:50:31.580 19764 21448 V com.futuremark.pcmandroid.DiscoveryCallback:  pcma-datamanipulation-data - DISCOVERY_UPDATE_INFO:NO_UPDATE_CHAINED - 1.0.19.0 -> 1.0.19.0 (0 bytes)
01-24 16:50:31.580 19764 21448 V com.futuremark.pcmandroid.DiscoveryCallback:  pcma-phototestv2-data - DISCOVERY_UPDATE_INFO:NO_UPDATE_CHAINED - 2.0.8.0 -> 2.0.8.0 (0 bytes)
01-24 16:50:31.580 19764 21448 V com.futuremark.pcmandroid.DiscoveryCallback:  pcma-texteditingv2-data - DISCOVERY_UPDATE_INFO:NO_UPDATE_CHAINED - 2.0.5.0 -> 2.0.5.0 (0 bytes)
01-24 16:50:31.580 19764 21448 V com.futuremark.pcmandroid.DiscoveryCallback:  pcma-videoediting-data - DISCOVERY_UPDATE_INFO:NO_UPDATE_CHAINED - 1.0.9.0 -> 1.0.9.0 (0 bytes)
01-24 16:50:31.580 19764 21448 V com.futuremark.pcmandroid.DiscoveryCallback:  pcma-webtestv2-data - DISCOVERY_UPDATE_INFO:NO_UPDATE_CHAINED - 2.0.5.0 -> 2.0.5.0 (0 bytes)
01-24 16:50:31.580 19764 21448 V com.futuremark.pcmandroid.DiscoveryCallback: onStateChange state DISCOVERY_ENGINE:COMPLETED
01-24 16:50:31.580 19764 21448 I com.futuremark.pcmandroid.c: Firing DISCOVERY_ENGINE:COMPLETED
01-24 16:50:31.581 19764 21447 V com.futuremark.pcmandroid.*opsTransitionListeners: Sending event {DISCOVERY_INSTALLED_CHECKED -> DISCOVERY_SUCCESS} to ChopsStateListeners
01-24 16:50:31.581 19764 19764 I com.futuremark.pcmandroid.JavaScriptBridgeImpl: [startup] call to onModelChange, about to update product state
01-24 16:50:31.581 19764 19764 V com.futuremark.pcmandroid.MethodCallFence: skipping method call, already queued
01-24 16:50:31.585 19764 21448 V com.futuremark.pcmandroid.ChopsClientImpl: Processing discovery results:
01-24 16:50:31.585 19764 21448 V com.futuremark.pcmandroid.ChopsClientImpl: dibbs-deviceimages - DISCOVERY_UPDATE_INFO:NEW - 0 -> 2.2016.257.6 (0 bytes)
01-24 16:50:31.585 19764 21448 V com.futuremark.pcmandroid.ChopsClientImpl: dibbs-devicelist - DISCOVERY_UPDATE_INFO:NO_UPDATE - 6.2018.24.12 -> 6.2018.24.12 (0 bytes)
01-24 16:50:31.585 19764 21448 V com.futuremark.pcmandroid.ChopsClientImpl: dibbs-devicelist-data - DISCOVERY_UPDATE_INFO:UNKNOWN - 0 -> 0 (0 bytes)
01-24 16:50:31.585 19764 21448 V com.futuremark.pcmandroid.ChopsClientImpl: pcma-computervision-data - DISCOVERY_UPDATE_INFO:NEW - 0 -> 1.0.28.0 (0 bytes)
01-24 16:50:31.585 19764 21448 V com.futuremark.pcmandroid.ChopsClientImpl: pcma-datamanipulation-data - DISCOVERY_UPDATE_INFO:NO_UPDATE_CHAINED - 1.0.19.0 -> 1.0.19.0 (0 bytes)
01-24 16:50:31.585 19764 21448 V com.futuremark.pcmandroid.ChopsClientImpl: pcma-main-program - DISCOVERY_UPDATE_INFO:NEW - 0 -> 2.0.3716.0 (0 bytes)
01-24 16:50:31.585 19764 21448 V com.futuremark.pcmandroid.ChopsClientImpl: pcma-main-program-dev - DISCOVERY_UPDATE_INFO:UNKNOWN - 0 -> 0 (0 bytes)
01-24 16:50:31.585 19764 21448 V com.futuremark.pcmandroid.ChopsClientImpl: pcma-phototest-data - DISCOVERY_UPDATE_INFO:NEW_CHAINED - 0 -> 1.0.2004.0 (0 bytes)
01-24 16:50:31.585 19764 21448 V com.futuremark.pcmandroid.ChopsClientImpl: pcma-phototest-data-dev - DISCOVERY_UPDATE_INFO:UNKNOWN - 0 -> 0 (0 bytes)
01-24 16:50:31.585 19764 21448 V com.futuremark.pcmandroid.ChopsClientImpl: pcma-phototestv2-data - DISCOVERY_UPDATE_INFO:NO_UPDATE_CHAINED - 2.0.8.0 -> 2.0.8.0 (0 bytes)
01-24 16:50:31.585 19764 21448 V com.futuremark.pcmandroid.ChopsClientImpl: pcma-storage-data - DISCOVERY_UPDATE_INFO:NEW - 0 -> 1.0.81.0 (0 bytes)
01-24 16:50:31.585 19764 21448 V com.futuremark.pcmandroid.ChopsClientImpl: pcma-storage-data-dev - DISCOVERY_UPDATE_INFO:UNKNOWN - 0 -> 0 (0 bytes)
01-24 16:50:31.585 19764 21448 V com.futuremark.pcmandroid.ChopsClientImpl: pcma-textediting-data - DISCOVERY_UPDATE_INFO:NEW_CHAINED - 0 -> 1.1.2003.0 (0 bytes)
01-24 16:50:31.585 19764 21448 V com.futuremark.pcmandroid.ChopsClientImpl: pcma-textediting-data-dev - DISCOVERY_UPDATE_INFO:UNKNOWN - 0 -> 0 (0 bytes)
01-24 16:50:31.585 19764 21448 V com.futuremark.pcmandroid.ChopsClientImpl: pcma-texteditingv2-data - DISCOVERY_UPDATE_INFO:NO_UPDATE_CHAINED - 2.0.5.0 -> 2.0.5.0 (0 bytes)
01-24 16:50:31.585 19764 21448 V com.futuremark.pcmandroid.ChopsClientImpl: pcma-videoediting-data - DISCOVERY_UPDATE_INFO:NO_UPDATE_CHAINED - 1.0.9.0 -> 1.0.9.0 (0 bytes)
01-24 16:50:31.585 19764 21448 V com.futuremark.pcmandroid.ChopsClientImpl: pcma-videotest-data - DISCOVERY_UPDATE_INFO:NEW_CHAINED - 0 -> 1.0.2002.0 (0 bytes)
01-24 16:50:31.585 19764 21448 V com.futuremark.pcmandroid.ChopsClientImpl: pcma-videotest-data-dev - DISCOVERY_UPDATE_INFO:UNKNOWN - 0 -> 0 (0 bytes)
01-24 16:50:31.585 19764 21448 V com.futuremark.pcmandroid.ChopsClientImpl: pcma-webtest-data - DISCOVERY_UPDATE_INFO:NEW_CHAINED - 0 -> 1.0.2002.0 (0 bytes)
01-24 16:50:31.585 19764 21448 V com.futuremark.pcmandroid.ChopsClientImpl: pcma-webtest-data-dev - DISCOVERY_UPDATE_INFO:UNKNOWN - 0 -> 0 (0 bytes)
01-24 16:50:31.585 19764 21448 V com.futuremark.pcmandroid.ChopsClientImpl: pcma-webtestv2-data - DISCOVERY_UPDATE_INFO:NO_UPDATE_CHAINED - 2.0.5.0 -> 2.0.5.0 (0 bytes)
01-24 16:50:31.585 19764 21448 V com.futuremark.pcmandroid.ChopsClientImpl: pcma-work-data - DISCOVERY_UPDATE_INFO:NEW - 0 -> 1.1.1007.0 (0 bytes)
01-24 16:50:31.585 19764 21448 V com.futuremark.pcmandroid.ChopsClientImpl: pcma-work-data-dev - DISCOVERY_UPDATE_INFO:UNKNOWN - 0 -> 0 (0 bytes)
01-24 16:50:31.585 19764 21448 V com.futuremark.pcmandroid.ChopsClientImpl: pcma-workv2-data - DISCOVERY_UPDATE_INFO:NO_UPDATE - 2.0.8.0 -> 2.0.8.0 (0 bytes)
01-24 16:50:31.585 19764 21448 V com.futuremark.pcmandroid.ChopsClientImpl: chainedDlcParents:
01-24 16:50:31.585 19764 21448 V com.futuremark.pcmandroid.ChopsClientImpl: {pcma-textediting-data=[pcma-work-data], pcma-webtest-data=[pcma-work-data], pcma-phototest-data=[pcma-work-data], pcma-videotest-data=[pcma-work-data], pcma-texteditingv2-data=[pcma-workv2-data], pcma-webtestv2-data=[pcma-workv2-data], pcma-phototestv2-data=[pcma-workv2-data], pcma-videoediting-data=[pcma-workv2-data], pcma-datamanipulation-data=[pcma-workv2-data]}
01-24 16:50:31.585 19764 21448 I com.futuremark.pcmandroid.c: Firing DISCOVERY_UPDATE_INFO:NEW
01-24 16:50:31.586 19764 21448 I com.futuremark.pcmandroid.c: Firing DISCOVERY_UPDATE_INFO:NO_UPDATE
01-24 16:50:31.588 19764 21448 I com.futuremark.pcmandroid.c: Firing DISCOVERY_UPDATE_INFO:UNKNOWN
01-24 16:50:31.588 19764 21448 I com.futuremark.pcmandroid.c: Firing DISCOVERY_UPDATE_INFO:NEW
01-24 16:50:31.588 19764 21448 I com.futuremark.pcmandroid.c: Firing DISCOVERY_UPDATE_INFO:NO_UPDATE_CHAINED
01-24 16:50:31.589 19764 21448 I com.futuremark.pcmandroid.c: Firing DISCOVERY_UPDATE_INFO:NEW
01-24 16:50:31.590 19764 21448 I com.futuremark.pcmandroid.c: Firing DISCOVERY_UPDATE_INFO:UNKNOWN
01-24 16:50:31.590 19764 21448 I com.futuremark.pcmandroid.c: Firing DISCOVERY_UPDATE_INFO:NEW_CHAINED
01-24 16:50:31.590 19764 21448 I com.futuremark.pcmandroid.c: Firing DISCOVERY_UPDATE_INFO:UNKNOWN
01-24 16:50:31.591 19764 21448 I com.futuremark.pcmandroid.c: Firing DISCOVERY_UPDATE_INFO:NO_UPDATE_CHAINED
01-24 16:50:31.591 19764 21448 I com.futuremark.pcmandroid.c: Firing DISCOVERY_UPDATE_INFO:NEW
01-24 16:50:31.592 19764 21448 I com.futuremark.pcmandroid.c: Firing DISCOVERY_UPDATE_INFO:UNKNOWN
01-24 16:50:31.592 19764 21448 I com.futuremark.pcmandroid.c: Firing DISCOVERY_UPDATE_INFO:NEW_CHAINED
01-24 16:50:31.592 19764 21448 I com.futuremark.pcmandroid.c: Firing DISCOVERY_UPDATE_INFO:UNKNOWN
01-24 16:50:31.593 19764 21448 I com.futuremark.pcmandroid.c: Firing DISCOVERY_UPDATE_INFO:NO_UPDATE_CHAINED
01-24 16:50:31.593 19764 21448 I com.futuremark.pcmandroid.c: Firing DISCOVERY_UPDATE_INFO:NO_UPDATE_CHAINED
01-24 16:50:31.594 19764 21448 I com.futuremark.pcmandroid.c: Firing DISCOVERY_UPDATE_INFO:NEW_CHAINED
01-24 16:50:31.594 19764 21448 I com.futuremark.pcmandroid.c: Firing DISCOVERY_UPDATE_INFO:UNKNOWN
01-24 16:50:31.594 19764 21448 I com.futuremark.pcmandroid.c: Firing DISCOVERY_UPDATE_INFO:NEW_CHAINED
01-24 16:50:31.594 19764 21448 I com.futuremark.pcmandroid.c: Firing DISCOVERY_UPDATE_INFO:UNKNOWN
01-24 16:50:31.595 19764 21448 I com.futuremark.pcmandroid.c: Firing DISCOVERY_UPDATE_INFO:NO_UPDATE_CHAINED
01-24 16:50:31.595 19764 21448 I com.futuremark.pcmandroid.c: Firing DISCOVERY_UPDATE_INFO:NEW
01-24 16:50:31.595 19764 21448 I com.futuremark.pcmandroid.c: Firing DISCOVERY_UPDATE_INFO:UNKNOWN
01-24 16:50:31.595 19764 21448 I com.futuremark.pcmandroid.c: Firing DISCOVERY_UPDATE_INFO:NO_UPDATE
01-24 16:50:31.597 19764 21447 V com.futuremark.pcmandroid.*opsTransitionListeners: Sending event {, pcma-datamanipulation-data:INSTALLED -> INSTALLED_CHAINED, pcma-phototestv2-data:INSTALLED -> INSTALLED_CHAINED, pcma-texteditingv2-data:INSTALLED -> INSTALLED_CHAINED, pcma-videoediting-data:INSTALLED -> INSTALLED_CHAINED, pcma-webtestv2-data:INSTALLED -> INSTALLED_CHAINED} to ChopsStateListeners
01-24 16:50:31.597 19764 21448 I com.futuremark.pcmandroid.c: Firing CHOPS_CLIENT_INTERNAL:IMMEDIATE
01-24 16:50:31.597 19764 19764 I com.futuremark.pcmandroid.JavaScriptBridgeImpl: [startup] call to onModelChange, about to update product state
01-24 16:50:31.597 19764 19764 V com.futuremark.pcmandroid.MethodCallFence: skipping method call, already queued
01-24 16:50:31.598 19764 21447 V com.futuremark.pcmandroid.*opsTransitionListeners: Sending event {DISCOVERY_SUCCESS -> IDLE_DISCOVERY_DONE} to ChopsStateListeners
01-24 16:50:31.598 19764 19764 I com.futuremark.pcmandroid.JavaScriptBridgeImpl: [startup] call to onModelChange, about to update product state
01-24 16:50:31.598 19764 19764 V com.futuremark.pcmandroid.MethodCallFence: skipping method call, already queued
